[INFO] Scanning for projects...
[INFO] 
[INFO] ------------------------< com.avn:mallproject >-------------------------
[INFO] Building mallproject 0.0.1-SNAPSHOT
[INFO]   from pom.xml
[INFO] --------------------------------[ jar ]---------------------------------
[INFO] 
[INFO] --- resources:3.3.1:resources (default-resources) @ mallproject ---
[INFO] Copying 1 resource from src\main\resources to target\classes
[INFO] Copying 0 resource from src\main\resources to target\classes
[INFO] 
[INFO] --- compiler:3.14.1:compile (default-compile) @ mallproject ---
[INFO] Recompiling the module because of changed source code.
[INFO] Compiling 53 source files with javac [debug parameters release 17] to target\classes
[INFO] 
[INFO] --- resources:3.3.1:testResources (default-testResources) @ mallproject ---
[INFO] skip non existing resourceDirectory D:\PROGRAMMING\TNSIF BACKEND\Java Project\MallProject\mallproject\src\test\resources
[INFO] 
[INFO] --- compiler:3.14.1:testCompile (default-testCompile) @ mallproject ---
[INFO] Recompiling the module because of changed dependency.
[INFO] Compiling 3 source files with javac [debug parameters release 17] to target\test-classes
[INFO] 
[INFO] --- surefire:3.5.4:test (default-test) @ mallproject ---
[INFO] Using auto detected provider org.apache.maven.surefire.junitplatform.JUnitPlatformProvider
[INFO] 
[INFO] -------------------------------------------------------
[INFO]  T E S T S
[INFO] -------------------------------------------------------
[INFO] Running com.avn.mallproject.MallprojectApplicationTests
19:06:58.470 [main] INFO org.springframework.test.context.support.AnnotationConfigContextLoaderUtils -- Could not detect default configuration classes for test class [com.avn.mallproject.MallprojectApplicationTests]: MallprojectApplicationTests does not declare any static, non-private, non-final, nested classes annotated with @Configuration.
19:06:58.631 [main] INFO org.springframework.boot.test.context.SpringBootTestContextBootstrapper -- Found @SpringBootConfiguration com.avn.mallproject.MallprojectApplication for test class com.avn.mallproject.MallprojectApplicationTests

  .   ____          _            __ _ _
 /\\ / ___'_ __ _ _(_)_ __  __ _ \ \ \ \
( ( )\___ | '_ | '_| | '_ \/ _` | \ \ \ \
 \\/  ___)| |_)| | | | | || (_| |  ) ) ) )
  '  |____| .__|_| |_|_| |_\__, | / / / /
 =========|_|==============|___/=/_/_/_/

 :: Spring Boot ::                (v4.0.1)

2026-01-18T19:06:59.329+05:30  INFO 29792 --- [           main] c.a.m.MallprojectApplicationTests        : Starting MallprojectApplicationTests using Java 24.0.2 with PID 29792 (started by Mohammed Omer in D:\PROGRAMMING\TNSIF BACKEND\Java Project\MallProject\mallproject)
2026-01-18T19:06:59.332+05:30  INFO 29792 --- [           main] c.a.m.MallprojectApplicationTests        : No active profile set, falling back to 1 default profile: "default"
2026-01-18T19:07:00.337+05:30  INFO 29792 --- [           main] .s.d.r.c.RepositoryConfigurationDelegate : Bootstrapping Spring Data JPA repositories in DEFAULT mode.
2026-01-18T19:07:00.434+05:30  INFO 29792 --- [           main] .s.d.r.c.RepositoryConfigurationDelegate : Finished Spring Data repository scanning in 80 ms. Found 9 JPA repository interfaces.
2026-01-18T19:07:01.145+05:30  INFO 29792 --- [           main] org.hibernate.orm.jpa                    : HHH008540: Processing PersistenceUnitInfo [name: default]
2026-01-18T19:07:01.291+05:30  INFO 29792 --- [           main] org.hibernate.orm.core                   : HHH000001: Hibernate ORM core version 7.2.0.Final
2026-01-18T19:07:02.353+05:30  INFO 29792 --- [           main] o.s.o.j.p.SpringPersistenceUnitInfo      : No LoadTimeWeaver setup: ignoring JPA class transformer
2026-01-18T19:07:02.388+05:30  INFO 29792 --- [           main] com.zaxxer.hikari.HikariDataSource       : HikariPool-1 - Starting...
2026-01-18T19:07:02.668+05:30  INFO 29792 --- [           main] com.zaxxer.hikari.pool.HikariPool        : HikariPool-1 - Added connection org.postgresql.jdbc.PgConnection@78e50fca
2026-01-18T19:07:02.670+05:30  INFO 29792 --- [           main] com.zaxxer.hikari.HikariDataSource       : HikariPool-1 - Start completed.
2026-01-18T19:07:02.765+05:30  WARN 29792 --- [           main] org.hibernate.orm.deprecation            : HHH90000025: PostgreSQLDialect does not need to be specified explicitly using 'hibernate.dialect' (remove the property setting and it will be selected by default)
2026-01-18T19:07:02.810+05:30  INFO 29792 --- [           main] org.hibernate.orm.connections.pooling    : HHH10001005: Database info:
	Database JDBC URL [jdbc:postgresql://localhost:5432/mall_project]
	Database driver: PostgreSQL JDBC Driver
	Database dialect: PostgreSQLDialect
	Database version: 17.7
	Default catalog/schema: mall_project/public
	Autocommit mode: undefined/unknown
	Isolation level: READ_COMMITTED [default READ_COMMITTED]
	JDBC fetch size: none
	Pool: DataSourceConnectionProvider
	Minimum pool size: undefined/unknown
	Maximum pool size: undefined/unknown
2026-01-18T19:07:04.132+05:30  INFO 29792 --- [           main] org.hibernate.orm.core                   : HHH000489: No JTA platform available (set 'hibernate.transaction.jta.platform' to enable JTA platform integration)
2026-01-18T19:07:04.155+05:30 DEBUG 29792 --- [           main] org.hibernate.SQL                        : 
    set client_min_messages = WARNING
Hibernate: 
    set client_min_messages = WARNING
2026-01-18T19:07:04.156+05:30 DEBUG 29792 --- [           main] org.hibernate.SQL                        : 
    alter table if exists customer 
       drop constraint if exists FKra1cb3fu95r1a0m7aksow0nk4
Hibernate: 
    alter table if exists customer 
       drop constraint if exists FKra1cb3fu95r1a0m7aksow0nk4
2026-01-18T19:07:04.169+05:30 DEBUG 29792 --- [           main] org.hibernate.SQL                        : 
    alter table if exists employees 
       drop constraint if exists FKn7lku4gyljo6npxsthjvsw3t
Hibernate: 
    alter table if exists employees 
       drop constraint if exists FKn7lku4gyljo6npxsthjvsw3t
2026-01-18T19:07:04.171+05:30 DEBUG 29792 --- [           main] org.hibernate.SQL                        : 
    alter table if exists employees 
       drop constraint if exists FK9i5slweeo7a34fsqj6jeiyr1k
Hibernate: 
    alter table if exists employees 
       drop constraint if exists FK9i5slweeo7a34fsqj6jeiyr1k
2026-01-18T19:07:04.172+05:30 DEBUG 29792 --- [           main] org.hibernate.SQL                        : 
    alter table if exists item 
       drop constraint if exists FKsi6jjx7opthqlamx4q0kvfewf
Hibernate: 
    alter table if exists item 
       drop constraint if exists FKsi6jjx7opthqlamx4q0kvfewf
2026-01-18T19:07:04.173+05:30 DEBUG 29792 --- [           main] org.hibernate.SQL                        : 
    alter table if exists item 
       drop constraint if exists FKso5mqbn1h85iop14ahckkwahh
Hibernate: 
    alter table if exists item 
       drop constraint if exists FKso5mqbn1h85iop14ahckkwahh
2026-01-18T19:07:04.175+05:30 DEBUG 29792 --- [           main] org.hibernate.SQL                        : 
    alter table if exists mall_admin 
       drop constraint if exists FKodw3uxfw3nktol2p8sa772cw7
Hibernate: 
    alter table if exists mall_admin 
       drop constraint if exists FKodw3uxfw3nktol2p8sa772cw7
2026-01-18T19:07:04.175+05:30 DEBUG 29792 --- [           main] org.hibernate.SQL                        : 
    alter table if exists mall_admin 
       drop constraint if exists FKht5mn43ktvjyq6bnvl23ikwt6
Hibernate: 
    alter table if exists mall_admin 
       drop constraint if exists FKht5mn43ktvjyq6bnvl23ikwt6
2026-01-18T19:07:04.177+05:30 DEBUG 29792 --- [           main] org.hibernate.SQL                        : 
    alter table if exists order_details 
       drop constraint if exists FK3x5l78p8fkdgbqgt1ta6ro5lm
Hibernate: 
    alter table if exists order_details 
       drop constraint if exists FK3x5l78p8fkdgbqgt1ta6ro5lm
2026-01-18T19:07:04.177+05:30 DEBUG 29792 --- [           main] org.hibernate.SQL                        : 
    alter table if exists order_details 
       drop constraint if exists FK7309n0aq8jsih9dwlts1051ns
Hibernate: 
    alter table if exists order_details 
       drop constraint if exists FK7309n0aq8jsih9dwlts1051ns
2026-01-18T19:07:04.178+05:30 DEBUG 29792 --- [           main] org.hibernate.SQL                        : 
    alter table if exists shop 
       drop constraint if exists FKnxc28ixcmrkcankatqbt3i9w5
Hibernate: 
    alter table if exists shop 
       drop constraint if exists FKnxc28ixcmrkcankatqbt3i9w5
2026-01-18T19:07:04.178+05:30 DEBUG 29792 --- [           main] org.hibernate.SQL                        : 
    alter table if exists shop_owner 
       drop constraint if exists FKigs190r77wh3ob0c5ti39y48m
Hibernate: 
    alter table if exists shop_owner 
       drop constraint if exists FKigs190r77wh3ob0c5ti39y48m
2026-01-18T19:07:04.179+05:30 DEBUG 29792 --- [           main] org.hibernate.SQL                        : 
    alter table if exists shop_owner 
       drop constraint if exists FKlc5kx3f1t96mh1pkraoa3lr5p
Hibernate: 
    alter table if exists shop_owner 
       drop constraint if exists FKlc5kx3f1t96mh1pkraoa3lr5p
2026-01-18T19:07:04.179+05:30 DEBUG 29792 --- [           main] org.hibernate.SQL                        : 
    drop table if exists customer cascade
Hibernate: 
    drop table if exists customer cascade
2026-01-18T19:07:04.190+05:30 DEBUG 29792 --- [           main] org.hibernate.SQL                        : 
    drop table if exists employees cascade
Hibernate: 
    drop table if exists employees cascade
2026-01-18T19:07:04.197+05:30 DEBUG 29792 --- [           main] org.hibernate.SQL                        : 
    drop table if exists item cascade
Hibernate: 
    drop table if exists item cascade
2026-01-18T19:07:04.200+05:30 DEBUG 29792 --- [           main] org.hibernate.SQL                        : 
    drop table if exists mall cascade
Hibernate: 
    drop table if exists mall cascade
2026-01-18T19:07:04.203+05:30 DEBUG 29792 --- [           main] org.hibernate.SQL                        : 
    drop table if exists mall_admin cascade
Hibernate: 
    drop table if exists mall_admin cascade
2026-01-18T19:07:04.207+05:30 DEBUG 29792 --- [           main] org.hibernate.SQL                        : 
    drop table if exists order_details cascade
Hibernate: 
    drop table if exists order_details cascade
2026-01-18T19:07:04.214+05:30 DEBUG 29792 --- [           main] org.hibernate.SQL                        : 
    drop table if exists shop cascade
Hibernate: 
    drop table if exists shop cascade
2026-01-18T19:07:04.218+05:30 DEBUG 29792 --- [           main] org.hibernate.SQL                        : 
    drop table if exists shop_owner cascade
Hibernate: 
    drop table if exists shop_owner cascade
2026-01-18T19:07:04.221+05:30 DEBUG 29792 --- [           main] org.hibernate.SQL                        : 
    drop table if exists users cascade
Hibernate: 
    drop table if exists users cascade
2026-01-18T19:07:04.232+05:30 DEBUG 29792 --- [           main] org.hibernate.SQL                        : 
    create table customer (
        customer_id bigint generated by default as identity,
        user_id bigint unique,
        customer_name varchar(255),
        email varchar(255),
        phone_number varchar(255),
        primary key (customer_id)
    )
Hibernate: 
    create table customer (
        customer_id bigint generated by default as identity,
        user_id bigint unique,
        customer_name varchar(255),
        email varchar(255),
        phone_number varchar(255),
        primary key (customer_id)
    )
2026-01-18T19:07:04.254+05:30 DEBUG 29792 --- [           main] org.hibernate.SQL                        : 
    create table employees (
        salary float(53) not null,
        id bigint generated by default as identity,
        mall_id bigint,
        shop_id bigint,
        designation varchar(255),
        name varchar(255),
        primary key (id)
    )
Hibernate: 
    create table employees (
        salary float(53) not null,
        id bigint generated by default as identity,
        mall_id bigint,
        shop_id bigint,
        designation varchar(255),
        name varchar(255),
        primary key (id)
    )
2026-01-18T19:07:04.265+05:30 DEBUG 29792 --- [           main] org.hibernate.SQL                        : 
    create table item (
        price float(53) not null,
        quantity integer not null,
        item_id bigint generated by default as identity,
        order_id bigint,
        shop_id bigint,
        item_name varchar(255),
        primary key (item_id)
    )
Hibernate: 
    create table item (
        price float(53) not null,
        quantity integer not null,
        item_id bigint generated by default as identity,
        order_id bigint,
        shop_id bigint,
        item_name varchar(255),
        primary key (item_id)
    )
2026-01-18T19:07:04.270+05:30 DEBUG 29792 --- [           main] org.hibernate.SQL                        : 
    create table mall (
        mall_id bigint generated by default as identity,
        contact_number varchar(255),
        location varchar(255),
        mall_name varchar(255),
        primary key (mall_id)
    )
Hibernate: 
    create table mall (
        mall_id bigint generated by default as identity,
        contact_number varchar(255),
        location varchar(255),
        mall_name varchar(255),
        primary key (mall_id)
    )
2026-01-18T19:07:04.278+05:30 DEBUG 29792 --- [           main] org.hibernate.SQL                        : 
    create table mall_admin (
        admin_id bigint generated by default as identity,
        mall_id bigint unique,
        user_id bigint unique,
        admin_name varchar(255),
        email varchar(255),
        primary key (admin_id)
    )
Hibernate: 
    create table mall_admin (
        admin_id bigint generated by default as identity,
        mall_id bigint unique,
        user_id bigint unique,
        admin_name varchar(255),
        email varchar(255),
        primary key (admin_id)
    )
2026-01-18T19:07:04.285+05:30 DEBUG 29792 --- [           main] org.hibernate.SQL                        : 
    create table order_details (
        total_amount float(53) not null,
        customer_id bigint,
        order_id bigint generated by default as identity,
        shop_id bigint,
        order_status varchar(255),
        payment_mode varchar(255),
        primary key (order_id)
    )
Hibernate: 
    create table order_details (
        total_amount float(53) not null,
        customer_id bigint,
        order_id bigint generated by default as identity,
        shop_id bigint,
        order_status varchar(255),
        payment_mode varchar(255),
        primary key (order_id)
    )
2026-01-18T19:07:04.292+05:30 DEBUG 29792 --- [           main] org.hibernate.SQL                        : 
    create table shop (
        mall_id bigint,
        shop_id bigint generated by default as identity,
        shop_name varchar(255),
        shop_type varchar(255),
        status varchar(255),
        primary key (shop_id)
    )
Hibernate: 
    create table shop (
        mall_id bigint,
        shop_id bigint generated by default as identity,
        shop_name varchar(255),
        shop_type varchar(255),
        status varchar(255),
        primary key (shop_id)
    )
2026-01-18T19:07:04.301+05:30 DEBUG 29792 --- [           main] org.hibernate.SQL                        : 
    create table shop_owner (
        owner_id bigint generated by default as identity,
        shop_id bigint unique,
        user_id bigint unique,
        contact_number varchar(255),
        owner_name varchar(255),
        primary key (owner_id)
    )
Hibernate: 
    create table shop_owner (
        owner_id bigint generated by default as identity,
        shop_id bigint unique,
        user_id bigint unique,
        contact_number varchar(255),
        owner_name varchar(255),
        primary key (owner_id)
    )
2026-01-18T19:07:04.310+05:30 DEBUG 29792 --- [           main] org.hibernate.SQL                        : 
    create table users (
        user_id bigint generated by default as identity,
        password varchar(255),
        role varchar(255),
        username varchar(255),
        primary key (user_id)
    )
Hibernate: 
    create table users (
        user_id bigint generated by default as identity,
        password varchar(255),
        role varchar(255),
        username varchar(255),
        primary key (user_id)
    )
2026-01-18T19:07:04.317+05:30 DEBUG 29792 --- [           main] org.hibernate.SQL                        : 
    alter table if exists customer 
       add constraint FKra1cb3fu95r1a0m7aksow0nk4 
       foreign key (user_id) 
       references users
Hibernate: 
    alter table if exists customer 
       add constraint FKra1cb3fu95r1a0m7aksow0nk4 
       foreign key (user_id) 
       references users
2026-01-18T19:07:04.321+05:30 DEBUG 29792 --- [           main] org.hibernate.SQL                        : 
    alter table if exists employees 
       add constraint FKn7lku4gyljo6npxsthjvsw3t 
       foreign key (mall_id) 
       references mall
Hibernate: 
    alter table if exists employees 
       add constraint FKn7lku4gyljo6npxsthjvsw3t 
       foreign key (mall_id) 
       references mall
2026-01-18T19:07:04.324+05:30 DEBUG 29792 --- [           main] org.hibernate.SQL                        : 
    alter table if exists employees 
       add constraint FK9i5slweeo7a34fsqj6jeiyr1k 
       foreign key (shop_id) 
       references shop
Hibernate: 
    alter table if exists employees 
       add constraint FK9i5slweeo7a34fsqj6jeiyr1k 
       foreign key (shop_id) 
       references shop
2026-01-18T19:07:04.326+05:30 DEBUG 29792 --- [           main] org.hibernate.SQL                        : 
    alter table if exists item 
       add constraint FKsi6jjx7opthqlamx4q0kvfewf 
       foreign key (order_id) 
       references order_details
Hibernate: 
    alter table if exists item 
       add constraint FKsi6jjx7opthqlamx4q0kvfewf 
       foreign key (order_id) 
       references order_details
2026-01-18T19:07:04.328+05:30 DEBUG 29792 --- [           main] org.hibernate.SQL                        : 
    alter table if exists item 
       add constraint FKso5mqbn1h85iop14ahckkwahh 
       foreign key (shop_id) 
       references shop
Hibernate: 
    alter table if exists item 
       add constraint FKso5mqbn1h85iop14ahckkwahh 
       foreign key (shop_id) 
       references shop
2026-01-18T19:07:04.331+05:30 DEBUG 29792 --- [           main] org.hibernate.SQL                        : 
    alter table if exists mall_admin 
       add constraint FKodw3uxfw3nktol2p8sa772cw7 
       foreign key (mall_id) 
       references mall
Hibernate: 
    alter table if exists mall_admin 
       add constraint FKodw3uxfw3nktol2p8sa772cw7 
       foreign key (mall_id) 
       references mall
2026-01-18T19:07:04.332+05:30 DEBUG 29792 --- [           main] org.hibernate.SQL                        : 
    alter table if exists mall_admin 
       add constraint FKht5mn43ktvjyq6bnvl23ikwt6 
       foreign key (user_id) 
       references users
Hibernate: 
    alter table if exists mall_admin 
       add constraint FKht5mn43ktvjyq6bnvl23ikwt6 
       foreign key (user_id) 
       references users
2026-01-18T19:07:04.335+05:30 DEBUG 29792 --- [           main] org.hibernate.SQL                        : 
    alter table if exists order_details 
       add constraint FK3x5l78p8fkdgbqgt1ta6ro5lm 
       foreign key (customer_id) 
       references customer
Hibernate: 
    alter table if exists order_details 
       add constraint FK3x5l78p8fkdgbqgt1ta6ro5lm 
       foreign key (customer_id) 
       references customer
2026-01-18T19:07:04.335+05:30 DEBUG 29792 --- [           main] org.hibernate.SQL                        : 
    alter table if exists order_details 
       add constraint FK7309n0aq8jsih9dwlts1051ns 
       foreign key (shop_id) 
       references shop
Hibernate: 
    alter table if exists order_details 
       add constraint FK7309n0aq8jsih9dwlts1051ns 
       foreign key (shop_id) 
       references shop
2026-01-18T19:07:04.338+05:30 DEBUG 29792 --- [           main] org.hibernate.SQL                        : 
    alter table if exists shop 
       add constraint FKnxc28ixcmrkcankatqbt3i9w5 
       foreign key (mall_id) 
       references mall
Hibernate: 
    alter table if exists shop 
       add constraint FKnxc28ixcmrkcankatqbt3i9w5 
       foreign key (mall_id) 
       references mall
2026-01-18T19:07:04.340+05:30 DEBUG 29792 --- [           main] org.hibernate.SQL                        : 
    alter table if exists shop_owner 
       add constraint FKigs190r77wh3ob0c5ti39y48m 
       foreign key (shop_id) 
       references shop
Hibernate: 
    alter table if exists shop_owner 
       add constraint FKigs190r77wh3ob0c5ti39y48m 
       foreign key (shop_id) 
       references shop
2026-01-18T19:07:04.343+05:30 DEBUG 29792 --- [           main] org.hibernate.SQL                        : 
    alter table if exists shop_owner 
       add constraint FKlc5kx3f1t96mh1pkraoa3lr5p 
       foreign key (user_id) 
       references users
Hibernate: 
    alter table if exists shop_owner 
       add constraint FKlc5kx3f1t96mh1pkraoa3lr5p 
       foreign key (user_id) 
       references users
2026-01-18T19:07:04.345+05:30  INFO 29792 --- [           main] j.LocalContainerEntityManagerFactoryBean : Initialized JPA EntityManagerFactory for persistence unit 'default'
2026-01-18T19:07:04.560+05:30  INFO 29792 --- [           main] o.s.d.j.r.query.QueryEnhancerFactories   : Hibernate is in classpath; If applicable, HQL parser will be used.
2026-01-18T19:07:05.144+05:30  WARN 29792 --- [           main] JpaBaseConfiguration$JpaWebConfiguration : spring.jpa.open-in-view is enabled by default. Therefore, database queries may be performed during view rendering. Explicitly configure spring.jpa.open-in-view to disable this warning
2026-01-18T19:07:05.798+05:30  INFO 29792 --- [           main] c.a.m.MallprojectApplicationTests        : Started MallprojectApplicationTests in 6.847 seconds (process running for 8.64)
Mockito is currently self-attaching to enable the inline-mock-maker. This will no longer work in future releases of the JDK. Please add Mockito as an agent to your build as described in Mockito's documentation: https://javadoc.io/doc/org.mockito/mockito-core/latest/org.mockito/org/mockito/Mockito.html#0.3
Java HotSpot(TM) 64-Bit Server VM warning: Sharing is only supported for boot loader classes because bootstrap classpath has been appended
WARNING: A Java agent has been loaded dynamically (C:\Users\Mohammed Omer\.m2\repository\net\bytebuddy\byte-buddy-agent\1.17.8\byte-buddy-agent-1.17.8.jar)
WARNING: If a serviceability tool is in use, please run with -XX:+EnableDynamicAgentLoading to hide this warning
WARNING: If a serviceability tool is not in use, please run with -Djdk.instrument.traceUsage for more information
WARNING: Dynamic loading of agents will be disallowed by default in a future release
2026-01-18T19:07:06.189+05:30  INFO 29792 --- [           main] o.s.b.t.m.w.SpringBootMockServletContext : Initializing Spring TestDispatcherServlet ''
2026-01-18T19:07:06.189+05:30  INFO 29792 --- [           main] o.s.t.web.servlet.TestDispatcherServlet  : Initializing Servlet ''
2026-01-18T19:07:06.190+05:30  INFO 29792 --- [           main] o.s.t.web.servlet.TestDispatcherServlet  : Completed initialization in 1 ms
2026-01-18T19:07:06.208+05:30  INFO 29792 --- [           main] o.s.b.t.m.w.SpringBootMockServletContext : Initializing Spring TestDispatcherServlet ''
2026-01-18T19:07:06.209+05:30  INFO 29792 --- [           main] o.s.t.web.servlet.TestDispatcherServlet  : Initializing Servlet ''
2026-01-18T19:07:06.211+05:30  INFO 29792 --- [           main] o.s.t.web.servlet.TestDispatcherServlet  : Completed initialization in 1 ms
2026-01-18T19:07:06.406+05:30 DEBUG 29792 --- [           main] org.hibernate.SQL                        : 
    insert 
    into
        mall
        (contact_number, location, mall_name) 
    values
        (?, ?, ?)
Hibernate: 
    insert 
    into
        mall
        (contact_number, location, mall_name) 
    values
        (?, ?, ?)
2026-01-18T19:07:06.544+05:30  INFO 29792 --- [           main] o.s.b.t.m.w.SpringBootMockServletContext : Initializing Spring TestDispatcherServlet ''
2026-01-18T19:07:06.544+05:30  INFO 29792 --- [           main] o.s.t.web.servlet.TestDispatcherServlet  : Initializing Servlet ''
2026-01-18T19:07:06.545+05:30  INFO 29792 --- [           main] o.s.t.web.servlet.TestDispatcherServlet  : Completed initialization in 1 ms
2026-01-18T19:07:06.563+05:30 DEBUG 29792 --- [           main] org.hibernate.SQL                        : 
    select
        m1_0.mall_id,
        m1_0.contact_number,
        m1_0.location,
        ma1_0.admin_id,
        ma1_0.admin_name,
        ma1_0.email,
        u1_0.user_id,
        c1_0.customer_id,
        c1_0.customer_name,
        c1_0.email,
        c1_0.phone_number,
        u1_0.password,
        u1_0.role,
        so1_0.owner_id,
        so1_0.contact_number,
        so1_0.owner_name,
        s1_0.shop_id,
        m2_0.mall_id,
        m2_0.contact_number,
        m2_0.location,
        m2_0.mall_name,
        s1_0.shop_name,
        s1_0.shop_type,
        s1_0.status,
        u1_0.username,
        m1_0.mall_name 
    from
        mall m1_0 
    left join
        mall_admin ma1_0 
            on m1_0.mall_id=ma1_0.mall_id 
    left join
        users u1_0 
            on u1_0.user_id=ma1_0.user_id 
    left join
        customer c1_0 
            on u1_0.user_id=c1_0.user_id 
    left join
        shop_owner so1_0 
            on u1_0.user_id=so1_0.user_id 
    left join
        shop s1_0 
            on s1_0.shop_id=so1_0.shop_id 
    left join
        mall m2_0 
            on m2_0.mall_id=s1_0.mall_id 
    where
        m1_0.mall_id=?
Hibernate: 
    select
        m1_0.mall_id,
        m1_0.contact_number,
        m1_0.location,
        ma1_0.admin_id,
        ma1_0.admin_name,
        ma1_0.email,
        u1_0.user_id,
        c1_0.customer_id,
        c1_0.customer_name,
        c1_0.email,
        c1_0.phone_number,
        u1_0.password,
        u1_0.role,
        so1_0.owner_id,
        so1_0.contact_number,
        so1_0.owner_name,
        s1_0.shop_id,
        m2_0.mall_id,
        m2_0.contact_number,
        m2_0.location,
        m2_0.mall_name,
        s1_0.shop_name,
        s1_0.shop_type,
        s1_0.status,
        u1_0.username,
        m1_0.mall_name 
    from
        mall m1_0 
    left join
        mall_admin ma1_0 
            on m1_0.mall_id=ma1_0.mall_id 
    left join
        users u1_0 
            on u1_0.user_id=ma1_0.user_id 
    left join
        customer c1_0 
            on u1_0.user_id=c1_0.user_id 
    left join
        shop_owner so1_0 
            on u1_0.user_id=so1_0.user_id 
    left join
        shop s1_0 
            on s1_0.shop_id=so1_0.shop_id 
    left join
        mall m2_0 
            on m2_0.mall_id=s1_0.mall_id 
    where
        m1_0.mall_id=?
2026-01-18T19:07:06.629+05:30 DEBUG 29792 --- [           main] org.hibernate.SQL                        : 
    select
        e1_0.mall_id,
        e1_0.id,
        e1_0.designation,
        e1_0.name,
        e1_0.salary,
        s1_0.shop_id,
        m2_0.mall_id,
        m2_0.contact_number,
        m2_0.location,
        ma1_0.admin_id,
        ma1_0.admin_name,
        ma1_0.email,
        u1_0.user_id,
        c1_0.customer_id,
        c1_0.customer_name,
        c1_0.email,
        c1_0.phone_number,
        u1_0.password,
        u1_0.role,
        so1_0.owner_id,
        so1_0.contact_number,
        so1_0.owner_name,
        s2_0.shop_id,
        s2_0.mall_id,
        s2_0.shop_name,
        s2_0.shop_type,
        s2_0.status,
        u1_0.username,
        m2_0.mall_name,
        s1_0.shop_name,
        so2_0.owner_id,
        so2_0.contact_number,
        so2_0.owner_name,
        u2_0.user_id,
        c2_0.customer_id,
        c2_0.customer_name,
        c2_0.email,
        c2_0.phone_number,
        ma2_0.admin_id,
        ma2_0.admin_name,
        ma2_0.email,
        m4_0.mall_id,
        m4_0.contact_number,
        m4_0.location,
        m4_0.mall_name,
        u2_0.password,
        u2_0.role,
        u2_0.username,
        s1_0.shop_type,
        s1_0.status 
    from
        employees e1_0 
    left join
        shop s1_0 
            on s1_0.shop_id=e1_0.shop_id 
    left join
        mall m2_0 
            on m2_0.mall_id=s1_0.mall_id 
    left join
        mall_admin ma1_0 
            on m2_0.mall_id=ma1_0.mall_id 
    left join
        users u1_0 
            on u1_0.user_id=ma1_0.user_id 
    left join
        customer c1_0 
            on u1_0.user_id=c1_0.user_id 
    left join
        shop_owner so1_0 
            on u1_0.user_id=so1_0.user_id 
    left join
        shop s2_0 
            on s2_0.shop_id=so1_0.shop_id 
    left join
        shop_owner so2_0 
            on s1_0.shop_id=so2_0.shop_id 
    left join
        users u2_0 
            on u2_0.user_id=so2_0.user_id 
    left join
        customer c2_0 
            on u2_0.user_id=c2_0.user_id 
    left join
        mall_admin ma2_0 
            on u2_0.user_id=ma2_0.user_id 
    left join
        mall m4_0 
            on m4_0.mall_id=ma2_0.mall_id 
    where
        e1_0.mall_id=?
Hibernate: 
    select
        e1_0.mall_id,
        e1_0.id,
        e1_0.designation,
        e1_0.name,
        e1_0.salary,
        s1_0.shop_id,
        m2_0.mall_id,
        m2_0.contact_number,
        m2_0.location,
        ma1_0.admin_id,
        ma1_0.admin_name,
        ma1_0.email,
        u1_0.user_id,
        c1_0.customer_id,
        c1_0.customer_name,
        c1_0.email,
        c1_0.phone_number,
        u1_0.password,
        u1_0.role,
        so1_0.owner_id,
        so1_0.contact_number,
        so1_0.owner_name,
        s2_0.shop_id,
        s2_0.mall_id,
        s2_0.shop_name,
        s2_0.shop_type,
        s2_0.status,
        u1_0.username,
        m2_0.mall_name,
        s1_0.shop_name,
        so2_0.owner_id,
        so2_0.contact_number,
        so2_0.owner_name,
        u2_0.user_id,
        c2_0.customer_id,
        c2_0.customer_name,
        c2_0.email,
        c2_0.phone_number,
        ma2_0.admin_id,
        ma2_0.admin_name,
        ma2_0.email,
        m4_0.mall_id,
        m4_0.contact_number,
        m4_0.location,
        m4_0.mall_name,
        u2_0.password,
        u2_0.role,
        u2_0.username,
        s1_0.shop_type,
        s1_0.status 
    from
        employees e1_0 
    left join
        shop s1_0 
            on s1_0.shop_id=e1_0.shop_id 
    left join
        mall m2_0 
            on m2_0.mall_id=s1_0.mall_id 
    left join
        mall_admin ma1_0 
            on m2_0.mall_id=ma1_0.mall_id 
    left join
        users u1_0 
            on u1_0.user_id=ma1_0.user_id 
    left join
        customer c1_0 
            on u1_0.user_id=c1_0.user_id 
    left join
        shop_owner so1_0 
            on u1_0.user_id=so1_0.user_id 
    left join
        shop s2_0 
            on s2_0.shop_id=so1_0.shop_id 
    left join
        shop_owner so2_0 
            on s1_0.shop_id=so2_0.shop_id 
    left join
        users u2_0 
            on u2_0.user_id=so2_0.user_id 
    left join
        customer c2_0 
            on u2_0.user_id=c2_0.user_id 
    left join
        mall_admin ma2_0 
            on u2_0.user_id=ma2_0.user_id 
    left join
        mall m4_0 
            on m4_0.mall_id=ma2_0.mall_id 
    where
        e1_0.mall_id=?
2026-01-18T19:07:06.641+05:30 DEBUG 29792 --- [           main] org.hibernate.SQL                        : 
    select
        s1_0.mall_id,
        s1_0.shop_id,
        s1_0.shop_name,
        so1_0.owner_id,
        so1_0.contact_number,
        so1_0.owner_name,
        u1_0.user_id,
        c1_0.customer_id,
        c1_0.customer_name,
        c1_0.email,
        c1_0.phone_number,
        ma1_0.admin_id,
        ma1_0.admin_name,
        ma1_0.email,
        m2_0.mall_id,
        m2_0.contact_number,
        m2_0.location,
        m2_0.mall_name,
        u1_0.password,
        u1_0.role,
        u1_0.username,
        s1_0.shop_type,
        s1_0.status 
    from
        shop s1_0 
    left join
        shop_owner so1_0 
            on s1_0.shop_id=so1_0.shop_id 
    left join
        users u1_0 
            on u1_0.user_id=so1_0.user_id 
    left join
        customer c1_0 
            on u1_0.user_id=c1_0.user_id 
    left join
        mall_admin ma1_0 
            on u1_0.user_id=ma1_0.user_id 
    left join
        mall m2_0 
            on m2_0.mall_id=ma1_0.mall_id 
    where
        s1_0.mall_id=?
Hibernate: 
    select
        s1_0.mall_id,
        s1_0.shop_id,
        s1_0.shop_name,
        so1_0.owner_id,
        so1_0.contact_number,
        so1_0.owner_name,
        u1_0.user_id,
        c1_0.customer_id,
        c1_0.customer_name,
        c1_0.email,
        c1_0.phone_number,
        ma1_0.admin_id,
        ma1_0.admin_name,
        ma1_0.email,
        m2_0.mall_id,
        m2_0.contact_number,
        m2_0.location,
        m2_0.mall_name,
        u1_0.password,
        u1_0.role,
        u1_0.username,
        s1_0.shop_type,
        s1_0.status 
    from
        shop s1_0 
    left join
        shop_owner so1_0 
            on s1_0.shop_id=so1_0.shop_id 
    left join
        users u1_0 
            on u1_0.user_id=so1_0.user_id 
    left join
        customer c1_0 
            on u1_0.user_id=c1_0.user_id 
    left join
        mall_admin ma1_0 
            on u1_0.user_id=ma1_0.user_id 
    left join
        mall m2_0 
            on m2_0.mall_id=ma1_0.mall_id 
    where
        s1_0.mall_id=?
2026-01-18T19:07:06.651+05:30  INFO 29792 --- [           main] o.s.b.t.m.w.SpringBootMockServletContext : Initializing Spring TestDispatcherServlet ''
2026-01-18T19:07:06.651+05:30  INFO 29792 --- [           main] o.s.t.web.servlet.TestDispatcherServlet  : Initializing Servlet ''
2026-01-18T19:07:06.652+05:30  INFO 29792 --- [           main] o.s.t.web.servlet.TestDispatcherServlet  : Completed initialization in 1 ms
2026-01-18T19:07:06.782+05:30 DEBUG 29792 --- [           main] org.hibernate.SQL                        : 
    select
        m1_0.mall_id,
        m1_0.contact_number,
        m1_0.location,
        m1_0.mall_name 
    from
        mall m1_0
Hibernate: 
    select
        m1_0.mall_id,
        m1_0.contact_number,
        m1_0.location,
        m1_0.mall_name 
    from
        mall m1_0
2026-01-18T19:07:06.788+05:30 DEBUG 29792 --- [           main] org.hibernate.SQL                        : 
    select
        ma1_0.admin_id,
        ma1_0.admin_name,
        ma1_0.email,
        m1_0.mall_id,
        m1_0.contact_number,
        m1_0.location,
        m1_0.mall_name,
        u1_0.user_id,
        c1_0.customer_id,
        c1_0.customer_name,
        c1_0.email,
        c1_0.phone_number,
        u1_0.password,
        u1_0.role,
        so1_0.owner_id,
        so1_0.contact_number,
        so1_0.owner_name,
        s1_0.shop_id,
        m2_0.mall_id,
        m2_0.contact_number,
        m2_0.location,
        ma2_0.admin_id,
        ma2_0.admin_name,
        ma2_0.email,
        ma2_0.user_id,
        m2_0.mall_name,
        s1_0.shop_name,
        s1_0.shop_type,
        s1_0.status,
        u1_0.username 
    from
        mall_admin ma1_0 
    left join
        mall m1_0 
            on m1_0.mall_id=ma1_0.mall_id 
    left join
        users u1_0 
            on u1_0.user_id=ma1_0.user_id 
    left join
        customer c1_0 
            on u1_0.user_id=c1_0.user_id 
    left join
        shop_owner so1_0 
            on u1_0.user_id=so1_0.user_id 
    left join
        shop s1_0 
            on s1_0.shop_id=so1_0.shop_id 
    left join
        mall m2_0 
            on m2_0.mall_id=s1_0.mall_id 
    left join
        mall_admin ma2_0 
            on m2_0.mall_id=ma2_0.mall_id 
    where
        ma1_0.mall_id=?
Hibernate: 
    select
        ma1_0.admin_id,
        ma1_0.admin_name,
        ma1_0.email,
        m1_0.mall_id,
        m1_0.contact_number,
        m1_0.location,
        m1_0.mall_name,
        u1_0.user_id,
        c1_0.customer_id,
        c1_0.customer_name,
        c1_0.email,
        c1_0.phone_number,
        u1_0.password,
        u1_0.role,
        so1_0.owner_id,
        so1_0.contact_number,
        so1_0.owner_name,
        s1_0.shop_id,
        m2_0.mall_id,
        m2_0.contact_number,
        m2_0.location,
        ma2_0.admin_id,
        ma2_0.admin_name,
        ma2_0.email,
        ma2_0.user_id,
        m2_0.mall_name,
        s1_0.shop_name,
        s1_0.shop_type,
        s1_0.status,
        u1_0.username 
    from
        mall_admin ma1_0 
    left join
        mall m1_0 
            on m1_0.mall_id=ma1_0.mall_id 
    left join
        users u1_0 
            on u1_0.user_id=ma1_0.user_id 
    left join
        customer c1_0 
            on u1_0.user_id=c1_0.user_id 
    left join
        shop_owner so1_0 
            on u1_0.user_id=so1_0.user_id 
    left join
        shop s1_0 
            on s1_0.shop_id=so1_0.shop_id 
    left join
        mall m2_0 
            on m2_0.mall_id=s1_0.mall_id 
    left join
        mall_admin ma2_0 
            on m2_0.mall_id=ma2_0.mall_id 
    where
        ma1_0.mall_id=?
2026-01-18T19:07:06.799+05:30 DEBUG 29792 --- [           main] org.hibernate.SQL                        : 
    select
        e1_0.mall_id,
        e1_0.id,
        e1_0.designation,
        e1_0.name,
        e1_0.salary,
        s1_0.shop_id,
        m2_0.mall_id,
        m2_0.contact_number,
        m2_0.location,
        ma1_0.admin_id,
        ma1_0.admin_name,
        ma1_0.email,
        u1_0.user_id,
        c1_0.customer_id,
        c1_0.customer_name,
        c1_0.email,
        c1_0.phone_number,
        u1_0.password,
        u1_0.role,
        so1_0.owner_id,
        so1_0.contact_number,
        so1_0.owner_name,
        s2_0.shop_id,
        s2_0.mall_id,
        s2_0.shop_name,
        s2_0.shop_type,
        s2_0.status,
        u1_0.username,
        m2_0.mall_name,
        s1_0.shop_name,
        so2_0.owner_id,
        so2_0.contact_number,
        so2_0.owner_name,
        u2_0.user_id,
        c2_0.customer_id,
        c2_0.customer_name,
        c2_0.email,
        c2_0.phone_number,
        ma2_0.admin_id,
        ma2_0.admin_name,
        ma2_0.email,
        m4_0.mall_id,
        m4_0.contact_number,
        m4_0.location,
        m4_0.mall_name,
        u2_0.password,
        u2_0.role,
        u2_0.username,
        s1_0.shop_type,
        s1_0.status 
    from
        employees e1_0 
    left join
        shop s1_0 
            on s1_0.shop_id=e1_0.shop_id 
    left join
        mall m2_0 
            on m2_0.mall_id=s1_0.mall_id 
    left join
        mall_admin ma1_0 
            on m2_0.mall_id=ma1_0.mall_id 
    left join
        users u1_0 
            on u1_0.user_id=ma1_0.user_id 
    left join
        customer c1_0 
            on u1_0.user_id=c1_0.user_id 
    left join
        shop_owner so1_0 
            on u1_0.user_id=so1_0.user_id 
    left join
        shop s2_0 
            on s2_0.shop_id=so1_0.shop_id 
    left join
        shop_owner so2_0 
            on s1_0.shop_id=so2_0.shop_id 
    left join
        users u2_0 
            on u2_0.user_id=so2_0.user_id 
    left join
        customer c2_0 
            on u2_0.user_id=c2_0.user_id 
    left join
        mall_admin ma2_0 
            on u2_0.user_id=ma2_0.user_id 
    left join
        mall m4_0 
            on m4_0.mall_id=ma2_0.mall_id 
    where
        e1_0.mall_id=?
Hibernate: 
    select
        e1_0.mall_id,
        e1_0.id,
        e1_0.designation,
        e1_0.name,
        e1_0.salary,
        s1_0.shop_id,
        m2_0.mall_id,
        m2_0.contact_number,
        m2_0.location,
        ma1_0.admin_id,
        ma1_0.admin_name,
        ma1_0.email,
        u1_0.user_id,
        c1_0.customer_id,
        c1_0.customer_name,
        c1_0.email,
        c1_0.phone_number,
        u1_0.password,
        u1_0.role,
        so1_0.owner_id,
        so1_0.contact_number,
        so1_0.owner_name,
        s2_0.shop_id,
        s2_0.mall_id,
        s2_0.shop_name,
        s2_0.shop_type,
        s2_0.status,
        u1_0.username,
        m2_0.mall_name,
        s1_0.shop_name,
        so2_0.owner_id,
        so2_0.contact_number,
        so2_0.owner_name,
        u2_0.user_id,
        c2_0.customer_id,
        c2_0.customer_name,
        c2_0.email,
        c2_0.phone_number,
        ma2_0.admin_id,
        ma2_0.admin_name,
        ma2_0.email,
        m4_0.mall_id,
        m4_0.contact_number,
        m4_0.location,
        m4_0.mall_name,
        u2_0.password,
        u2_0.role,
        u2_0.username,
        s1_0.shop_type,
        s1_0.status 
    from
        employees e1_0 
    left join
        shop s1_0 
            on s1_0.shop_id=e1_0.shop_id 
    left join
        mall m2_0 
            on m2_0.mall_id=s1_0.mall_id 
    left join
        mall_admin ma1_0 
            on m2_0.mall_id=ma1_0.mall_id 
    left join
        users u1_0 
            on u1_0.user_id=ma1_0.user_id 
    left join
        customer c1_0 
            on u1_0.user_id=c1_0.user_id 
    left join
        shop_owner so1_0 
            on u1_0.user_id=so1_0.user_id 
    left join
        shop s2_0 
            on s2_0.shop_id=so1_0.shop_id 
    left join
        shop_owner so2_0 
            on s1_0.shop_id=so2_0.shop_id 
    left join
        users u2_0 
            on u2_0.user_id=so2_0.user_id 
    left join
        customer c2_0 
            on u2_0.user_id=c2_0.user_id 
    left join
        mall_admin ma2_0 
            on u2_0.user_id=ma2_0.user_id 
    left join
        mall m4_0 
            on m4_0.mall_id=ma2_0.mall_id 
    where
        e1_0.mall_id=?
2026-01-18T19:07:06.805+05:30 DEBUG 29792 --- [           main] org.hibernate.SQL                        : 
    select
        s1_0.mall_id,
        s1_0.shop_id,
        s1_0.shop_name,
        so1_0.owner_id,
        so1_0.contact_number,
        so1_0.owner_name,
        u1_0.user_id,
        c1_0.customer_id,
        c1_0.customer_name,
        c1_0.email,
        c1_0.phone_number,
        ma1_0.admin_id,
        ma1_0.admin_name,
        ma1_0.email,
        m2_0.mall_id,
        m2_0.contact_number,
        m2_0.location,
        m2_0.mall_name,
        u1_0.password,
        u1_0.role,
        u1_0.username,
        s1_0.shop_type,
        s1_0.status 
    from
        shop s1_0 
    left join
        shop_owner so1_0 
            on s1_0.shop_id=so1_0.shop_id 
    left join
        users u1_0 
            on u1_0.user_id=so1_0.user_id 
    left join
        customer c1_0 
            on u1_0.user_id=c1_0.user_id 
    left join
        mall_admin ma1_0 
            on u1_0.user_id=ma1_0.user_id 
    left join
        mall m2_0 
            on m2_0.mall_id=ma1_0.mall_id 
    where
        s1_0.mall_id=?
Hibernate: 
    select
        s1_0.mall_id,
        s1_0.shop_id,
        s1_0.shop_name,
        so1_0.owner_id,
        so1_0.contact_number,
        so1_0.owner_name,
        u1_0.user_id,
        c1_0.customer_id,
        c1_0.customer_name,
        c1_0.email,
        c1_0.phone_number,
        ma1_0.admin_id,
        ma1_0.admin_name,
        ma1_0.email,
        m2_0.mall_id,
        m2_0.contact_number,
        m2_0.location,
        m2_0.mall_name,
        u1_0.password,
        u1_0.role,
        u1_0.username,
        s1_0.shop_type,
        s1_0.status 
    from
        shop s1_0 
    left join
        shop_owner so1_0 
            on s1_0.shop_id=so1_0.shop_id 
    left join
        users u1_0 
            on u1_0.user_id=so1_0.user_id 
    left join
        customer c1_0 
            on u1_0.user_id=c1_0.user_id 
    left join
        mall_admin ma1_0 
            on u1_0.user_id=ma1_0.user_id 
    left join
        mall m2_0 
            on m2_0.mall_id=ma1_0.mall_id 
    where
        s1_0.mall_id=?
2026-01-18T19:07:06.818+05:30  INFO 29792 --- [           main] o.s.b.t.m.w.SpringBootMockServletContext : Initializing Spring TestDispatcherServlet ''
2026-01-18T19:07:06.818+05:30  INFO 29792 --- [           main] o.s.t.web.servlet.TestDispatcherServlet  : Initializing Servlet ''
2026-01-18T19:07:06.819+05:30  INFO 29792 --- [           main] o.s.t.web.servlet.TestDispatcherServlet  : Completed initialization in 1 ms
2026-01-18T19:07:06.828+05:30 DEBUG 29792 --- [           main] org.hibernate.SQL                        : 
    insert 
    into
        shop
        (mall_id, shop_name, shop_type, status) 
    values
        (?, ?, ?, ?)
Hibernate: 
    insert 
    into
        shop
        (mall_id, shop_name, shop_type, status) 
    values
        (?, ?, ?, ?)
2026-01-18T19:07:06.847+05:30  INFO 29792 --- [           main] o.s.b.t.m.w.SpringBootMockServletContext : Initializing Spring TestDispatcherServlet ''
2026-01-18T19:07:06.847+05:30  INFO 29792 --- [           main] o.s.t.web.servlet.TestDispatcherServlet  : Initializing Servlet ''
2026-01-18T19:07:06.848+05:30  INFO 29792 --- [           main] o.s.t.web.servlet.TestDispatcherServlet  : Completed initialization in 1 ms
2026-01-18T19:07:07.170+05:30 DEBUG 29792 --- [           main] org.hibernate.SQL                        : 
    select
        s1_0.shop_id,
        s1_0.mall_id,
        s1_0.shop_name,
        s1_0.shop_type,
        s1_0.status 
    from
        shop s1_0 
    where
        s1_0.mall_id=?
Hibernate: 
    select
        s1_0.shop_id,
        s1_0.mall_id,
        s1_0.shop_name,
        s1_0.shop_type,
        s1_0.status 
    from
        shop s1_0 
    where
        s1_0.mall_id=?
2026-01-18T19:07:07.171+05:30 DEBUG 29792 --- [           main] org.hibernate.SQL                        : 
    select
        m1_0.mall_id,
        m1_0.contact_number,
        m1_0.location,
        ma1_0.admin_id,
        ma1_0.admin_name,
        ma1_0.email,
        u1_0.user_id,
        c1_0.customer_id,
        c1_0.customer_name,
        c1_0.email,
        c1_0.phone_number,
        u1_0.password,
        u1_0.role,
        so1_0.owner_id,
        so1_0.contact_number,
        so1_0.owner_name,
        s1_0.shop_id,
        m2_0.mall_id,
        m2_0.contact_number,
        m2_0.location,
        m2_0.mall_name,
        s1_0.shop_name,
        s1_0.shop_type,
        s1_0.status,
        u1_0.username,
        m1_0.mall_name 
    from
        mall m1_0 
    left join
        mall_admin ma1_0 
            on m1_0.mall_id=ma1_0.mall_id 
    left join
        users u1_0 
            on u1_0.user_id=ma1_0.user_id 
    left join
        customer c1_0 
            on u1_0.user_id=c1_0.user_id 
    left join
        shop_owner so1_0 
            on u1_0.user_id=so1_0.user_id 
    left join
        shop s1_0 
            on s1_0.shop_id=so1_0.shop_id 
    left join
        mall m2_0 
            on m2_0.mall_id=s1_0.mall_id 
    where
        m1_0.mall_id=?
Hibernate: 
    select
        m1_0.mall_id,
        m1_0.contact_number,
        m1_0.location,
        ma1_0.admin_id,
        ma1_0.admin_name,
        ma1_0.email,
        u1_0.user_id,
        c1_0.customer_id,
        c1_0.customer_name,
        c1_0.email,
        c1_0.phone_number,
        u1_0.password,
        u1_0.role,
        so1_0.owner_id,
        so1_0.contact_number,
        so1_0.owner_name,
        s1_0.shop_id,
        m2_0.mall_id,
        m2_0.contact_number,
        m2_0.location,
        m2_0.mall_name,
        s1_0.shop_name,
        s1_0.shop_type,
        s1_0.status,
        u1_0.username,
        m1_0.mall_name 
    from
        mall m1_0 
    left join
        mall_admin ma1_0 
            on m1_0.mall_id=ma1_0.mall_id 
    left join
        users u1_0 
            on u1_0.user_id=ma1_0.user_id 
    left join
        customer c1_0 
            on u1_0.user_id=c1_0.user_id 
    left join
        shop_owner so1_0 
            on u1_0.user_id=so1_0.user_id 
    left join
        shop s1_0 
            on s1_0.shop_id=so1_0.shop_id 
    left join
        mall m2_0 
            on m2_0.mall_id=s1_0.mall_id 
    where
        m1_0.mall_id=?
2026-01-18T19:07:07.175+05:30 DEBUG 29792 --- [           main] org.hibernate.SQL                        : 
    select
        so1_0.owner_id,
        so1_0.contact_number,
        so1_0.owner_name,
        s1_0.shop_id,
        m1_0.mall_id,
        m1_0.contact_number,
        m1_0.location,
        ma1_0.admin_id,
        ma1_0.admin_name,
        ma1_0.email,
        u1_0.user_id,
        c1_0.customer_id,
        c1_0.customer_name,
        c1_0.email,
        c1_0.phone_number,
        u1_0.password,
        u1_0.role,
        so2_0.owner_id,
        so2_0.contact_number,
        so2_0.owner_name,
        so2_0.shop_id,
        u1_0.username,
        m1_0.mall_name,
        s1_0.shop_name,
        s1_0.shop_type,
        s1_0.status,
        u2_0.user_id,
        c2_0.customer_id,
        c2_0.customer_name,
        c2_0.email,
        c2_0.phone_number,
        ma2_0.admin_id,
        ma2_0.admin_name,
        ma2_0.email,
        m2_0.mall_id,
        m2_0.contact_number,
        m2_0.location,
        m2_0.mall_name,
        u2_0.password,
        u2_0.role,
        u2_0.username 
    from
        shop_owner so1_0 
    left join
        shop s1_0 
            on s1_0.shop_id=so1_0.shop_id 
    left join
        mall m1_0 
            on m1_0.mall_id=s1_0.mall_id 
    left join
        mall_admin ma1_0 
            on m1_0.mall_id=ma1_0.mall_id 
    left join
        users u1_0 
            on u1_0.user_id=ma1_0.user_id 
    left join
        customer c1_0 
            on u1_0.user_id=c1_0.user_id 
    left join
        shop_owner so2_0 
            on u1_0.user_id=so2_0.user_id 
    left join
        users u2_0 
            on u2_0.user_id=so1_0.user_id 
    left join
        customer c2_0 
            on u2_0.user_id=c2_0.user_id 
    left join
        mall_admin ma2_0 
            on u2_0.user_id=ma2_0.user_id 
    left join
        mall m2_0 
            on m2_0.mall_id=ma2_0.mall_id 
    where
        so1_0.shop_id=?
Hibernate: 
    select
        so1_0.owner_id,
        so1_0.contact_number,
        so1_0.owner_name,
        s1_0.shop_id,
        m1_0.mall_id,
        m1_0.contact_number,
        m1_0.location,
        ma1_0.admin_id,
        ma1_0.admin_name,
        ma1_0.email,
        u1_0.user_id,
        c1_0.customer_id,
        c1_0.customer_name,
        c1_0.email,
        c1_0.phone_number,
        u1_0.password,
        u1_0.role,
        so2_0.owner_id,
        so2_0.contact_number,
        so2_0.owner_name,
        so2_0.shop_id,
        u1_0.username,
        m1_0.mall_name,
        s1_0.shop_name,
        s1_0.shop_type,
        s1_0.status,
        u2_0.user_id,
        c2_0.customer_id,
        c2_0.customer_name,
        c2_0.email,
        c2_0.phone_number,
        ma2_0.admin_id,
        ma2_0.admin_name,
        ma2_0.email,
        m2_0.mall_id,
        m2_0.contact_number,
        m2_0.location,
        m2_0.mall_name,
        u2_0.password,
        u2_0.role,
        u2_0.username 
    from
        shop_owner so1_0 
    left join
        shop s1_0 
            on s1_0.shop_id=so1_0.shop_id 
    left join
        mall m1_0 
            on m1_0.mall_id=s1_0.mall_id 
    left join
        mall_admin ma1_0 
            on m1_0.mall_id=ma1_0.mall_id 
    left join
        users u1_0 
            on u1_0.user_id=ma1_0.user_id 
    left join
        customer c1_0 
            on u1_0.user_id=c1_0.user_id 
    left join
        shop_owner so2_0 
            on u1_0.user_id=so2_0.user_id 
    left join
        users u2_0 
            on u2_0.user_id=so1_0.user_id 
    left join
        customer c2_0 
            on u2_0.user_id=c2_0.user_id 
    left join
        mall_admin ma2_0 
            on u2_0.user_id=ma2_0.user_id 
    left join
        mall m2_0 
            on m2_0.mall_id=ma2_0.mall_id 
    where
        so1_0.shop_id=?
2026-01-18T19:07:07.185+05:30 DEBUG 29792 --- [           main] org.hibernate.SQL                        : 
    select
        e1_0.shop_id,
        e1_0.id,
        e1_0.designation,
        m1_0.mall_id,
        m1_0.contact_number,
        m1_0.location,
        ma1_0.admin_id,
        ma1_0.admin_name,
        ma1_0.email,
        u1_0.user_id,
        c1_0.customer_id,
        c1_0.customer_name,
        c1_0.email,
        c1_0.phone_number,
        u1_0.password,
        u1_0.role,
        so1_0.owner_id,
        so1_0.contact_number,
        so1_0.owner_name,
        s1_0.shop_id,
        m2_0.mall_id,
        m2_0.contact_number,
        m2_0.location,
        m2_0.mall_name,
        s1_0.shop_name,
        s1_0.shop_type,
        s1_0.status,
        u1_0.username,
        m1_0.mall_name,
        e1_0.name,
        e1_0.salary 
    from
        employees e1_0 
    left join
        mall m1_0 
            on m1_0.mall_id=e1_0.mall_id 
    left join
        mall_admin ma1_0 
            on m1_0.mall_id=ma1_0.mall_id 
    left join
        users u1_0 
            on u1_0.user_id=ma1_0.user_id 
    left join
        customer c1_0 
            on u1_0.user_id=c1_0.user_id 
    left join
        shop_owner so1_0 
            on u1_0.user_id=so1_0.user_id 
    left join
        shop s1_0 
            on s1_0.shop_id=so1_0.shop_id 
    left join
        mall m2_0 
            on m2_0.mall_id=s1_0.mall_id 
    where
        e1_0.shop_id=?
Hibernate: 
    select
        e1_0.shop_id,
        e1_0.id,
        e1_0.designation,
        m1_0.mall_id,
        m1_0.contact_number,
        m1_0.location,
        ma1_0.admin_id,
        ma1_0.admin_name,
        ma1_0.email,
        u1_0.user_id,
        c1_0.customer_id,
        c1_0.customer_name,
        c1_0.email,
        c1_0.phone_number,
        u1_0.password,
        u1_0.role,
        so1_0.owner_id,
        so1_0.contact_number,
        so1_0.owner_name,
        s1_0.shop_id,
        m2_0.mall_id,
        m2_0.contact_number,
        m2_0.location,
        m2_0.mall_name,
        s1_0.shop_name,
        s1_0.shop_type,
        s1_0.status,
        u1_0.username,
        m1_0.mall_name,
        e1_0.name,
        e1_0.salary 
    from
        employees e1_0 
    left join
        mall m1_0 
            on m1_0.mall_id=e1_0.mall_id 
    left join
        mall_admin ma1_0 
            on m1_0.mall_id=ma1_0.mall_id 
    left join
        users u1_0 
            on u1_0.user_id=ma1_0.user_id 
    left join
        customer c1_0 
            on u1_0.user_id=c1_0.user_id 
    left join
        shop_owner so1_0 
            on u1_0.user_id=so1_0.user_id 
    left join
        shop s1_0 
            on s1_0.shop_id=so1_0.shop_id 
    left join
        mall m2_0 
            on m2_0.mall_id=s1_0.mall_id 
    where
        e1_0.shop_id=?
2026-01-18T19:07:07.190+05:30 DEBUG 29792 --- [           main] org.hibernate.SQL                        : 
    select
        i1_0.shop_id,
        i1_0.item_id,
        i1_0.item_name,
        o1_0.order_id,
        c1_0.customer_id,
        c1_0.customer_name,
        c1_0.email,
        c1_0.phone_number,
        u1_0.user_id,
        ma1_0.admin_id,
        ma1_0.admin_name,
        ma1_0.email,
        m1_0.mall_id,
        m1_0.contact_number,
        m1_0.location,
        m1_0.mall_name,
        u1_0.password,
        u1_0.role,
        so1_0.owner_id,
        so1_0.contact_number,
        so1_0.owner_name,
        s1_0.shop_id,
        m2_0.mall_id,
        m2_0.contact_number,
        m2_0.location,
        ma2_0.admin_id,
        ma2_0.admin_name,
        ma2_0.email,
        u2_0.user_id,
        u2_0.password,
        u2_0.role,
        u2_0.username,
        m2_0.mall_name,
        s1_0.shop_name,
        s1_0.shop_type,
        s1_0.status,
        u1_0.username,
        o1_0.order_status,
        o1_0.payment_mode,
        s2_0.shop_id,
        m3_0.mall_id,
        m3_0.contact_number,
        m3_0.location,
        ma3_0.admin_id,
        ma3_0.admin_name,
        ma3_0.email,
        u3_0.user_id,
        c2_0.customer_id,
        c2_0.customer_name,
        c2_0.email,
        c2_0.phone_number,
        u3_0.password,
        u3_0.role,
        so2_0.owner_id,
        so2_0.contact_number,
        so2_0.owner_name,
        s3_0.shop_id,
        s3_0.mall_id,
        s3_0.shop_name,
        s3_0.shop_type,
        s3_0.status,
        u3_0.username,
        m3_0.mall_name,
        s2_0.shop_name,
        so3_0.owner_id,
        so3_0.contact_number,
        so3_0.owner_name,
        u4_0.user_id,
        c3_0.customer_id,
        c3_0.customer_name,
        c3_0.email,
        c3_0.phone_number,
        ma4_0.admin_id,
        ma4_0.admin_name,
        ma4_0.email,
        m5_0.mall_id,
        m5_0.contact_number,
        m5_0.location,
        m5_0.mall_name,
        u4_0.password,
        u4_0.role,
        u4_0.username,
        s2_0.shop_type,
        s2_0.status,
        o1_0.total_amount,
        i1_0.price,
        i1_0.quantity 
    from
        item i1_0 
    left join
        order_details o1_0 
            on o1_0.order_id=i1_0.order_id 
    left join
        customer c1_0 
            on c1_0.customer_id=o1_0.customer_id 
    left join
        users u1_0 
            on u1_0.user_id=c1_0.user_id 
    left join
        mall_admin ma1_0 
            on u1_0.user_id=ma1_0.user_id 
    left join
        mall m1_0 
            on m1_0.mall_id=ma1_0.mall_id 
    left join
        shop_owner so1_0 
            on u1_0.user_id=so1_0.user_id 
    left join
        shop s1_0 
            on s1_0.shop_id=so1_0.shop_id 
    left join
        mall m2_0 
            on m2_0.mall_id=s1_0.mall_id 
    left join
        mall_admin ma2_0 
            on m2_0.mall_id=ma2_0.mall_id 
    left join
        users u2_0 
            on u2_0.user_id=ma2_0.user_id 
    left join
        shop s2_0 
            on s2_0.shop_id=o1_0.shop_id 
    left join
        mall m3_0 
            on m3_0.mall_id=s2_0.mall_id 
    left join
        mall_admin ma3_0 
            on m3_0.mall_id=ma3_0.mall_id 
    left join
        users u3_0 
            on u3_0.user_id=ma3_0.user_id 
    left join
        customer c2_0 
            on u3_0.user_id=c2_0.user_id 
    left join
        shop_owner so2_0 
            on u3_0.user_id=so2_0.user_id 
    left join
        shop s3_0 
            on s3_0.shop_id=so2_0.shop_id 
    left join
        shop_owner so3_0 
            on s2_0.shop_id=so3_0.shop_id 
    left join
        users u4_0 
            on u4_0.user_id=so3_0.user_id 
    left join
        customer c3_0 
            on u4_0.user_id=c3_0.user_id 
    left join
        mall_admin ma4_0 
            on u4_0.user_id=ma4_0.user_id 
    left join
        mall m5_0 
            on m5_0.mall_id=ma4_0.mall_id 
    where
        i1_0.shop_id=?
Hibernate: 
    select
        i1_0.shop_id,
        i1_0.item_id,
        i1_0.item_name,
        o1_0.order_id,
        c1_0.customer_id,
        c1_0.customer_name,
        c1_0.email,
        c1_0.phone_number,
        u1_0.user_id,
        ma1_0.admin_id,
        ma1_0.admin_name,
        ma1_0.email,
        m1_0.mall_id,
        m1_0.contact_number,
        m1_0.location,
        m1_0.mall_name,
        u1_0.password,
        u1_0.role,
        so1_0.owner_id,
        so1_0.contact_number,
        so1_0.owner_name,
        s1_0.shop_id,
        m2_0.mall_id,
        m2_0.contact_number,
        m2_0.location,
        ma2_0.admin_id,
        ma2_0.admin_name,
        ma2_0.email,
        u2_0.user_id,
        u2_0.password,
        u2_0.role,
        u2_0.username,
        m2_0.mall_name,
        s1_0.shop_name,
        s1_0.shop_type,
        s1_0.status,
        u1_0.username,
        o1_0.order_status,
        o1_0.payment_mode,
        s2_0.shop_id,
        m3_0.mall_id,
        m3_0.contact_number,
        m3_0.location,
        ma3_0.admin_id,
        ma3_0.admin_name,
        ma3_0.email,
        u3_0.user_id,
        c2_0.customer_id,
        c2_0.customer_name,
        c2_0.email,
        c2_0.phone_number,
        u3_0.password,
        u3_0.role,
        so2_0.owner_id,
        so2_0.contact_number,
        so2_0.owner_name,
        s3_0.shop_id,
        s3_0.mall_id,
        s3_0.shop_name,
        s3_0.shop_type,
        s3_0.status,
        u3_0.username,
        m3_0.mall_name,
        s2_0.shop_name,
        so3_0.owner_id,
        so3_0.contact_number,
        so3_0.owner_name,
        u4_0.user_id,
        c3_0.customer_id,
        c3_0.customer_name,
        c3_0.email,
        c3_0.phone_number,
        ma4_0.admin_id,
        ma4_0.admin_name,
        ma4_0.email,
        m5_0.mall_id,
        m5_0.contact_number,
        m5_0.location,
        m5_0.mall_name,
        u4_0.password,
        u4_0.role,
        u4_0.username,
        s2_0.shop_type,
        s2_0.status,
        o1_0.total_amount,
        i1_0.price,
        i1_0.quantity 
    from
        item i1_0 
    left join
        order_details o1_0 
            on o1_0.order_id=i1_0.order_id 
    left join
        customer c1_0 
            on c1_0.customer_id=o1_0.customer_id 
    left join
        users u1_0 
            on u1_0.user_id=c1_0.user_id 
    left join
        mall_admin ma1_0 
            on u1_0.user_id=ma1_0.user_id 
    left join
        mall m1_0 
            on m1_0.mall_id=ma1_0.mall_id 
    left join
        shop_owner so1_0 
            on u1_0.user_id=so1_0.user_id 
    left join
        shop s1_0 
            on s1_0.shop_id=so1_0.shop_id 
    left join
        mall m2_0 
            on m2_0.mall_id=s1_0.mall_id 
    left join
        mall_admin ma2_0 
            on m2_0.mall_id=ma2_0.mall_id 
    left join
        users u2_0 
            on u2_0.user_id=ma2_0.user_id 
    left join
        shop s2_0 
            on s2_0.shop_id=o1_0.shop_id 
    left join
        mall m3_0 
            on m3_0.mall_id=s2_0.mall_id 
    left join
        mall_admin ma3_0 
            on m3_0.mall_id=ma3_0.mall_id 
    left join
        users u3_0 
            on u3_0.user_id=ma3_0.user_id 
    left join
        customer c2_0 
            on u3_0.user_id=c2_0.user_id 
    left join
        shop_owner so2_0 
            on u3_0.user_id=so2_0.user_id 
    left join
        shop s3_0 
            on s3_0.shop_id=so2_0.shop_id 
    left join
        shop_owner so3_0 
            on s2_0.shop_id=so3_0.shop_id 
    left join
        users u4_0 
            on u4_0.user_id=so3_0.user_id 
    left join
        customer c3_0 
            on u4_0.user_id=c3_0.user_id 
    left join
        mall_admin ma4_0 
            on u4_0.user_id=ma4_0.user_id 
    left join
        mall m5_0 
            on m5_0.mall_id=ma4_0.mall_id 
    where
        i1_0.shop_id=?
2026-01-18T19:07:07.204+05:30 DEBUG 29792 --- [           main] org.hibernate.SQL                        : 
    select
        e1_0.mall_id,
        e1_0.id,
        e1_0.designation,
        e1_0.name,
        e1_0.salary,
        s1_0.shop_id,
        m2_0.mall_id,
        m2_0.contact_number,
        m2_0.location,
        ma1_0.admin_id,
        ma1_0.admin_name,
        ma1_0.email,
        u1_0.user_id,
        c1_0.customer_id,
        c1_0.customer_name,
        c1_0.email,
        c1_0.phone_number,
        u1_0.password,
        u1_0.role,
        so1_0.owner_id,
        so1_0.contact_number,
        so1_0.owner_name,
        s2_0.shop_id,
        s2_0.mall_id,
        s2_0.shop_name,
        s2_0.shop_type,
        s2_0.status,
        u1_0.username,
        m2_0.mall_name,
        s1_0.shop_name,
        so2_0.owner_id,
        so2_0.contact_number,
        so2_0.owner_name,
        u2_0.user_id,
        c2_0.customer_id,
        c2_0.customer_name,
        c2_0.email,
        c2_0.phone_number,
        ma2_0.admin_id,
        ma2_0.admin_name,
        ma2_0.email,
        m4_0.mall_id,
        m4_0.contact_number,
        m4_0.location,
        m4_0.mall_name,
        u2_0.password,
        u2_0.role,
        u2_0.username,
        s1_0.shop_type,
        s1_0.status 
    from
        employees e1_0 
    left join
        shop s1_0 
            on s1_0.shop_id=e1_0.shop_id 
    left join
        mall m2_0 
            on m2_0.mall_id=s1_0.mall_id 
    left join
        mall_admin ma1_0 
            on m2_0.mall_id=ma1_0.mall_id 
    left join
        users u1_0 
            on u1_0.user_id=ma1_0.user_id 
    left join
        customer c1_0 
            on u1_0.user_id=c1_0.user_id 
    left join
        shop_owner so1_0 
            on u1_0.user_id=so1_0.user_id 
    left join
        shop s2_0 
            on s2_0.shop_id=so1_0.shop_id 
    left join
        shop_owner so2_0 
            on s1_0.shop_id=so2_0.shop_id 
    left join
        users u2_0 
            on u2_0.user_id=so2_0.user_id 
    left join
        customer c2_0 
            on u2_0.user_id=c2_0.user_id 
    left join
        mall_admin ma2_0 
            on u2_0.user_id=ma2_0.user_id 
    left join
        mall m4_0 
            on m4_0.mall_id=ma2_0.mall_id 
    where
        e1_0.mall_id=?
Hibernate: 
    select
        e1_0.mall_id,
        e1_0.id,
        e1_0.designation,
        e1_0.name,
        e1_0.salary,
        s1_0.shop_id,
        m2_0.mall_id,
        m2_0.contact_number,
        m2_0.location,
        ma1_0.admin_id,
        ma1_0.admin_name,
        ma1_0.email,
        u1_0.user_id,
        c1_0.customer_id,
        c1_0.customer_name,
        c1_0.email,
        c1_0.phone_number,
        u1_0.password,
        u1_0.role,
        so1_0.owner_id,
        so1_0.contact_number,
        so1_0.owner_name,
        s2_0.shop_id,
        s2_0.mall_id,
        s2_0.shop_name,
        s2_0.shop_type,
        s2_0.status,
        u1_0.username,
        m2_0.mall_name,
        s1_0.shop_name,
        so2_0.owner_id,
        so2_0.contact_number,
        so2_0.owner_name,
        u2_0.user_id,
        c2_0.customer_id,
        c2_0.customer_name,
        c2_0.email,
        c2_0.phone_number,
        ma2_0.admin_id,
        ma2_0.admin_name,
        ma2_0.email,
        m4_0.mall_id,
        m4_0.contact_number,
        m4_0.location,
        m4_0.mall_name,
        u2_0.password,
        u2_0.role,
        u2_0.username,
        s1_0.shop_type,
        s1_0.status 
    from
        employees e1_0 
    left join
        shop s1_0 
            on s1_0.shop_id=e1_0.shop_id 
    left join
        mall m2_0 
            on m2_0.mall_id=s1_0.mall_id 
    left join
        mall_admin ma1_0 
            on m2_0.mall_id=ma1_0.mall_id 
    left join
        users u1_0 
            on u1_0.user_id=ma1_0.user_id 
    left join
        customer c1_0 
            on u1_0.user_id=c1_0.user_id 
    left join
        shop_owner so1_0 
            on u1_0.user_id=so1_0.user_id 
    left join
        shop s2_0 
            on s2_0.shop_id=so1_0.shop_id 
    left join
        shop_owner so2_0 
            on s1_0.shop_id=so2_0.shop_id 
    left join
        users u2_0 
            on u2_0.user_id=so2_0.user_id 
    left join
        customer c2_0 
            on u2_0.user_id=c2_0.user_id 
    left join
        mall_admin ma2_0 
            on u2_0.user_id=ma2_0.user_id 
    left join
        mall m4_0 
            on m4_0.mall_id=ma2_0.mall_id 
    where
        e1_0.mall_id=?
2026-01-18T19:07:07.210+05:30 DEBUG 29792 --- [           main] org.hibernate.SQL                        : 
    select
        s1_0.mall_id,
        s1_0.shop_id,
        s1_0.shop_name,
        so1_0.owner_id,
        so1_0.contact_number,
        so1_0.owner_name,
        u1_0.user_id,
        c1_0.customer_id,
        c1_0.customer_name,
        c1_0.email,
        c1_0.phone_number,
        ma1_0.admin_id,
        ma1_0.admin_name,
        ma1_0.email,
        m2_0.mall_id,
        m2_0.contact_number,
        m2_0.location,
        m2_0.mall_name,
        u1_0.password,
        u1_0.role,
        u1_0.username,
        s1_0.shop_type,
        s1_0.status 
    from
        shop s1_0 
    left join
        shop_owner so1_0 
            on s1_0.shop_id=so1_0.shop_id 
    left join
        users u1_0 
            on u1_0.user_id=so1_0.user_id 
    left join
        customer c1_0 
            on u1_0.user_id=c1_0.user_id 
    left join
        mall_admin ma1_0 
            on u1_0.user_id=ma1_0.user_id 
    left join
        mall m2_0 
            on m2_0.mall_id=ma1_0.mall_id 
    where
        s1_0.mall_id=?
Hibernate: 
    select
        s1_0.mall_id,
        s1_0.shop_id,
        s1_0.shop_name,
        so1_0.owner_id,
        so1_0.contact_number,
        so1_0.owner_name,
        u1_0.user_id,
        c1_0.customer_id,
        c1_0.customer_name,
        c1_0.email,
        c1_0.phone_number,
        ma1_0.admin_id,
        ma1_0.admin_name,
        ma1_0.email,
        m2_0.mall_id,
        m2_0.contact_number,
        m2_0.location,
        m2_0.mall_name,
        u1_0.password,
        u1_0.role,
        u1_0.username,
        s1_0.shop_type,
        s1_0.status 
    from
        shop s1_0 
    left join
        shop_owner so1_0 
            on s1_0.shop_id=so1_0.shop_id 
    left join
        users u1_0 
            on u1_0.user_id=so1_0.user_id 
    left join
        customer c1_0 
            on u1_0.user_id=c1_0.user_id 
    left join
        mall_admin ma1_0 
            on u1_0.user_id=ma1_0.user_id 
    left join
        mall m2_0 
            on m2_0.mall_id=ma1_0.mall_id 
    where
        s1_0.mall_id=?
2026-01-18T19:07:07.228+05:30  WARN 29792 --- [           main] .w.s.m.s.DefaultHandlerExceptionResolver : Ignoring exception, response committed already: org.springframework.http.converter.HttpMessageNotWritableException: Could not write JSON: Document nesting depth (501) exceeds the maximum allowed (500, from `StreamWriteConstraints.getMaxNestingDepth()`)
2026-01-18T19:07:07.229+05:30  WARN 29792 --- [           main] .w.s.m.s.DefaultHandlerExceptionResolver : Resolved [org.springframework.http.converter.HttpMessageNotWritableException: Could not write JSON: Document nesting depth (501) exceeds the maximum allowed (500, from `StreamWriteConstraints.getMaxNestingDepth()`)]
2026-01-18T19:07:07.246+05:30  INFO 29792 --- [           main] o.s.b.t.m.w.SpringBootMockServletContext : Initializing Spring TestDispatcherServlet ''
2026-01-18T19:07:07.246+05:30  INFO 29792 --- [           main] o.s.t.web.servlet.TestDispatcherServlet  : Initializing Servlet ''
2026-01-18T19:07:07.246+05:30  INFO 29792 --- [           main] o.s.t.web.servlet.TestDispatcherServlet  : Completed initialization in 0 ms
2026-01-18T19:07:07.249+05:30 DEBUG 29792 --- [           main] org.hibernate.SQL                        : 
    insert 
    into
        customer
        (customer_name, email, phone_number, user_id) 
    values
        (?, ?, ?, ?)
Hibernate: 
    insert 
    into
        customer
        (customer_name, email, phone_number, user_id) 
    values
        (?, ?, ?, ?)
2026-01-18T19:07:07.266+05:30  INFO 29792 --- [           main] o.s.b.t.m.w.SpringBootMockServletContext : Initializing Spring TestDispatcherServlet ''
2026-01-18T19:07:07.266+05:30  INFO 29792 --- [           main] o.s.t.web.servlet.TestDispatcherServlet  : Initializing Servlet ''
2026-01-18T19:07:07.267+05:30  INFO 29792 --- [           main] o.s.t.web.servlet.TestDispatcherServlet  : Completed initialization in 1 ms
2026-01-18T19:07:07.279+05:30 DEBUG 29792 --- [           main] org.hibernate.SQL                        : 
    select
        s1_0.shop_id,
        m1_0.mall_id,
        m1_0.contact_number,
        m1_0.location,
        ma1_0.admin_id,
        ma1_0.admin_name,
        ma1_0.email,
        u1_0.user_id,
        c1_0.customer_id,
        c1_0.customer_name,
        c1_0.email,
        c1_0.phone_number,
        u1_0.password,
        u1_0.role,
        so1_0.owner_id,
        so1_0.contact_number,
        so1_0.owner_name,
        s2_0.shop_id,
        s2_0.mall_id,
        s2_0.shop_name,
        s2_0.shop_type,
        s2_0.status,
        u1_0.username,
        m1_0.mall_name,
        s1_0.shop_name,
        so2_0.owner_id,
        so2_0.contact_number,
        so2_0.owner_name,
        u2_0.user_id,
        c2_0.customer_id,
        c2_0.customer_name,
        c2_0.email,
        c2_0.phone_number,
        ma2_0.admin_id,
        ma2_0.admin_name,
        ma2_0.email,
        m3_0.mall_id,
        m3_0.contact_number,
        m3_0.location,
        m3_0.mall_name,
        u2_0.password,
        u2_0.role,
        u2_0.username,
        s1_0.shop_type,
        s1_0.status 
    from
        shop s1_0 
    left join
        mall m1_0 
            on m1_0.mall_id=s1_0.mall_id 
    left join
        mall_admin ma1_0 
            on m1_0.mall_id=ma1_0.mall_id 
    left join
        users u1_0 
            on u1_0.user_id=ma1_0.user_id 
    left join
        customer c1_0 
            on u1_0.user_id=c1_0.user_id 
    left join
        shop_owner so1_0 
            on u1_0.user_id=so1_0.user_id 
    left join
        shop s2_0 
            on s2_0.shop_id=so1_0.shop_id 
    left join
        shop_owner so2_0 
            on s1_0.shop_id=so2_0.shop_id 
    left join
        users u2_0 
            on u2_0.user_id=so2_0.user_id 
    left join
        customer c2_0 
            on u2_0.user_id=c2_0.user_id 
    left join
        mall_admin ma2_0 
            on u2_0.user_id=ma2_0.user_id 
    left join
        mall m3_0 
            on m3_0.mall_id=ma2_0.mall_id 
    where
        s1_0.shop_id=?
Hibernate: 
    select
        s1_0.shop_id,
        m1_0.mall_id,
        m1_0.contact_number,
        m1_0.location,
        ma1_0.admin_id,
        ma1_0.admin_name,
        ma1_0.email,
        u1_0.user_id,
        c1_0.customer_id,
        c1_0.customer_name,
        c1_0.email,
        c1_0.phone_number,
        u1_0.password,
        u1_0.role,
        so1_0.owner_id,
        so1_0.contact_number,
        so1_0.owner_name,
        s2_0.shop_id,
        s2_0.mall_id,
        s2_0.shop_name,
        s2_0.shop_type,
        s2_0.status,
        u1_0.username,
        m1_0.mall_name,
        s1_0.shop_name,
        so2_0.owner_id,
        so2_0.contact_number,
        so2_0.owner_name,
        u2_0.user_id,
        c2_0.customer_id,
        c2_0.customer_name,
        c2_0.email,
        c2_0.phone_number,
        ma2_0.admin_id,
        ma2_0.admin_name,
        ma2_0.email,
        m3_0.mall_id,
        m3_0.contact_number,
        m3_0.location,
        m3_0.mall_name,
        u2_0.password,
        u2_0.role,
        u2_0.username,
        s1_0.shop_type,
        s1_0.status 
    from
        shop s1_0 
    left join
        mall m1_0 
            on m1_0.mall_id=s1_0.mall_id 
    left join
        mall_admin ma1_0 
            on m1_0.mall_id=ma1_0.mall_id 
    left join
        users u1_0 
            on u1_0.user_id=ma1_0.user_id 
    left join
        customer c1_0 
            on u1_0.user_id=c1_0.user_id 
    left join
        shop_owner so1_0 
            on u1_0.user_id=so1_0.user_id 
    left join
        shop s2_0 
            on s2_0.shop_id=so1_0.shop_id 
    left join
        shop_owner so2_0 
            on s1_0.shop_id=so2_0.shop_id 
    left join
        users u2_0 
            on u2_0.user_id=so2_0.user_id 
    left join
        customer c2_0 
            on u2_0.user_id=c2_0.user_id 
    left join
        mall_admin ma2_0 
            on u2_0.user_id=ma2_0.user_id 
    left join
        mall m3_0 
            on m3_0.mall_id=ma2_0.mall_id 
    where
        s1_0.shop_id=?
2026-01-18T19:07:07.287+05:30 DEBUG 29792 --- [           main] org.hibernate.SQL                        : 
    insert 
    into
        item
        (item_name, order_id, price, quantity, shop_id) 
    values
        (?, ?, ?, ?, ?)
Hibernate: 
    insert 
    into
        item
        (item_name, order_id, price, quantity, shop_id) 
    values
        (?, ?, ?, ?, ?)
2026-01-18T19:07:07.294+05:30 DEBUG 29792 --- [           main] org.hibernate.SQL                        : 
    select
        e1_0.shop_id,
        e1_0.id,
        e1_0.designation,
        m1_0.mall_id,
        m1_0.contact_number,
        m1_0.location,
        ma1_0.admin_id,
        ma1_0.admin_name,
        ma1_0.email,
        u1_0.user_id,
        c1_0.customer_id,
        c1_0.customer_name,
        c1_0.email,
        c1_0.phone_number,
        u1_0.password,
        u1_0.role,
        so1_0.owner_id,
        so1_0.contact_number,
        so1_0.owner_name,
        s1_0.shop_id,
        m2_0.mall_id,
        m2_0.contact_number,
        m2_0.location,
        m2_0.mall_name,
        s1_0.shop_name,
        s1_0.shop_type,
        s1_0.status,
        u1_0.username,
        m1_0.mall_name,
        e1_0.name,
        e1_0.salary 
    from
        employees e1_0 
    left join
        mall m1_0 
            on m1_0.mall_id=e1_0.mall_id 
    left join
        mall_admin ma1_0 
            on m1_0.mall_id=ma1_0.mall_id 
    left join
        users u1_0 
            on u1_0.user_id=ma1_0.user_id 
    left join
        customer c1_0 
            on u1_0.user_id=c1_0.user_id 
    left join
        shop_owner so1_0 
            on u1_0.user_id=so1_0.user_id 
    left join
        shop s1_0 
            on s1_0.shop_id=so1_0.shop_id 
    left join
        mall m2_0 
            on m2_0.mall_id=s1_0.mall_id 
    where
        e1_0.shop_id=?
Hibernate: 
    select
        e1_0.shop_id,
        e1_0.id,
        e1_0.designation,
        m1_0.mall_id,
        m1_0.contact_number,
        m1_0.location,
        ma1_0.admin_id,
        ma1_0.admin_name,
        ma1_0.email,
        u1_0.user_id,
        c1_0.customer_id,
        c1_0.customer_name,
        c1_0.email,
        c1_0.phone_number,
        u1_0.password,
        u1_0.role,
        so1_0.owner_id,
        so1_0.contact_number,
        so1_0.owner_name,
        s1_0.shop_id,
        m2_0.mall_id,
        m2_0.contact_number,
        m2_0.location,
        m2_0.mall_name,
        s1_0.shop_name,
        s1_0.shop_type,
        s1_0.status,
        u1_0.username,
        m1_0.mall_name,
        e1_0.name,
        e1_0.salary 
    from
        employees e1_0 
    left join
        mall m1_0 
            on m1_0.mall_id=e1_0.mall_id 
    left join
        mall_admin ma1_0 
            on m1_0.mall_id=ma1_0.mall_id 
    left join
        users u1_0 
            on u1_0.user_id=ma1_0.user_id 
    left join
        customer c1_0 
            on u1_0.user_id=c1_0.user_id 
    left join
        shop_owner so1_0 
            on u1_0.user_id=so1_0.user_id 
    left join
        shop s1_0 
            on s1_0.shop_id=so1_0.shop_id 
    left join
        mall m2_0 
            on m2_0.mall_id=s1_0.mall_id 
    where
        e1_0.shop_id=?
2026-01-18T19:07:07.298+05:30 DEBUG 29792 --- [           main] org.hibernate.SQL                        : 
    select
        i1_0.shop_id,
        i1_0.item_id,
        i1_0.item_name,
        o1_0.order_id,
        c1_0.customer_id,
        c1_0.customer_name,
        c1_0.email,
        c1_0.phone_number,
        u1_0.user_id,
        ma1_0.admin_id,
        ma1_0.admin_name,
        ma1_0.email,
        m1_0.mall_id,
        m1_0.contact_number,
        m1_0.location,
        m1_0.mall_name,
        u1_0.password,
        u1_0.role,
        so1_0.owner_id,
        so1_0.contact_number,
        so1_0.owner_name,
        s1_0.shop_id,
        m2_0.mall_id,
        m2_0.contact_number,
        m2_0.location,
        ma2_0.admin_id,
        ma2_0.admin_name,
        ma2_0.email,
        u2_0.user_id,
        u2_0.password,
        u2_0.role,
        u2_0.username,
        m2_0.mall_name,
        s1_0.shop_name,
        s1_0.shop_type,
        s1_0.status,
        u1_0.username,
        o1_0.order_status,
        o1_0.payment_mode,
        s2_0.shop_id,
        m3_0.mall_id,
        m3_0.contact_number,
        m3_0.location,
        ma3_0.admin_id,
        ma3_0.admin_name,
        ma3_0.email,
        u3_0.user_id,
        c2_0.customer_id,
        c2_0.customer_name,
        c2_0.email,
        c2_0.phone_number,
        u3_0.password,
        u3_0.role,
        so2_0.owner_id,
        so2_0.contact_number,
        so2_0.owner_name,
        s3_0.shop_id,
        s3_0.mall_id,
        s3_0.shop_name,
        s3_0.shop_type,
        s3_0.status,
        u3_0.username,
        m3_0.mall_name,
        s2_0.shop_name,
        so3_0.owner_id,
        so3_0.contact_number,
        so3_0.owner_name,
        u4_0.user_id,
        c3_0.customer_id,
        c3_0.customer_name,
        c3_0.email,
        c3_0.phone_number,
        ma4_0.admin_id,
        ma4_0.admin_name,
        ma4_0.email,
        m5_0.mall_id,
        m5_0.contact_number,
        m5_0.location,
        m5_0.mall_name,
        u4_0.password,
        u4_0.role,
        u4_0.username,
        s2_0.shop_type,
        s2_0.status,
        o1_0.total_amount,
        i1_0.price,
        i1_0.quantity 
    from
        item i1_0 
    left join
        order_details o1_0 
            on o1_0.order_id=i1_0.order_id 
    left join
        customer c1_0 
            on c1_0.customer_id=o1_0.customer_id 
    left join
        users u1_0 
            on u1_0.user_id=c1_0.user_id 
    left join
        mall_admin ma1_0 
            on u1_0.user_id=ma1_0.user_id 
    left join
        mall m1_0 
            on m1_0.mall_id=ma1_0.mall_id 
    left join
        shop_owner so1_0 
            on u1_0.user_id=so1_0.user_id 
    left join
        shop s1_0 
            on s1_0.shop_id=so1_0.shop_id 
    left join
        mall m2_0 
            on m2_0.mall_id=s1_0.mall_id 
    left join
        mall_admin ma2_0 
            on m2_0.mall_id=ma2_0.mall_id 
    left join
        users u2_0 
            on u2_0.user_id=ma2_0.user_id 
    left join
        shop s2_0 
            on s2_0.shop_id=o1_0.shop_id 
    left join
        mall m3_0 
            on m3_0.mall_id=s2_0.mall_id 
    left join
        mall_admin ma3_0 
            on m3_0.mall_id=ma3_0.mall_id 
    left join
        users u3_0 
            on u3_0.user_id=ma3_0.user_id 
    left join
        customer c2_0 
            on u3_0.user_id=c2_0.user_id 
    left join
        shop_owner so2_0 
            on u3_0.user_id=so2_0.user_id 
    left join
        shop s3_0 
            on s3_0.shop_id=so2_0.shop_id 
    left join
        shop_owner so3_0 
            on s2_0.shop_id=so3_0.shop_id 
    left join
        users u4_0 
            on u4_0.user_id=so3_0.user_id 
    left join
        customer c3_0 
            on u4_0.user_id=c3_0.user_id 
    left join
        mall_admin ma4_0 
            on u4_0.user_id=ma4_0.user_id 
    left join
        mall m5_0 
            on m5_0.mall_id=ma4_0.mall_id 
    where
        i1_0.shop_id=?
Hibernate: 
    select
        i1_0.shop_id,
        i1_0.item_id,
        i1_0.item_name,
        o1_0.order_id,
        c1_0.customer_id,
        c1_0.customer_name,
        c1_0.email,
        c1_0.phone_number,
        u1_0.user_id,
        ma1_0.admin_id,
        ma1_0.admin_name,
        ma1_0.email,
        m1_0.mall_id,
        m1_0.contact_number,
        m1_0.location,
        m1_0.mall_name,
        u1_0.password,
        u1_0.role,
        so1_0.owner_id,
        so1_0.contact_number,
        so1_0.owner_name,
        s1_0.shop_id,
        m2_0.mall_id,
        m2_0.contact_number,
        m2_0.location,
        ma2_0.admin_id,
        ma2_0.admin_name,
        ma2_0.email,
        u2_0.user_id,
        u2_0.password,
        u2_0.role,
        u2_0.username,
        m2_0.mall_name,
        s1_0.shop_name,
        s1_0.shop_type,
        s1_0.status,
        u1_0.username,
        o1_0.order_status,
        o1_0.payment_mode,
        s2_0.shop_id,
        m3_0.mall_id,
        m3_0.contact_number,
        m3_0.location,
        ma3_0.admin_id,
        ma3_0.admin_name,
        ma3_0.email,
        u3_0.user_id,
        c2_0.customer_id,
        c2_0.customer_name,
        c2_0.email,
        c2_0.phone_number,
        u3_0.password,
        u3_0.role,
        so2_0.owner_id,
        so2_0.contact_number,
        so2_0.owner_name,
        s3_0.shop_id,
        s3_0.mall_id,
        s3_0.shop_name,
        s3_0.shop_type,
        s3_0.status,
        u3_0.username,
        m3_0.mall_name,
        s2_0.shop_name,
        so3_0.owner_id,
        so3_0.contact_number,
        so3_0.owner_name,
        u4_0.user_id,
        c3_0.customer_id,
        c3_0.customer_name,
        c3_0.email,
        c3_0.phone_number,
        ma4_0.admin_id,
        ma4_0.admin_name,
        ma4_0.email,
        m5_0.mall_id,
        m5_0.contact_number,
        m5_0.location,
        m5_0.mall_name,
        u4_0.password,
        u4_0.role,
        u4_0.username,
        s2_0.shop_type,
        s2_0.status,
        o1_0.total_amount,
        i1_0.price,
        i1_0.quantity 
    from
        item i1_0 
    left join
        order_details o1_0 
            on o1_0.order_id=i1_0.order_id 
    left join
        customer c1_0 
            on c1_0.customer_id=o1_0.customer_id 
    left join
        users u1_0 
            on u1_0.user_id=c1_0.user_id 
    left join
        mall_admin ma1_0 
            on u1_0.user_id=ma1_0.user_id 
    left join
        mall m1_0 
            on m1_0.mall_id=ma1_0.mall_id 
    left join
        shop_owner so1_0 
            on u1_0.user_id=so1_0.user_id 
    left join
        shop s1_0 
            on s1_0.shop_id=so1_0.shop_id 
    left join
        mall m2_0 
            on m2_0.mall_id=s1_0.mall_id 
    left join
        mall_admin ma2_0 
            on m2_0.mall_id=ma2_0.mall_id 
    left join
        users u2_0 
            on u2_0.user_id=ma2_0.user_id 
    left join
        shop s2_0 
            on s2_0.shop_id=o1_0.shop_id 
    left join
        mall m3_0 
            on m3_0.mall_id=s2_0.mall_id 
    left join
        mall_admin ma3_0 
            on m3_0.mall_id=ma3_0.mall_id 
    left join
        users u3_0 
            on u3_0.user_id=ma3_0.user_id 
    left join
        customer c2_0 
            on u3_0.user_id=c2_0.user_id 
    left join
        shop_owner so2_0 
            on u3_0.user_id=so2_0.user_id 
    left join
        shop s3_0 
            on s3_0.shop_id=so2_0.shop_id 
    left join
        shop_owner so3_0 
            on s2_0.shop_id=so3_0.shop_id 
    left join
        users u4_0 
            on u4_0.user_id=so3_0.user_id 
    left join
        customer c3_0 
            on u4_0.user_id=c3_0.user_id 
    left join
        mall_admin ma4_0 
            on u4_0.user_id=ma4_0.user_id 
    left join
        mall m5_0 
            on m5_0.mall_id=ma4_0.mall_id 
    where
        i1_0.shop_id=?
2026-01-18T19:07:07.318+05:30  WARN 29792 --- [           main] .w.s.m.s.DefaultHandlerExceptionResolver : Ignoring exception, response committed already: org.springframework.http.converter.HttpMessageNotWritableException: Could not write JSON: Document nesting depth (501) exceeds the maximum allowed (500, from `StreamWriteConstraints.getMaxNestingDepth()`)
2026-01-18T19:07:07.318+05:30  WARN 29792 --- [           main] .w.s.m.s.DefaultHandlerExceptionResolver : Resolved [org.springframework.http.converter.HttpMessageNotWritableException: Could not write JSON: Document nesting depth (501) exceeds the maximum allowed (500, from `StreamWriteConstraints.getMaxNestingDepth()`)]
2026-01-18T19:07:07.339+05:30  INFO 29792 --- [           main] o.s.b.t.m.w.SpringBootMockServletContext : Initializing Spring TestDispatcherServlet ''
2026-01-18T19:07:07.340+05:30  INFO 29792 --- [           main] o.s.t.web.servlet.TestDispatcherServlet  : Initializing Servlet ''
2026-01-18T19:07:07.342+05:30  INFO 29792 --- [           main] o.s.t.web.servlet.TestDispatcherServlet  : Completed initialization in 2 ms
2026-01-18T19:07:07.348+05:30 DEBUG 29792 --- [           main] org.hibernate.SQL                        : 
    insert 
    into
        order_details
        (customer_id, order_status, payment_mode, shop_id, total_amount) 
    values
        (?, ?, ?, ?, ?)
Hibernate: 
    insert 
    into
        order_details
        (customer_id, order_status, payment_mode, shop_id, total_amount) 
    values
        (?, ?, ?, ?, ?)
[ERROR] Tests run: 9, Failures: 2, Errors: 0, Skipped: 0, Time elapsed: 9.211 s <<< FAILURE! -- in com.avn.mallproject.MallprojectApplicationTests
[ERROR] com.avn.mallproject.MallprojectApplicationTests.testGetShopsByMall -- Time elapsed: 0.392 s <<< FAILURE!
java.lang.AssertionError: No value at JSON path "$[0].shopName"
	at org.springframework.test.util.JsonPathExpectationsHelper.evaluateJsonPath(JsonPathExpectationsHelper.java:350)
	at org.springframework.test.util.JsonPathExpectationsHelper.assertValue(JsonPathExpectationsHelper.java:106)
	at org.springframework.test.web.servlet.result.JsonPathResultMatchers.lambda$value$0(JsonPathResultMatchers.java:87)
	at org.springframework.test.web.servlet.MockMvc$1.andExpect(MockMvc.java:212)
	at com.avn.mallproject.MallprojectApplicationTests.testGetShopsByMall(MallprojectApplicationTests.java:125)
Caused by: com.jayway.jsonpath.InvalidJsonException: net.minidev.json.parser.ParseException: Malicious payload, having non natural depths, parsing stoped on { at position 22079.
	at com.jayway.jsonpath.spi.json.JsonSmartJsonProvider.parse(JsonSmartJsonProvider.java:64)
	at com.jayway.jsonpath.JsonPath.read(JsonPath.java:393)
	at org.springframework.test.util.JsonPathExpectationsHelper.evaluateJsonPath(JsonPathExpectationsHelper.java:347)
	... 4 more
Caused by: net.minidev.json.parser.ParseException: Malicious payload, having non natural depths, parsing stoped on { at position 22079.
	at net.minidev.json.parser.JSONParserBase.readObject(JSONParserBase.java:563)
	at net.minidev.json.parser.JSONParserBase.readMain(JSONParserBase.java:473)
	at net.minidev.json.parser.JSONParserBase.readArray(JSONParserBase.java:348)
	at net.minidev.json.parser.JSONParserBase.readMain(JSONParserBase.java:476)
	at net.minidev.json.parser.JSONParserBase.readObject(JSONParserBase.java:623)
	at net.minidev.json.parser.JSONParserBase.readMain(JSONParserBase.java:473)
	at net.minidev.json.parser.JSONParserBase.readObject(JSONParserBase.java:623)
	at net.minidev.json.parser.JSONParserBase.readMain(JSONParserBase.java:473)
	at net.minidev.json.parser.JSONParserBase.readArray(JSONParserBase.java:348)
	at net.minidev.json.parser.JSONParserBase.readMain(JSONParserBase.java:476)
	at net.minidev.json.parser.JSONParserBase.readObject(JSONParserBase.java:623)
	at net.minidev.json.parser.JSONParserBase.readMain(JSONParserBase.java:473)
	at net.minidev.json.parser.JSONParserBase.readObject(JSONParserBase.java:623)
	at net.minidev.json.parser.JSONParserBase.readMain(JSONParserBase.java:473)
	at net.minidev.json.parser.JSONParserBase.readArray(JSONParserBase.java:348)
	at net.minidev.json.parser.JSONParserBase.readMain(JSONParserBase.java:476)
	at net.minidev.json.parser.JSONParserBase.readObject(JSONParserBase.java:623)
	at net.minidev.json.parser.JSONParserBase.readMain(JSONParserBase.java:473)
	at net.minidev.json.parser.JSONParserBase.readObject(JSONParserBase.java:623)
	at net.minidev.json.parser.JSONParserBase.readMain(JSONParserBase.java:473)
	at net.minidev.json.parser.JSONParserBase.readArray(JSONParserBase.java:348)
	at net.minidev.json.parser.JSONParserBase.readMain(JSONParserBase.java:476)
	at net.minidev.json.parser.JSONParserBase.readObject(JSONParserBase.java:623)
	at net.minidev.json.parser.JSONParserBase.readMain(JSONParserBase.java:473)
	at net.minidev.json.parser.JSONParserBase.readObject(JSONParserBase.java:623)
	at net.minidev.json.parser.JSONParserBase.readMain(JSONParserBase.java:473)
	at net.minidev.json.parser.JSONParserBase.readArray(JSONParserBase.java:348)
	at net.minidev.json.parser.JSONParserBase.readMain(JSONParserBase.java:476)
	at net.minidev.json.parser.JSONParserBase.readObject(JSONParserBase.java:623)
	at net.minidev.json.parser.JSONParserBase.readMain(JSONParserBase.java:473)
	at net.minidev.json.parser.JSONParserBase.readObject(JSONParserBase.java:623)
	at net.minidev.json.parser.JSONParserBase.readMain(JSONParserBase.java:473)
	at net.minidev.json.parser.JSONParserBase.readArray(JSONParserBase.java:348)
	at net.minidev.json.parser.JSONParserBase.readMain(JSONParserBase.java:476)
	at net.minidev.json.parser.JSONParserBase.readObject(JSONParserBase.java:623)
	at net.minidev.json.parser.JSONParserBase.readMain(JSONParserBase.java:473)
	at net.minidev.json.parser.JSONParserBase.readObject(JSONParserBase.java:623)
	at net.minidev.json.parser.JSONParserBase.readMain(JSONParserBase.java:473)
	at net.minidev.json.parser.JSONParserBase.readArray(JSONParserBase.java:348)
	at net.minidev.json.parser.JSONParserBase.readMain(JSONParserBase.java:476)
	at net.minidev.json.parser.JSONParserBase.readObject(JSONParserBase.java:623)
	at net.minidev.json.parser.JSONParserBase.readMain(JSONParserBase.java:473)
	at net.minidev.json.parser.JSONParserBase.readObject(JSONParserBase.java:623)
	at net.minidev.json.parser.JSONParserBase.readMain(JSONParserBase.java:473)
	at net.minidev.json.parser.JSONParserBase.readArray(JSONParserBase.java:348)
	at net.minidev.json.parser.JSONParserBase.readMain(JSONParserBase.java:476)
	at net.minidev.json.parser.JSONParserBase.readObject(JSONParserBase.java:623)
	at net.minidev.json.parser.JSONParserBase.readMain(JSONParserBase.java:473)
	at net.minidev.json.parser.JSONParserBase.readObject(JSONParserBase.java:623)
	at net.minidev.json.parser.JSONParserBase.readMain(JSONParserBase.java:473)
	at net.minidev.json.parser.JSONParserBase.readArray(JSONParserBase.java:348)
	at net.minidev.json.parser.JSONParserBase.readMain(JSONParserBase.java:476)
	at net.minidev.json.parser.JSONParserBase.readObject(JSONParserBase.java:623)
	at net.minidev.json.parser.JSONParserBase.readMain(JSONParserBase.java:473)
	at net.minidev.json.parser.JSONParserBase.readObject(JSONParserBase.java:623)
	at net.minidev.json.parser.JSONParserBase.readMain(JSONParserBase.java:473)
	at net.minidev.json.parser.JSONParserBase.readArray(JSONParserBase.java:348)
	at net.minidev.json.parser.JSONParserBase.readMain(JSONParserBase.java:476)
	at net.minidev.json.parser.JSONParserBase.readObject(JSONParserBase.java:623)
	at net.minidev.json.parser.JSONParserBase.readMain(JSONParserBase.java:473)
	at net.minidev.json.parser.JSONParserBase.readObject(JSONParserBase.java:623)
	at net.minidev.json.parser.JSONParserBase.readMain(JSONParserBase.java:473)
	at net.minidev.json.parser.JSONParserBase.readArray(JSONParserBase.java:348)
	at net.minidev.json.parser.JSONParserBase.readMain(JSONParserBase.java:476)
	at net.minidev.json.parser.JSONParserBase.readObject(JSONParserBase.java:623)
	at net.minidev.json.parser.JSONParserBase.readMain(JSONParserBase.java:473)
	at net.minidev.json.parser.JSONParserBase.readObject(JSONParserBase.java:623)
	at net.minidev.json.parser.JSONParserBase.readMain(JSONParserBase.java:473)
	at net.minidev.json.parser.JSONParserBase.readArray(JSONParserBase.java:348)
	at net.minidev.json.parser.JSONParserBase.readMain(JSONParserBase.java:476)
	at net.minidev.json.parser.JSONParserBase.readObject(JSONParserBase.java:623)
	at net.minidev.json.parser.JSONParserBase.readMain(JSONParserBase.java:473)
	at net.minidev.json.parser.JSONParserBase.readObject(JSONParserBase.java:623)
	at net.minidev.json.parser.JSONParserBase.readMain(JSONParserBase.java:473)
	at net.minidev.json.parser.JSONParserBase.readArray(JSONParserBase.java:348)
	at net.minidev.json.parser.JSONParserBase.readMain(JSONParserBase.java:476)
	at net.minidev.json.parser.JSONParserBase.readObject(JSONParserBase.java:623)
	at net.minidev.json.parser.JSONParserBase.readMain(JSONParserBase.java:473)
	at net.minidev.json.parser.JSONParserBase.readObject(JSONParserBase.java:623)
	at net.minidev.json.parser.JSONParserBase.readMain(JSONParserBase.java:473)
	at net.minidev.json.parser.JSONParserBase.readArray(JSONParserBase.java:348)
	at net.minidev.json.parser.JSONParserBase.readMain(JSONParserBase.java:476)
	at net.minidev.json.parser.JSONParserBase.readObject(JSONParserBase.java:623)
	at net.minidev.json.parser.JSONParserBase.readMain(JSONParserBase.java:473)
	at net.minidev.json.parser.JSONParserBase.readObject(JSONParserBase.java:623)
	at net.minidev.json.parser.JSONParserBase.readMain(JSONParserBase.java:473)
	at net.minidev.json.parser.JSONParserBase.readArray(JSONParserBase.java:348)
	at net.minidev.json.parser.JSONParserBase.readMain(JSONParserBase.java:476)
	at net.minidev.json.parser.JSONParserBase.readObject(JSONParserBase.java:623)
	at net.minidev.json.parser.JSONParserBase.readMain(JSONParserBase.java:473)
	at net.minidev.json.parser.JSONParserBase.readObject(JSONParserBase.java:623)
	at net.minidev.json.parser.JSONParserBase.readMain(JSONParserBase.java:473)
	at net.minidev.json.parser.JSONParserBase.readArray(JSONParserBase.java:348)
	at net.minidev.json.parser.JSONParserBase.readMain(JSONParserBase.java:476)
	at net.minidev.json.parser.JSONParserBase.readObject(JSONParserBase.java:623)
	at net.minidev.json.parser.JSONParserBase.readMain(JSONParserBase.java:473)
	at net.minidev.json.parser.JSONParserBase.readObject(JSONParserBase.java:623)
	at net.minidev.json.parser.JSONParserBase.readMain(JSONParserBase.java:473)
	at net.minidev.json.parser.JSONParserBase.readArray(JSONParserBase.java:348)
	at net.minidev.json.parser.JSONParserBase.readMain(JSONParserBase.java:476)
	at net.minidev.json.parser.JSONParserBase.readObject(JSONParserBase.java:623)
	at net.minidev.json.parser.JSONParserBase.readMain(JSONParserBase.java:473)
	at net.minidev.json.parser.JSONParserBase.readObject(JSONParserBase.java:623)
	at net.minidev.json.parser.JSONParserBase.readMain(JSONParserBase.java:473)
	at net.minidev.json.parser.JSONParserBase.readArray(JSONParserBase.java:348)
	at net.minidev.json.parser.JSONParserBase.readMain(JSONParserBase.java:476)
	at net.minidev.json.parser.JSONParserBase.readObject(JSONParserBase.java:623)
	at net.minidev.json.parser.JSONParserBase.readMain(JSONParserBase.java:473)
	at net.minidev.json.parser.JSONParserBase.readObject(JSONParserBase.java:623)
	at net.minidev.json.parser.JSONParserBase.readMain(JSONParserBase.java:473)
	at net.minidev.json.parser.JSONParserBase.readArray(JSONParserBase.java:348)
	at net.minidev.json.parser.JSONParserBase.readMain(JSONParserBase.java:476)
	at net.minidev.json.parser.JSONParserBase.readObject(JSONParserBase.java:623)
	at net.minidev.json.parser.JSONParserBase.readMain(JSONParserBase.java:473)
	at net.minidev.json.parser.JSONParserBase.readObject(JSONParserBase.java:623)
	at net.minidev.json.parser.JSONParserBase.readMain(JSONParserBase.java:473)
	at net.minidev.json.parser.JSONParserBase.readArray(JSONParserBase.java:348)
	at net.minidev.json.parser.JSONParserBase.readMain(JSONParserBase.java:476)
	at net.minidev.json.parser.JSONParserBase.readObject(JSONParserBase.java:623)
	at net.minidev.json.parser.JSONParserBase.readMain(JSONParserBase.java:473)
	at net.minidev.json.parser.JSONParserBase.readObject(JSONParserBase.java:623)
	at net.minidev.json.parser.JSONParserBase.readMain(JSONParserBase.java:473)
	at net.minidev.json.parser.JSONParserBase.readArray(JSONParserBase.java:348)
	at net.minidev.json.parser.JSONParserBase.readMain(JSONParserBase.java:476)
	at net.minidev.json.parser.JSONParserBase.readObject(JSONParserBase.java:623)
	at net.minidev.json.parser.JSONParserBase.readMain(JSONParserBase.java:473)
	at net.minidev.json.parser.JSONParserBase.readObject(JSONParserBase.java:623)
	at net.minidev.json.parser.JSONParserBase.readMain(JSONParserBase.java:473)
	at net.minidev.json.parser.JSONParserBase.readArray(JSONParserBase.java:348)
	at net.minidev.json.parser.JSONParserBase.readMain(JSONParserBase.java:476)
	at net.minidev.json.parser.JSONParserBase.readObject(JSONParserBase.java:623)
	at net.minidev.json.parser.JSONParserBase.readMain(JSONParserBase.java:473)
	at net.minidev.json.parser.JSONParserBase.readObject(JSONParserBase.java:623)
	at net.minidev.json.parser.JSONParserBase.readMain(JSONParserBase.java:473)
	at net.minidev.json.parser.JSONParserBase.readArray(JSONParserBase.java:348)
	at net.minidev.json.parser.JSONParserBase.readMain(JSONParserBase.java:476)
	at net.minidev.json.parser.JSONParserBase.readObject(JSONParserBase.java:623)
	at net.minidev.json.parser.JSONParserBase.readMain(JSONParserBase.java:473)
	at net.minidev.json.parser.JSONParserBase.readObject(JSONParserBase.java:623)
	at net.minidev.json.parser.JSONParserBase.readMain(JSONParserBase.java:473)
	at net.minidev.json.parser.JSONParserBase.readArray(JSONParserBase.java:348)
	at net.minidev.json.parser.JSONParserBase.readMain(JSONParserBase.java:476)
	at net.minidev.json.parser.JSONParserBase.readObject(JSONParserBase.java:623)
	at net.minidev.json.parser.JSONParserBase.readMain(JSONParserBase.java:473)
	at net.minidev.json.parser.JSONParserBase.readObject(JSONParserBase.java:623)
	at net.minidev.json.parser.JSONParserBase.readMain(JSONParserBase.java:473)
	at net.minidev.json.parser.JSONParserBase.readArray(JSONParserBase.java:348)
	at net.minidev.json.parser.JSONParserBase.readMain(JSONParserBase.java:476)
	at net.minidev.json.parser.JSONParserBase.readObject(JSONParserBase.java:623)
	at net.minidev.json.parser.JSONParserBase.readMain(JSONParserBase.java:473)
	at net.minidev.json.parser.JSONParserBase.readObject(JSONParserBase.java:623)
	at net.minidev.json.parser.JSONParserBase.readMain(JSONParserBase.java:473)
	at net.minidev.json.parser.JSONParserBase.readArray(JSONParserBase.java:348)
	at net.minidev.json.parser.JSONParserBase.readMain(JSONParserBase.java:476)
	at net.minidev.json.parser.JSONParserBase.readObject(JSONParserBase.java:623)
	at net.minidev.json.parser.JSONParserBase.readMain(JSONParserBase.java:473)
	at net.minidev.json.parser.JSONParserBase.readObject(JSONParserBase.java:623)
	at net.minidev.json.parser.JSONParserBase.readMain(JSONParserBase.java:473)
	at net.minidev.json.parser.JSONParserBase.readArray(JSONParserBase.java:348)
	at net.minidev.json.parser.JSONParserBase.readMain(JSONParserBase.java:476)
	at net.minidev.json.parser.JSONParserBase.readObject(JSONParserBase.java:623)
	at net.minidev.json.parser.JSONParserBase.readMain(JSONParserBase.java:473)
	at net.minidev.json.parser.JSONParserBase.readObject(JSONParserBase.java:623)
	at net.minidev.json.parser.JSONParserBase.readMain(JSONParserBase.java:473)
	at net.minidev.json.parser.JSONParserBase.readArray(JSONParserBase.java:348)
	at net.minidev.json.parser.JSONParserBase.readMain(JSONParserBase.java:476)
	at net.minidev.json.parser.JSONParserBase.readObject(JSONParserBase.java:623)
	at net.minidev.json.parser.JSONParserBase.readMain(JSONParserBase.java:473)
	at net.minidev.json.parser.JSONParserBase.readObject(JSONParserBase.java:623)
	at net.minidev.json.parser.JSONParserBase.readMain(JSONParserBase.java:473)
	at net.minidev.json.parser.JSONParserBase.readArray(JSONParserBase.java:348)
	at net.minidev.json.parser.JSONParserBase.readMain(JSONParserBase.java:476)
	at net.minidev.json.parser.JSONParserBase.readObject(JSONParserBase.java:623)
	at net.minidev.json.parser.JSONParserBase.readMain(JSONParserBase.java:473)
	at net.minidev.json.parser.JSONParserBase.readObject(JSONParserBase.java:623)
	at net.minidev.json.parser.JSONParserBase.readMain(JSONParserBase.java:473)
	at net.minidev.json.parser.JSONParserBase.readArray(JSONParserBase.java:348)
	at net.minidev.json.parser.JSONParserBase.readMain(JSONParserBase.java:476)
	at net.minidev.json.parser.JSONParserBase.readObject(JSONParserBase.java:623)
	at net.minidev.json.parser.JSONParserBase.readMain(JSONParserBase.java:473)
	at net.minidev.json.parser.JSONParserBase.readObject(JSONParserBase.java:623)
	at net.minidev.json.parser.JSONParserBase.readMain(JSONParserBase.java:473)
	at net.minidev.json.parser.JSONParserBase.readArray(JSONParserBase.java:348)
	at net.minidev.json.parser.JSONParserBase.readMain(JSONParserBase.java:476)
	at net.minidev.json.parser.JSONParserBase.readObject(JSONParserBase.java:623)
	at net.minidev.json.parser.JSONParserBase.readMain(JSONParserBase.java:473)
	at net.minidev.json.parser.JSONParserBase.readObject(JSONParserBase.java:623)
	at net.minidev.json.parser.JSONParserBase.readMain(JSONParserBase.java:473)
	at net.minidev.json.parser.JSONParserBase.readArray(JSONParserBase.java:348)
	at net.minidev.json.parser.JSONParserBase.readMain(JSONParserBase.java:476)
	at net.minidev.json.parser.JSONParserBase.readObject(JSONParserBase.java:623)
	at net.minidev.json.parser.JSONParserBase.readMain(JSONParserBase.java:473)
	at net.minidev.json.parser.JSONParserBase.readObject(JSONParserBase.java:623)
	at net.minidev.json.parser.JSONParserBase.readMain(JSONParserBase.java:473)
	at net.minidev.json.parser.JSONParserBase.readArray(JSONParserBase.java:348)
	at net.minidev.json.parser.JSONParserBase.readMain(JSONParserBase.java:476)
	at net.minidev.json.parser.JSONParserBase.readObject(JSONParserBase.java:623)
	at net.minidev.json.parser.JSONParserBase.readMain(JSONParserBase.java:473)
	at net.minidev.json.parser.JSONParserBase.readObject(JSONParserBase.java:623)
	at net.minidev.json.parser.JSONParserBase.readMain(JSONParserBase.java:473)
	at net.minidev.json.parser.JSONParserBase.readArray(JSONParserBase.java:348)
	at net.minidev.json.parser.JSONParserBase.readMain(JSONParserBase.java:476)
	at net.minidev.json.parser.JSONParserBase.readObject(JSONParserBase.java:623)
	at net.minidev.json.parser.JSONParserBase.readMain(JSONParserBase.java:473)
	at net.minidev.json.parser.JSONParserBase.readObject(JSONParserBase.java:623)
	at net.minidev.json.parser.JSONParserBase.readMain(JSONParserBase.java:473)
	at net.minidev.json.parser.JSONParserBase.readArray(JSONParserBase.java:348)
	at net.minidev.json.parser.JSONParserBase.readMain(JSONParserBase.java:476)
	at net.minidev.json.parser.JSONParserBase.readObject(JSONParserBase.java:623)
	at net.minidev.json.parser.JSONParserBase.readMain(JSONParserBase.java:473)
	at net.minidev.json.parser.JSONParserBase.readObject(JSONParserBase.java:623)
	at net.minidev.json.parser.JSONParserBase.readMain(JSONParserBase.java:473)
	at net.minidev.json.parser.JSONParserBase.readArray(JSONParserBase.java:348)
	at net.minidev.json.parser.JSONParserBase.readMain(JSONParserBase.java:476)
	at net.minidev.json.parser.JSONParserBase.readObject(JSONParserBase.java:623)
	at net.minidev.json.parser.JSONParserBase.readMain(JSONParserBase.java:473)
	at net.minidev.json.parser.JSONParserBase.readObject(JSONParserBase.java:623)
	at net.minidev.json.parser.JSONParserBase.readMain(JSONParserBase.java:473)
	at net.minidev.json.parser.JSONParserBase.readArray(JSONParserBase.java:348)
	at net.minidev.json.parser.JSONParserBase.readMain(JSONParserBase.java:476)
	at net.minidev.json.parser.JSONParserBase.readObject(JSONParserBase.java:623)
	at net.minidev.json.parser.JSONParserBase.readMain(JSONParserBase.java:473)
	at net.minidev.json.parser.JSONParserBase.readObject(JSONParserBase.java:623)
	at net.minidev.json.parser.JSONParserBase.readMain(JSONParserBase.java:473)
	at net.minidev.json.parser.JSONParserBase.readArray(JSONParserBase.java:348)
	at net.minidev.json.parser.JSONParserBase.readMain(JSONParserBase.java:476)
	at net.minidev.json.parser.JSONParserBase.readObject(JSONParserBase.java:623)
	at net.minidev.json.parser.JSONParserBase.readMain(JSONParserBase.java:473)
	at net.minidev.json.parser.JSONParserBase.readObject(JSONParserBase.java:623)
	at net.minidev.json.parser.JSONParserBase.readMain(JSONParserBase.java:473)
	at net.minidev.json.parser.JSONParserBase.readArray(JSONParserBase.java:348)
	at net.minidev.json.parser.JSONParserBase.readMain(JSONParserBase.java:476)
	at net.minidev.json.parser.JSONParserBase.readObject(JSONParserBase.java:623)
	at net.minidev.json.parser.JSONParserBase.readMain(JSONParserBase.java:473)
	at net.minidev.json.parser.JSONParserBase.readObject(JSONParserBase.java:623)
	at net.minidev.json.parser.JSONParserBase.readMain(JSONParserBase.java:473)
	at net.minidev.json.parser.JSONParserBase.readArray(JSONParserBase.java:348)
	at net.minidev.json.parser.JSONParserBase.readMain(JSONParserBase.java:476)
	at net.minidev.json.parser.JSONParserBase.readObject(JSONParserBase.java:623)
	at net.minidev.json.parser.JSONParserBase.readMain(JSONParserBase.java:473)
	at net.minidev.json.parser.JSONParserBase.readObject(JSONParserBase.java:623)
	at net.minidev.json.parser.JSONParserBase.readMain(JSONParserBase.java:473)
	at net.minidev.json.parser.JSONParserBase.readArray(JSONParserBase.java:348)
	at net.minidev.json.parser.JSONParserBase.readMain(JSONParserBase.java:476)
	at net.minidev.json.parser.JSONParserBase.readObject(JSONParserBase.java:623)
	at net.minidev.json.parser.JSONParserBase.readMain(JSONParserBase.java:473)
	at net.minidev.json.parser.JSONParserBase.readObject(JSONParserBase.java:623)
	at net.minidev.json.parser.JSONParserBase.readMain(JSONParserBase.java:473)
	at net.minidev.json.parser.JSONParserBase.readArray(JSONParserBase.java:348)
	at net.minidev.json.parser.JSONParserBase.readMain(JSONParserBase.java:476)
	at net.minidev.json.parser.JSONParserBase.readObject(JSONParserBase.java:623)
	at net.minidev.json.parser.JSONParserBase.readMain(JSONParserBase.java:473)
	at net.minidev.json.parser.JSONParserBase.readObject(JSONParserBase.java:623)
	at net.minidev.json.parser.JSONParserBase.readMain(JSONParserBase.java:473)
	at net.minidev.json.parser.JSONParserBase.readArray(JSONParserBase.java:348)
	at net.minidev.json.parser.JSONParserBase.readMain(JSONParserBase.java:476)
	at net.minidev.json.parser.JSONParserBase.readObject(JSONParserBase.java:623)
	at net.minidev.json.parser.JSONParserBase.readMain(JSONParserBase.java:473)
	at net.minidev.json.parser.JSONParserBase.readObject(JSONParserBase.java:623)
	at net.minidev.json.parser.JSONParserBase.readMain(JSONParserBase.java:473)
	at net.minidev.json.parser.JSONParserBase.readArray(JSONParserBase.java:348)
	at net.minidev.json.parser.JSONParserBase.readMain(JSONParserBase.java:476)
	at net.minidev.json.parser.JSONParserBase.readObject(JSONParserBase.java:623)
	at net.minidev.json.parser.JSONParserBase.readMain(JSONParserBase.java:473)
	at net.minidev.json.parser.JSONParserBase.readObject(JSONParserBase.java:623)
	at net.minidev.json.parser.JSONParserBase.readMain(JSONParserBase.java:473)
	at net.minidev.json.parser.JSONParserBase.readArray(JSONParserBase.java:348)
	at net.minidev.json.parser.JSONParserBase.readMain(JSONParserBase.java:476)
	at net.minidev.json.parser.JSONParserBase.readObject(JSONParserBase.java:623)
	at net.minidev.json.parser.JSONParserBase.readMain(JSONParserBase.java:473)
	at net.minidev.json.parser.JSONParserBase.readObject(JSONParserBase.java:623)
	at net.minidev.json.parser.JSONParserBase.readMain(JSONParserBase.java:473)
	at net.minidev.json.parser.JSONParserBase.readArray(JSONParserBase.java:348)
	at net.minidev.json.parser.JSONParserBase.readMain(JSONParserBase.java:476)
	at net.minidev.json.parser.JSONParserBase.readObject(JSONParserBase.java:623)
	at net.minidev.json.parser.JSONParserBase.readMain(JSONParserBase.java:473)
	at net.minidev.json.parser.JSONParserBase.readObject(JSONParserBase.java:623)
	at net.minidev.json.parser.JSONParserBase.readMain(JSONParserBase.java:473)
	at net.minidev.json.parser.JSONParserBase.readArray(JSONParserBase.java:348)
	at net.minidev.json.parser.JSONParserBase.readMain(JSONParserBase.java:476)
	at net.minidev.json.parser.JSONParserBase.readObject(JSONParserBase.java:623)
	at net.minidev.json.parser.JSONParserBase.readMain(JSONParserBase.java:473)
	at net.minidev.json.parser.JSONParserBase.readObject(JSONParserBase.java:623)
	at net.minidev.json.parser.JSONParserBase.readMain(JSONParserBase.java:473)
	at net.minidev.json.parser.JSONParserBase.readArray(JSONParserBase.java:348)
	at net.minidev.json.parser.JSONParserBase.readMain(JSONParserBase.java:476)
	at net.minidev.json.parser.JSONParserBase.readObject(JSONParserBase.java:623)
	at net.minidev.json.parser.JSONParserBase.readMain(JSONParserBase.java:473)
	at net.minidev.json.parser.JSONParserBase.readObject(JSONParserBase.java:623)
	at net.minidev.json.parser.JSONParserBase.readMain(JSONParserBase.java:473)
	at net.minidev.json.parser.JSONParserBase.readArray(JSONParserBase.java:348)
	at net.minidev.json.parser.JSONParserBase.readMain(JSONParserBase.java:476)
	at net.minidev.json.parser.JSONParserBase.readObject(JSONParserBase.java:623)
	at net.minidev.json.parser.JSONParserBase.readMain(JSONParserBase.java:473)
	at net.minidev.json.parser.JSONParserBase.readObject(JSONParserBase.java:623)
	at net.minidev.json.parser.JSONParserBase.readMain(JSONParserBase.java:473)
	at net.minidev.json.parser.JSONParserBase.readArray(JSONParserBase.java:348)
	at net.minidev.json.parser.JSONParserBase.readMain(JSONParserBase.java:476)
	at net.minidev.json.parser.JSONParserBase.readObject(JSONParserBase.java:623)
	at net.minidev.json.parser.JSONParserBase.readMain(JSONParserBase.java:473)
	at net.minidev.json.parser.JSONParserBase.readObject(JSONParserBase.java:623)
	at net.minidev.json.parser.JSONParserBase.readMain(JSONParserBase.java:473)
	at net.minidev.json.parser.JSONParserBase.readArray(JSONParserBase.java:348)
	at net.minidev.json.parser.JSONParserBase.readMain(JSONParserBase.java:476)
	at net.minidev.json.parser.JSONParserBase.readObject(JSONParserBase.java:623)
	at net.minidev.json.parser.JSONParserBase.readMain(JSONParserBase.java:473)
	at net.minidev.json.parser.JSONParserBase.readObject(JSONParserBase.java:623)
	at net.minidev.json.parser.JSONParserBase.readMain(JSONParserBase.java:473)
	at net.minidev.json.parser.JSONParserBase.readArray(JSONParserBase.java:348)
	at net.minidev.json.parser.JSONParserBase.readMain(JSONParserBase.java:476)
	at net.minidev.json.parser.JSONParserBase.readObject(JSONParserBase.java:623)
	at net.minidev.json.parser.JSONParserBase.readMain(JSONParserBase.java:473)
	at net.minidev.json.parser.JSONParserBase.readObject(JSONParserBase.java:623)
	at net.minidev.json.parser.JSONParserBase.readMain(JSONParserBase.java:473)
	at net.minidev.json.parser.JSONParserBase.readArray(JSONParserBase.java:348)
	at net.minidev.json.parser.JSONParserBase.readMain(JSONParserBase.java:476)
	at net.minidev.json.parser.JSONParserBase.readObject(JSONParserBase.java:623)
	at net.minidev.json.parser.JSONParserBase.readMain(JSONParserBase.java:473)
	at net.minidev.json.parser.JSONParserBase.readObject(JSONParserBase.java:623)
	at net.minidev.json.parser.JSONParserBase.readMain(JSONParserBase.java:473)
	at net.minidev.json.parser.JSONParserBase.readArray(JSONParserBase.java:348)
	at net.minidev.json.parser.JSONParserBase.readMain(JSONParserBase.java:476)
	at net.minidev.json.parser.JSONParserBase.readObject(JSONParserBase.java:623)
	at net.minidev.json.parser.JSONParserBase.readMain(JSONParserBase.java:473)
	at net.minidev.json.parser.JSONParserBase.readObject(JSONParserBase.java:623)
	at net.minidev.json.parser.JSONParserBase.readMain(JSONParserBase.java:473)
	at net.minidev.json.parser.JSONParserBase.readArray(JSONParserBase.java:348)
	at net.minidev.json.parser.JSONParserBase.readMain(JSONParserBase.java:476)
	at net.minidev.json.parser.JSONParserBase.readObject(JSONParserBase.java:623)
	at net.minidev.json.parser.JSONParserBase.readMain(JSONParserBase.java:473)
	at net.minidev.json.parser.JSONParserBase.readObject(JSONParserBase.java:623)
	at net.minidev.json.parser.JSONParserBase.readMain(JSONParserBase.java:473)
	at net.minidev.json.parser.JSONParserBase.readArray(JSONParserBase.java:348)
	at net.minidev.json.parser.JSONParserBase.readMain(JSONParserBase.java:476)
	at net.minidev.json.parser.JSONParserBase.readObject(JSONParserBase.java:623)
	at net.minidev.json.parser.JSONParserBase.readMain(JSONParserBase.java:473)
	at net.minidev.json.parser.JSONParserBase.readObject(JSONParserBase.java:623)
	at net.minidev.json.parser.JSONParserBase.readMain(JSONParserBase.java:473)
	at net.minidev.json.parser.JSONParserBase.readArray(JSONParserBase.java:348)
	at net.minidev.json.parser.JSONParserBase.readMain(JSONParserBase.java:476)
	at net.minidev.json.parser.JSONParserBase.readObject(JSONParserBase.java:623)
	at net.minidev.json.parser.JSONParserBase.readMain(JSONParserBase.java:473)
	at net.minidev.json.parser.JSONParserBase.readObject(JSONParserBase.java:623)
	at net.minidev.json.parser.JSONParserBase.readMain(JSONParserBase.java:473)
	at net.minidev.json.parser.JSONParserBase.readArray(JSONParserBase.java:348)
	at net.minidev.json.parser.JSONParserBase.readMain(JSONParserBase.java:476)
	at net.minidev.json.parser.JSONParserBase.readObject(JSONParserBase.java:623)
	at net.minidev.json.parser.JSONParserBase.readMain(JSONParserBase.java:473)
	at net.minidev.json.parser.JSONParserBase.readObject(JSONParserBase.java:623)
	at net.minidev.json.parser.JSONParserBase.readMain(JSONParserBase.java:473)
	at net.minidev.json.parser.JSONParserBase.readArray(JSONParserBase.java:348)
	at net.minidev.json.parser.JSONParserBase.readMain(JSONParserBase.java:476)
	at net.minidev.json.parser.JSONParserBase.readObject(JSONParserBase.java:623)
	at net.minidev.json.parser.JSONParserBase.readMain(JSONParserBase.java:473)
	at net.minidev.json.parser.JSONParserBase.readObject(JSONParserBase.java:623)
	at net.minidev.json.parser.JSONParserBase.readMain(JSONParserBase.java:473)
	at net.minidev.json.parser.JSONParserBase.readArray(JSONParserBase.java:348)
	at net.minidev.json.parser.JSONParserBase.readMain(JSONParserBase.java:476)
	at net.minidev.json.parser.JSONParserBase.readObject(JSONParserBase.java:623)
	at net.minidev.json.parser.JSONParserBase.readMain(JSONParserBase.java:473)
	at net.minidev.json.parser.JSONParserBase.readObject(JSONParserBase.java:623)
	at net.minidev.json.parser.JSONParserBase.readMain(JSONParserBase.java:473)
	at net.minidev.json.parser.JSONParserBase.readArray(JSONParserBase.java:348)
	at net.minidev.json.parser.JSONParserBase.readMain(JSONParserBase.java:476)
	at net.minidev.json.parser.JSONParserBase.readObject(JSONParserBase.java:623)
	at net.minidev.json.parser.JSONParserBase.readMain(JSONParserBase.java:473)
	at net.minidev.json.parser.JSONParserBase.readObject(JSONParserBase.java:623)
	at net.minidev.json.parser.JSONParserBase.readMain(JSONParserBase.java:473)
	at net.minidev.json.parser.JSONParserBase.readArray(JSONParserBase.java:348)
	at net.minidev.json.parser.JSONParserBase.readMain(JSONParserBase.java:476)
	at net.minidev.json.parser.JSONParserBase.readObject(JSONParserBase.java:623)
	at net.minidev.json.parser.JSONParserBase.readMain(JSONParserBase.java:473)
	at net.minidev.json.parser.JSONParserBase.readObject(JSONParserBase.java:623)
	at net.minidev.json.parser.JSONParserBase.readMain(JSONParserBase.java:473)
	at net.minidev.json.parser.JSONParserBase.readArray(JSONParserBase.java:348)
	at net.minidev.json.parser.JSONParserBase.readMain(JSONParserBase.java:476)
	at net.minidev.json.parser.JSONParserBase.readObject(JSONParserBase.java:623)
	at net.minidev.json.parser.JSONParserBase.readMain(JSONParserBase.java:473)
	at net.minidev.json.parser.JSONParserBase.readObject(JSONParserBase.java:623)
	at net.minidev.json.parser.JSONParserBase.readMain(JSONParserBase.java:473)
	at net.minidev.json.parser.JSONParserBase.readArray(JSONParserBase.java:348)
	at net.minidev.json.parser.JSONParserBase.readMain(JSONParserBase.java:476)
	at net.minidev.json.parser.JSONParserBase.readObject(JSONParserBase.java:623)
	at net.minidev.json.parser.JSONParserBase.readMain(JSONParserBase.java:473)
	at net.minidev.json.parser.JSONParserBase.readObject(JSONParserBase.java:623)
	at net.minidev.json.parser.JSONParserBase.readMain(JSONParserBase.java:473)
	at net.minidev.json.parser.JSONParserBase.readArray(JSONParserBase.java:348)
	at net.minidev.json.parser.JSONParserBase.readMain(JSONParserBase.java:476)
	at net.minidev.json.parser.JSONParserBase.readObject(JSONParserBase.java:623)
	at net.minidev.json.parser.JSONParserBase.readMain(JSONParserBase.java:473)
	at net.minidev.json.parser.JSONParserBase.readObject(JSONParserBase.java:623)
	at net.minidev.json.parser.JSONParserBase.readMain(JSONParserBase.java:473)
	at net.minidev.json.parser.JSONParserBase.readArray(JSONParserBase.java:348)
	at net.minidev.json.parser.JSONParserBase.readMain(JSONParserBase.java:476)
	at net.minidev.json.parser.JSONParserBase.readObject(JSONParserBase.java:623)
	at net.minidev.json.parser.JSONParserBase.readMain(JSONParserBase.java:473)
	at net.minidev.json.parser.JSONParserBase.readObject(JSONParserBase.java:623)
	at net.minidev.json.parser.JSONParserBase.readMain(JSONParserBase.java:473)
	at net.minidev.json.parser.JSONParserBase.readArray(JSONParserBase.java:348)
	at net.minidev.json.parser.JSONParserBase.readMain(JSONParserBase.java:476)
	at net.minidev.json.parser.JSONParserBase.readObject(JSONParserBase.java:623)
	at net.minidev.json.parser.JSONParserBase.readMain(JSONParserBase.java:473)
	at net.minidev.json.parser.JSONParserBase.readObject(JSONParserBase.java:623)
	at net.minidev.json.parser.JSONParserBase.readMain(JSONParserBase.java:473)
	at net.minidev.json.parser.JSONParserBase.readArray(JSONParserBase.java:348)
	at net.minidev.json.parser.JSONParserBase.readMain(JSONParserBase.java:476)
	at net.minidev.json.parser.JSONParserBase.readObject(JSONParserBase.java:623)
	at net.minidev.json.parser.JSONParserBase.readMain(JSONParserBase.java:473)
	at net.minidev.json.parser.JSONParserBase.readObject(JSONParserBase.java:623)
	at net.minidev.json.parser.JSONParserBase.readMain(JSONParserBase.java:473)
	at net.minidev.json.parser.JSONParserBase.readArray(JSONParserBase.java:348)
	at net.minidev.json.parser.JSONParserBase.readMain(JSONParserBase.java:476)
	at net.minidev.json.parser.JSONParserBase.readObject(JSONParserBase.java:623)
	at net.minidev.json.parser.JSONParserBase.readMain(JSONParserBase.java:473)
	at net.minidev.json.parser.JSONParserBase.readObject(JSONParserBase.java:623)
	at net.minidev.json.parser.JSONParserBase.readMain(JSONParserBase.java:473)
	at net.minidev.json.parser.JSONParserBase.readArray(JSONParserBase.java:348)
	at net.minidev.json.parser.JSONParserBase.readMain(JSONParserBase.java:476)
	at net.minidev.json.parser.JSONParserBase.readObject(JSONParserBase.java:623)
	at net.minidev.json.parser.JSONParserBase.readMain(JSONParserBase.java:473)
	at net.minidev.json.parser.JSONParserBase.readObject(JSONParserBase.java:623)
	at net.minidev.json.parser.JSONParserBase.readMain(JSONParserBase.java:473)
	at net.minidev.json.parser.JSONParserBase.readArray(JSONParserBase.java:348)
	at net.minidev.json.parser.JSONParserBase.readMain(JSONParserBase.java:476)
	at net.minidev.json.parser.JSONParserBase.readObject(JSONParserBase.java:623)
	at net.minidev.json.parser.JSONParserBase.readMain(JSONParserBase.java:473)
	at net.minidev.json.parser.JSONParserBase.readObject(JSONParserBase.java:623)
	at net.minidev.json.parser.JSONParserBase.readMain(JSONParserBase.java:473)
	at net.minidev.json.parser.JSONParserBase.readArray(JSONParserBase.java:348)
	at net.minidev.json.parser.JSONParserBase.readMain(JSONParserBase.java:476)
	at net.minidev.json.parser.JSONParserBase.readObject(JSONParserBase.java:623)
	at net.minidev.json.parser.JSONParserBase.readMain(JSONParserBase.java:473)
	at net.minidev.json.parser.JSONParserBase.readObject(JSONParserBase.java:623)
	at net.minidev.json.parser.JSONParserBase.readMain(JSONParserBase.java:473)
	at net.minidev.json.parser.JSONParserBase.readArray(JSONParserBase.java:348)
	at net.minidev.json.parser.JSONParserBase.readMain(JSONParserBase.java:476)
	at net.minidev.json.parser.JSONParserBase.readObject(JSONParserBase.java:623)
	at net.minidev.json.parser.JSONParserBase.readMain(JSONParserBase.java:473)
	at net.minidev.json.parser.JSONParserBase.readObject(JSONParserBase.java:623)
	at net.minidev.json.parser.JSONParserBase.readMain(JSONParserBase.java:473)
	at net.minidev.json.parser.JSONParserBase.readArray(JSONParserBase.java:348)
	at net.minidev.json.parser.JSONParserBase.readMain(JSONParserBase.java:476)
	at net.minidev.json.parser.JSONParserBase.readObject(JSONParserBase.java:623)
	at net.minidev.json.parser.JSONParserBase.readMain(JSONParserBase.java:473)
	at net.minidev.json.parser.JSONParserBase.readObject(JSONParserBase.java:623)
	at net.minidev.json.parser.JSONParserBase.readMain(JSONParserBase.java:473)
	at net.minidev.json.parser.JSONParserBase.readArray(JSONParserBase.java:348)
	at net.minidev.json.parser.JSONParserBase.readMain(JSONParserBase.java:476)
	at net.minidev.json.parser.JSONParserBase.readObject(JSONParserBase.java:623)
	at net.minidev.json.parser.JSONParserBase.readMain(JSONParserBase.java:473)
	at net.minidev.json.parser.JSONParserBase.readObject(JSONParserBase.java:623)
	at net.minidev.json.parser.JSONParserBase.readMain(JSONParserBase.java:473)
	at net.minidev.json.parser.JSONParserBase.readArray(JSONParserBase.java:348)
	at net.minidev.json.parser.JSONParserBase.readMain(JSONParserBase.java:476)
	at net.minidev.json.parser.JSONParserBase.readObject(JSONParserBase.java:623)
	at net.minidev.json.parser.JSONParserBase.readMain(JSONParserBase.java:473)
	at net.minidev.json.parser.JSONParserBase.readObject(JSONParserBase.java:623)
	at net.minidev.json.parser.JSONParserBase.readMain(JSONParserBase.java:473)
	at net.minidev.json.parser.JSONParserBase.readArray(JSONParserBase.java:348)
	at net.minidev.json.parser.JSONParserBase.readMain(JSONParserBase.java:476)
	at net.minidev.json.parser.JSONParserBase.readObject(JSONParserBase.java:623)
	at net.minidev.json.parser.JSONParserBase.readMain(JSONParserBase.java:473)
	at net.minidev.json.parser.JSONParserBase.readObject(JSONParserBase.java:623)
	at net.minidev.json.parser.JSONParserBase.readMain(JSONParserBase.java:473)
	at net.minidev.json.parser.JSONParserBase.readArray(JSONParserBase.java:348)
	at net.minidev.json.parser.JSONParserBase.readMain(JSONParserBase.java:476)
	at net.minidev.json.parser.JSONParserBase.readObject(JSONParserBase.java:623)
	at net.minidev.json.parser.JSONParserBase.readMain(JSONParserBase.java:473)
	at net.minidev.json.parser.JSONParserBase.readObject(JSONParserBase.java:623)
	at net.minidev.json.parser.JSONParserBase.readMain(JSONParserBase.java:473)
	at net.minidev.json.parser.JSONParserBase.readArray(JSONParserBase.java:348)
	at net.minidev.json.parser.JSONParserBase.readMain(JSONParserBase.java:476)
	at net.minidev.json.parser.JSONParserBase.readObject(JSONParserBase.java:623)
	at net.minidev.json.parser.JSONParserBase.readMain(JSONParserBase.java:473)
	at net.minidev.json.parser.JSONParserBase.readObject(JSONParserBase.java:623)
	at net.minidev.json.parser.JSONParserBase.readMain(JSONParserBase.java:473)
	at net.minidev.json.parser.JSONParserBase.readArray(JSONParserBase.java:348)
	at net.minidev.json.parser.JSONParserBase.readMain(JSONParserBase.java:476)
	at net.minidev.json.parser.JSONParserBase.readObject(JSONParserBase.java:623)
	at net.minidev.json.parser.JSONParserBase.readMain(JSONParserBase.java:473)
	at net.minidev.json.parser.JSONParserBase.readObject(JSONParserBase.java:623)
	at net.minidev.json.parser.JSONParserBase.readMain(JSONParserBase.java:473)
	at net.minidev.json.parser.JSONParserBase.readArray(JSONParserBase.java:348)
	at net.minidev.json.parser.JSONParserBase.readMain(JSONParserBase.java:476)
	at net.minidev.json.parser.JSONParserBase.readObject(JSONParserBase.java:623)
	at net.minidev.json.parser.JSONParserBase.readMain(JSONParserBase.java:473)
	at net.minidev.json.parser.JSONParserBase.readObject(JSONParserBase.java:623)
	at net.minidev.json.parser.JSONParserBase.readMain(JSONParserBase.java:473)
	at net.minidev.json.parser.JSONParserBase.readArray(JSONParserBase.java:348)
	at net.minidev.json.parser.JSONParserBase.readMain(JSONParserBase.java:476)
	at net.minidev.json.parser.JSONParserBase.readObject(JSONParserBase.java:623)
	at net.minidev.json.parser.JSONParserBase.readMain(JSONParserBase.java:473)
	at net.minidev.json.parser.JSONParserBase.readObject(JSONParserBase.java:623)
	at net.minidev.json.parser.JSONParserBase.readMain(JSONParserBase.java:473)
	at net.minidev.json.parser.JSONParserBase.readArray(JSONParserBase.java:348)
	at net.minidev.json.parser.JSONParserBase.readMain(JSONParserBase.java:476)
	at net.minidev.json.parser.JSONParserBase.readObject(JSONParserBase.java:623)
	at net.minidev.json.parser.JSONParserBase.readMain(JSONParserBase.java:473)
	at net.minidev.json.parser.JSONParserBase.readObject(JSONParserBase.java:623)
	at net.minidev.json.parser.JSONParserBase.readMain(JSONParserBase.java:473)
	at net.minidev.json.parser.JSONParserBase.readArray(JSONParserBase.java:348)
	at net.minidev.json.parser.JSONParserBase.readMain(JSONParserBase.java:476)
	at net.minidev.json.parser.JSONParserBase.readObject(JSONParserBase.java:623)
	at net.minidev.json.parser.JSONParserBase.readMain(JSONParserBase.java:473)
	at net.minidev.json.parser.JSONParserBase.readObject(JSONParserBase.java:623)
	at net.minidev.json.parser.JSONParserBase.readMain(JSONParserBase.java:473)
	at net.minidev.json.parser.JSONParserBase.readArray(JSONParserBase.java:348)
	at net.minidev.json.parser.JSONParserBase.readMain(JSONParserBase.java:476)
	at net.minidev.json.parser.JSONParserBase.readObject(JSONParserBase.java:623)
	at net.minidev.json.parser.JSONParserBase.readMain(JSONParserBase.java:473)
	at net.minidev.json.parser.JSONParserBase.readObject(JSONParserBase.java:623)
	at net.minidev.json.parser.JSONParserBase.readMain(JSONParserBase.java:473)
	at net.minidev.json.parser.JSONParserBase.readArray(JSONParserBase.java:348)
	at net.minidev.json.parser.JSONParserBase.readMain(JSONParserBase.java:476)
	at net.minidev.json.parser.JSONParserBase.readObject(JSONParserBase.java:623)
	at net.minidev.json.parser.JSONParserBase.readMain(JSONParserBase.java:473)
	at net.minidev.json.parser.JSONParserBase.readObject(JSONParserBase.java:623)
	at net.minidev.json.parser.JSONParserBase.readMain(JSONParserBase.java:473)
	at net.minidev.json.parser.JSONParserBase.readArray(JSONParserBase.java:348)
	at net.minidev.json.parser.JSONParserBase.readMain(JSONParserBase.java:476)
	at net.minidev.json.parser.JSONParserBase.readObject(JSONParserBase.java:623)
	at net.minidev.json.parser.JSONParserBase.readMain(JSONParserBase.java:473)
	at net.minidev.json.parser.JSONParserBase.readObject(JSONParserBase.java:623)
	at net.minidev.json.parser.JSONParserBase.readMain(JSONParserBase.java:473)
	at net.minidev.json.parser.JSONParserBase.readArray(JSONParserBase.java:348)
	at net.minidev.json.parser.JSONParserBase.readMain(JSONParserBase.java:476)
	at net.minidev.json.parser.JSONParserBase.readObject(JSONParserBase.java:623)
	at net.minidev.json.parser.JSONParserBase.readMain(JSONParserBase.java:473)
	at net.minidev.json.parser.JSONParserBase.readObject(JSONParserBase.java:623)
	at net.minidev.json.parser.JSONParserBase.readMain(JSONParserBase.java:473)
	at net.minidev.json.parser.JSONParserBase.readArray(JSONParserBase.java:348)
	at net.minidev.json.parser.JSONParserBase.readMain(JSONParserBase.java:476)
	at net.minidev.json.parser.JSONParserBase.readObject(JSONParserBase.java:623)
	at net.minidev.json.parser.JSONParserBase.readMain(JSONParserBase.java:473)
	at net.minidev.json.parser.JSONParserBase.readObject(JSONParserBase.java:623)
	at net.minidev.json.parser.JSONParserBase.readMain(JSONParserBase.java:473)
	at net.minidev.json.parser.JSONParserBase.readArray(JSONParserBase.java:348)
	at net.minidev.json.parser.JSONParserBase.readMain(JSONParserBase.java:476)
	at net.minidev.json.parser.JSONParserBase.readObject(JSONParserBase.java:623)
	at net.minidev.json.parser.JSONParserBase.readMain(JSONParserBase.java:473)
	at net.minidev.json.parser.JSONParserBase.readObject(JSONParserBase.java:623)
	at net.minidev.json.parser.JSONParserBase.readMain(JSONParserBase.java:473)
	at net.minidev.json.parser.JSONParserBase.readArray(JSONParserBase.java:348)
	at net.minidev.json.parser.JSONParserBase.readMain(JSONParserBase.java:476)
	at net.minidev.json.parser.JSONParserBase.readObject(JSONParserBase.java:623)
	at net.minidev.json.parser.JSONParserBase.readMain(JSONParserBase.java:473)
	at net.minidev.json.parser.JSONParserBase.readObject(JSONParserBase.java:623)
	at net.minidev.json.parser.JSONParserBase.readMain(JSONParserBase.java:473)
	at net.minidev.json.parser.JSONParserBase.readArray(JSONParserBase.java:348)
	at net.minidev.json.parser.JSONParserBase.readMain(JSONParserBase.java:476)
	at net.minidev.json.parser.JSONParserBase.readObject(JSONParserBase.java:623)
	at net.minidev.json.parser.JSONParserBase.readMain(JSONParserBase.java:473)
	at net.minidev.json.parser.JSONParserBase.readObject(JSONParserBase.java:623)
	at net.minidev.json.parser.JSONParserBase.readMain(JSONParserBase.java:473)
	at net.minidev.json.parser.JSONParserBase.readArray(JSONParserBase.java:348)
	at net.minidev.json.parser.JSONParserBase.readMain(JSONParserBase.java:476)
	at net.minidev.json.parser.JSONParserBase.readObject(JSONParserBase.java:623)
	at net.minidev.json.parser.JSONParserBase.readMain(JSONParserBase.java:473)
	at net.minidev.json.parser.JSONParserBase.readObject(JSONParserBase.java:623)
	at net.minidev.json.parser.JSONParserBase.readMain(JSONParserBase.java:473)
	at net.minidev.json.parser.JSONParserBase.readArray(JSONParserBase.java:348)
	at net.minidev.json.parser.JSONParserBase.readMain(JSONParserBase.java:476)
	at net.minidev.json.parser.JSONParserBase.readObject(JSONParserBase.java:623)
	at net.minidev.json.parser.JSONParserBase.readMain(JSONParserBase.java:473)
	at net.minidev.json.parser.JSONParserBase.readObject(JSONParserBase.java:623)
	at net.minidev.json.parser.JSONParserBase.readMain(JSONParserBase.java:473)
	at net.minidev.json.parser.JSONParserBase.readArray(JSONParserBase.java:348)
	at net.minidev.json.parser.JSONParserBase.readMain(JSONParserBase.java:476)
	at net.minidev.json.parser.JSONParserBase.readObject(JSONParserBase.java:623)
	at net.minidev.json.parser.JSONParserBase.readMain(JSONParserBase.java:473)
	at net.minidev.json.parser.JSONParserBase.readObject(JSONParserBase.java:623)
	at net.minidev.json.parser.JSONParserBase.readMain(JSONParserBase.java:473)
	at net.minidev.json.parser.JSONParserBase.readArray(JSONParserBase.java:348)
	at net.minidev.json.parser.JSONParserBase.readMain(JSONParserBase.java:476)
	at net.minidev.json.parser.JSONParserBase.readObject(JSONParserBase.java:623)
	at net.minidev.json.parser.JSONParserBase.readMain(JSONParserBase.java:473)
	at net.minidev.json.parser.JSONParserBase.readObject(JSONParserBase.java:623)
	at net.minidev.json.parser.JSONParserBase.readMain(JSONParserBase.java:473)
	at net.minidev.json.parser.JSONParserBase.readArray(JSONParserBase.java:348)
	at net.minidev.json.parser.JSONParserBase.readMain(JSONParserBase.java:476)
	at net.minidev.json.parser.JSONParserBase.readObject(JSONParserBase.java:623)
	at net.minidev.json.parser.JSONParserBase.readMain(JSONParserBase.java:473)
	at net.minidev.json.parser.JSONParserBase.readObject(JSONParserBase.java:623)
	at net.minidev.json.parser.JSONParserBase.readMain(JSONParserBase.java:473)
	at net.minidev.json.parser.JSONParserBase.readArray(JSONParserBase.java:348)
	at net.minidev.json.parser.JSONParserBase.readMain(JSONParserBase.java:476)
	at net.minidev.json.parser.JSONParserBase.readObject(JSONParserBase.java:623)
	at net.minidev.json.parser.JSONParserBase.readMain(JSONParserBase.java:473)
	at net.minidev.json.parser.JSONParserBase.readObject(JSONParserBase.java:623)
	at net.minidev.json.parser.JSONParserBase.readMain(JSONParserBase.java:473)
	at net.minidev.json.parser.JSONParserBase.readArray(JSONParserBase.java:348)
	at net.minidev.json.parser.JSONParserBase.readMain(JSONParserBase.java:476)
	at net.minidev.json.parser.JSONParserBase.readObject(JSONParserBase.java:623)
	at net.minidev.json.parser.JSONParserBase.readMain(JSONParserBase.java:473)
	at net.minidev.json.parser.JSONParserBase.readObject(JSONParserBase.java:623)
	at net.minidev.json.parser.JSONParserBase.readMain(JSONParserBase.java:473)
	at net.minidev.json.parser.JSONParserBase.readArray(JSONParserBase.java:348)
	at net.minidev.json.parser.JSONParserBase.readMain(JSONParserBase.java:476)
	at net.minidev.json.parser.JSONParserBase.readObject(JSONParserBase.java:623)
	at net.minidev.json.parser.JSONParserBase.readMain(JSONParserBase.java:473)
	at net.minidev.json.parser.JSONParserBase.readObject(JSONParserBase.java:623)
	at net.minidev.json.parser.JSONParserBase.readMain(JSONParserBase.java:473)
	at net.minidev.json.parser.JSONParserBase.readArray(JSONParserBase.java:348)
	at net.minidev.json.parser.JSONParserBase.readMain(JSONParserBase.java:476)
	at net.minidev.json.parser.JSONParserBase.readObject(JSONParserBase.java:623)
	at net.minidev.json.parser.JSONParserBase.readMain(JSONParserBase.java:473)
	at net.minidev.json.parser.JSONParserBase.readObject(JSONParserBase.java:623)
	at net.minidev.json.parser.JSONParserBase.readMain(JSONParserBase.java:473)
	at net.minidev.json.parser.JSONParserBase.readArray(JSONParserBase.java:348)
	at net.minidev.json.parser.JSONParserBase.readMain(JSONParserBase.java:476)
	at net.minidev.json.parser.JSONParserBase.readObject(JSONParserBase.java:623)
	at net.minidev.json.parser.JSONParserBase.readMain(JSONParserBase.java:473)
	at net.minidev.json.parser.JSONParserBase.readObject(JSONParserBase.java:623)
	at net.minidev.json.parser.JSONParserBase.readMain(JSONParserBase.java:473)
	at net.minidev.json.parser.JSONParserBase.readArray(JSONParserBase.java:348)
	at net.minidev.json.parser.JSONParserBase.readMain(JSONParserBase.java:476)
	at net.minidev.json.parser.JSONParserBase.readObject(JSONParserBase.java:623)
	at net.minidev.json.parser.JSONParserBase.readMain(JSONParserBase.java:473)
	at net.minidev.json.parser.JSONParserBase.readObject(JSONParserBase.java:623)
	at net.minidev.json.parser.JSONParserBase.readMain(JSONParserBase.java:473)
	at net.minidev.json.parser.JSONParserBase.readArray(JSONParserBase.java:348)
	at net.minidev.json.parser.JSONParserBase.readMain(JSONParserBase.java:476)
	at net.minidev.json.parser.JSONParserBase.readObject(JSONParserBase.java:623)
	at net.minidev.json.parser.JSONParserBase.readMain(JSONParserBase.java:473)
	at net.minidev.json.parser.JSONParserBase.readObject(JSONParserBase.java:623)
	at net.minidev.json.parser.JSONParserBase.readMain(JSONParserBase.java:473)
	at net.minidev.json.parser.JSONParserBase.readArray(JSONParserBase.java:348)
	at net.minidev.json.parser.JSONParserBase.readMain(JSONParserBase.java:476)
	at net.minidev.json.parser.JSONParserBase.readObject(JSONParserBase.java:623)
	at net.minidev.json.parser.JSONParserBase.readMain(JSONParserBase.java:473)
	at net.minidev.json.parser.JSONParserBase.readObject(JSONParserBase.java:623)
	at net.minidev.json.parser.JSONParserBase.readMain(JSONParserBase.java:473)
	at net.minidev.json.parser.JSONParserBase.readArray(JSONParserBase.java:348)
	at net.minidev.json.parser.JSONParserBase.readMain(JSONParserBase.java:476)
	at net.minidev.json.parser.JSONParserBase.readObject(JSONParserBase.java:623)
	at net.minidev.json.parser.JSONParserBase.readMain(JSONParserBase.java:473)
	at net.minidev.json.parser.JSONParserBase.readObject(JSONParserBase.java:623)
	at net.minidev.json.parser.JSONParserBase.readMain(JSONParserBase.java:473)
	at net.minidev.json.parser.JSONParserBase.readArray(JSONParserBase.java:348)
	at net.minidev.json.parser.JSONParserBase.readMain(JSONParserBase.java:476)
	at net.minidev.json.parser.JSONParserBase.readObject(JSONParserBase.java:623)
	at net.minidev.json.parser.JSONParserBase.readMain(JSONParserBase.java:473)
	at net.minidev.json.parser.JSONParserBase.readObject(JSONParserBase.java:623)
	at net.minidev.json.parser.JSONParserBase.readMain(JSONParserBase.java:473)
	at net.minidev.json.parser.JSONParserBase.readArray(JSONParserBase.java:348)
	at net.minidev.json.parser.JSONParserBase.readMain(JSONParserBase.java:476)
	at net.minidev.json.parser.JSONParserBase.readObject(JSONParserBase.java:623)
	at net.minidev.json.parser.JSONParserBase.readMain(JSONParserBase.java:473)
	at net.minidev.json.parser.JSONParserBase.readObject(JSONParserBase.java:623)
	at net.minidev.json.parser.JSONParserBase.readMain(JSONParserBase.java:473)
	at net.minidev.json.parser.JSONParserBase.readArray(JSONParserBase.java:348)
	at net.minidev.json.parser.JSONParserBase.readMain(JSONParserBase.java:476)
	at net.minidev.json.parser.JSONParserBase.readObject(JSONParserBase.java:623)
	at net.minidev.json.parser.JSONParserBase.readMain(JSONParserBase.java:473)
	at net.minidev.json.parser.JSONParserBase.readObject(JSONParserBase.java:623)
	at net.minidev.json.parser.JSONParserBase.readMain(JSONParserBase.java:473)
	at net.minidev.json.parser.JSONParserBase.readArray(JSONParserBase.java:348)
	at net.minidev.json.parser.JSONParserBase.readMain(JSONParserBase.java:476)
	at net.minidev.json.parser.JSONParserBase.readObject(JSONParserBase.java:623)
	at net.minidev.json.parser.JSONParserBase.readMain(JSONParserBase.java:473)
	at net.minidev.json.parser.JSONParserBase.readObject(JSONParserBase.java:623)
	at net.minidev.json.parser.JSONParserBase.readMain(JSONParserBase.java:473)
	at net.minidev.json.parser.JSONParserBase.readArray(JSONParserBase.java:348)
	at net.minidev.json.parser.JSONParserBase.readMain(JSONParserBase.java:476)
	at net.minidev.json.parser.JSONParserBase.readObject(JSONParserBase.java:623)
	at net.minidev.json.parser.JSONParserBase.readMain(JSONParserBase.java:473)
	at net.minidev.json.parser.JSONParserBase.readObject(JSONParserBase.java:623)
	at net.minidev.json.parser.JSONParserBase.readMain(JSONParserBase.java:473)
	at net.minidev.json.parser.JSONParserBase.readArray(JSONParserBase.java:348)
	at net.minidev.json.parser.JSONParserBase.readMain(JSONParserBase.java:476)
	at net.minidev.json.parser.JSONParserBase.readObject(JSONParserBase.java:623)
	at net.minidev.json.parser.JSONParserBase.readMain(JSONParserBase.java:473)
	at net.minidev.json.parser.JSONParserBase.readObject(JSONParserBase.java:623)
	at net.minidev.json.parser.JSONParserBase.readMain(JSONParserBase.java:473)
	at net.minidev.json.parser.JSONParserBase.readArray(JSONParserBase.java:348)
	at net.minidev.json.parser.JSONParserBase.readMain(JSONParserBase.java:476)
	at net.minidev.json.parser.JSONParserBase.readObject(JSONParserBase.java:623)
	at net.minidev.json.parser.JSONParserBase.readMain(JSONParserBase.java:473)
	at net.minidev.json.parser.JSONParserBase.readObject(JSONParserBase.java:623)
	at net.minidev.json.parser.JSONParserBase.readMain(JSONParserBase.java:473)
	at net.minidev.json.parser.JSONParserBase.readArray(JSONParserBase.java:348)
	at net.minidev.json.parser.JSONParserBase.readMain(JSONParserBase.java:476)
	at net.minidev.json.parser.JSONParserBase.readObject(JSONParserBase.java:623)
	at net.minidev.json.parser.JSONParserBase.readMain(JSONParserBase.java:473)
	at net.minidev.json.parser.JSONParserBase.readObject(JSONParserBase.java:623)
	at net.minidev.json.parser.JSONParserBase.readMain(JSONParserBase.java:473)
	at net.minidev.json.parser.JSONParserBase.readArray(JSONParserBase.java:348)
	at net.minidev.json.parser.JSONParserBase.readMain(JSONParserBase.java:476)
	at net.minidev.json.parser.JSONParserBase.readObject(JSONParserBase.java:623)
	at net.minidev.json.parser.JSONParserBase.readMain(JSONParserBase.java:473)
	at net.minidev.json.parser.JSONParserBase.readObject(JSONParserBase.java:623)
	at net.minidev.json.parser.JSONParserBase.readMain(JSONParserBase.java:473)
	at net.minidev.json.parser.JSONParserBase.readArray(JSONParserBase.java:348)
	at net.minidev.json.parser.JSONParserBase.readMain(JSONParserBase.java:476)
	at net.minidev.json.parser.JSONParserBase.readObject(JSONParserBase.java:623)
	at net.minidev.json.parser.JSONParserBase.readMain(JSONParserBase.java:473)
	at net.minidev.json.parser.JSONParserBase.readObject(JSONParserBase.java:623)
	at net.minidev.json.parser.JSONParserBase.readMain(JSONParserBase.java:473)
	at net.minidev.json.parser.JSONParserBase.readArray(JSONParserBase.java:348)
	at net.minidev.json.parser.JSONParserBase.readMain(JSONParserBase.java:476)
	at net.minidev.json.parser.JSONParserBase.readObject(JSONParserBase.java:623)
	at net.minidev.json.parser.JSONParserBase.readMain(JSONParserBase.java:473)
	at net.minidev.json.parser.JSONParserBase.readObject(JSONParserBase.java:623)
	at net.minidev.json.parser.JSONParserBase.readMain(JSONParserBase.java:473)
	at net.minidev.json.parser.JSONParserBase.readArray(JSONParserBase.java:348)
	at net.minidev.json.parser.JSONParserBase.readMain(JSONParserBase.java:476)
	at net.minidev.json.parser.JSONParserBase.readObject(JSONParserBase.java:623)
	at net.minidev.json.parser.JSONParserBase.readMain(JSONParserBase.java:473)
	at net.minidev.json.parser.JSONParserBase.readObject(JSONParserBase.java:623)
	at net.minidev.json.parser.JSONParserBase.readMain(JSONParserBase.java:473)
	at net.minidev.json.parser.JSONParserBase.readArray(JSONParserBase.java:348)
	at net.minidev.json.parser.JSONParserBase.readMain(JSONParserBase.java:476)
	at net.minidev.json.parser.JSONParserBase.readObject(JSONParserBase.java:623)
	at net.minidev.json.parser.JSONParserBase.readMain(JSONParserBase.java:473)
	at net.minidev.json.parser.JSONParserBase.readObject(JSONParserBase.java:623)
	at net.minidev.json.parser.JSONParserBase.readMain(JSONParserBase.java:473)
	at net.minidev.json.parser.JSONParserBase.readArray(JSONParserBase.java:348)
	at net.minidev.json.parser.JSONParserBase.readMain(JSONParserBase.java:476)
	at net.minidev.json.parser.JSONParserBase.readObject(JSONParserBase.java:623)
	at net.minidev.json.parser.JSONParserBase.readMain(JSONParserBase.java:473)
	at net.minidev.json.parser.JSONParserBase.readObject(JSONParserBase.java:623)
	at net.minidev.json.parser.JSONParserBase.readMain(JSONParserBase.java:473)
	at net.minidev.json.parser.JSONParserBase.readArray(JSONParserBase.java:348)
	at net.minidev.json.parser.JSONParserBase.readMain(JSONParserBase.java:476)
	at net.minidev.json.parser.JSONParserBase.readObject(JSONParserBase.java:623)
	at net.minidev.json.parser.JSONParserBase.readMain(JSONParserBase.java:473)
	at net.minidev.json.parser.JSONParserBase.readObject(JSONParserBase.java:623)
	at net.minidev.json.parser.JSONParserBase.readMain(JSONParserBase.java:473)
	at net.minidev.json.parser.JSONParserBase.readArray(JSONParserBase.java:348)
	at net.minidev.json.parser.JSONParserBase.readMain(JSONParserBase.java:476)
	at net.minidev.json.parser.JSONParserBase.readObject(JSONParserBase.java:623)
	at net.minidev.json.parser.JSONParserBase.readMain(JSONParserBase.java:473)
	at net.minidev.json.parser.JSONParserBase.readObject(JSONParserBase.java:623)
	at net.minidev.json.parser.JSONParserBase.readMain(JSONParserBase.java:473)
	at net.minidev.json.parser.JSONParserBase.readArray(JSONParserBase.java:348)
	at net.minidev.json.parser.JSONParserBase.readMain(JSONParserBase.java:476)
	at net.minidev.json.parser.JSONParserBase.readObject(JSONParserBase.java:623)
	at net.minidev.json.parser.JSONParserBase.readMain(JSONParserBase.java:473)
	at net.minidev.json.parser.JSONParserBase.readObject(JSONParserBase.java:623)
	at net.minidev.json.parser.JSONParserBase.readMain(JSONParserBase.java:473)
	at net.minidev.json.parser.JSONParserBase.readArray(JSONParserBase.java:348)
	at net.minidev.json.parser.JSONParserBase.readMain(JSONParserBase.java:476)
	at net.minidev.json.parser.JSONParserBase.readObject(JSONParserBase.java:623)
	at net.minidev.json.parser.JSONParserBase.readMain(JSONParserBase.java:473)
	at net.minidev.json.parser.JSONParserBase.readObject(JSONParserBase.java:623)
	at net.minidev.json.parser.JSONParserBase.readMain(JSONParserBase.java:473)
	at net.minidev.json.parser.JSONParserBase.readArray(JSONParserBase.java:348)
	at net.minidev.json.parser.JSONParserBase.readMain(JSONParserBase.java:476)
	at net.minidev.json.parser.JSONParserBase.readObject(JSONParserBase.java:623)
	at net.minidev.json.parser.JSONParserBase.readMain(JSONParserBase.java:473)
	at net.minidev.json.parser.JSONParserBase.readObject(JSONParserBase.java:623)
	at net.minidev.json.parser.JSONParserBase.readMain(JSONParserBase.java:473)
	at net.minidev.json.parser.JSONParserBase.readArray(JSONParserBase.java:348)
	at net.minidev.json.parser.JSONParserBase.readMain(JSONParserBase.java:476)
	at net.minidev.json.parser.JSONParserBase.readObject(JSONParserBase.java:623)
	at net.minidev.json.parser.JSONParserBase.readMain(JSONParserBase.java:473)
	at net.minidev.json.parser.JSONParserBase.readObject(JSONParserBase.java:623)
	at net.minidev.json.parser.JSONParserBase.readMain(JSONParserBase.java:473)
	at net.minidev.json.parser.JSONParserBase.readArray(JSONParserBase.java:348)
	at net.minidev.json.parser.JSONParserBase.readMain(JSONParserBase.java:476)
	at net.minidev.json.parser.JSONParserBase.readObject(JSONParserBase.java:623)
	at net.minidev.json.parser.JSONParserBase.readMain(JSONParserBase.java:473)
	at net.minidev.json.parser.JSONParserBase.readObject(JSONParserBase.java:623)
	at net.minidev.json.parser.JSONParserBase.readMain(JSONParserBase.java:473)
	at net.minidev.json.parser.JSONParserBase.readArray(JSONParserBase.java:348)
	at net.minidev.json.parser.JSONParserBase.readMain(JSONParserBase.java:476)
	at net.minidev.json.parser.JSONParserBase.readObject(JSONParserBase.java:623)
	at net.minidev.json.parser.JSONParserBase.readMain(JSONParserBase.java:473)
	at net.minidev.json.parser.JSONParserBase.readObject(JSONParserBase.java:623)
	at net.minidev.json.parser.JSONParserBase.readMain(JSONParserBase.java:473)
	at net.minidev.json.parser.JSONParserBase.readArray(JSONParserBase.java:348)
	at net.minidev.json.parser.JSONParserBase.readMain(JSONParserBase.java:476)
	at net.minidev.json.parser.JSONParserBase.readObject(JSONParserBase.java:623)
	at net.minidev.json.parser.JSONParserBase.readMain(JSONParserBase.java:473)
	at net.minidev.json.parser.JSONParserBase.readObject(JSONParserBase.java:623)
	at net.minidev.json.parser.JSONParserBase.readMain(JSONParserBase.java:473)
	at net.minidev.json.parser.JSONParserBase.readArray(JSONParserBase.java:348)
	at net.minidev.json.parser.JSONParserBase.readMain(JSONParserBase.java:476)
	at net.minidev.json.parser.JSONParserBase.readObject(JSONParserBase.java:623)
	at net.minidev.json.parser.JSONParserBase.readMain(JSONParserBase.java:473)
	at net.minidev.json.parser.JSONParserBase.readObject(JSONParserBase.java:623)
	at net.minidev.json.parser.JSONParserBase.readMain(JSONParserBase.java:473)
	at net.minidev.json.parser.JSONParserBase.readArray(JSONParserBase.java:348)
	at net.minidev.json.parser.JSONParserBase.readMain(JSONParserBase.java:476)
	at net.minidev.json.parser.JSONParserBase.readObject(JSONParserBase.java:623)
	at net.minidev.json.parser.JSONParserBase.readMain(JSONParserBase.java:473)
	at net.minidev.json.parser.JSONParserBase.readObject(JSONParserBase.java:623)
	at net.minidev.json.parser.JSONParserBase.readMain(JSONParserBase.java:473)
	at net.minidev.json.parser.JSONParserBase.readArray(JSONParserBase.java:348)
	at net.minidev.json.parser.JSONParserBase.readMain(JSONParserBase.java:476)
	at net.minidev.json.parser.JSONParserBase.readObject(JSONParserBase.java:623)
	at net.minidev.json.parser.JSONParserBase.readMain(JSONParserBase.java:473)
	at net.minidev.json.parser.JSONParserBase.readObject(JSONParserBase.java:623)
	at net.minidev.json.parser.JSONParserBase.readMain(JSONParserBase.java:473)
	at net.minidev.json.parser.JSONParserBase.readArray(JSONParserBase.java:348)
	at net.minidev.json.parser.JSONParserBase.readMain(JSONParserBase.java:476)
	at net.minidev.json.parser.JSONParserBase.readObject(JSONParserBase.java:623)
	at net.minidev.json.parser.JSONParserBase.readMain(JSONParserBase.java:473)
	at net.minidev.json.parser.JSONParserBase.readObject(JSONParserBase.java:623)
	at net.minidev.json.parser.JSONParserBase.readMain(JSONParserBase.java:473)
	at net.minidev.json.parser.JSONParserBase.readArray(JSONParserBase.java:348)
	at net.minidev.json.parser.JSONParserBase.readFirst(JSONParserBase.java:379)
	at net.minidev.json.parser.JSONParserBase.parseInner(JSONParserBase.java:233)
	at net.minidev.json.parser.JSONParserBase.parse(JSONParserBase.java:211)
	at net.minidev.json.parser.JSONParserString.parse(JSONParserString.java:65)
	at net.minidev.json.parser.JSONParser.parse(JSONParser.java:311)
	at com.jayway.jsonpath.spi.json.JsonSmartJsonProvider.parse(JsonSmartJsonProvider.java:62)
	... 6 more

[ERROR] com.avn.mallproject.MallprojectApplicationTests.testCreateItem -- Time elapsed: 0.059 s <<< FAILURE!
java.lang.AssertionError: No value at JSON path "$.itemName"
	at org.springframework.test.util.JsonPathExpectationsHelper.evaluateJsonPath(JsonPathExpectationsHelper.java:350)
	at org.springframework.test.util.JsonPathExpectationsHelper.assertValue(JsonPathExpectationsHelper.java:106)
	at org.springframework.test.web.servlet.result.JsonPathResultMatchers.lambda$value$0(JsonPathResultMatchers.java:87)
	at org.springframework.test.web.servlet.MockMvc$1.andExpect(MockMvc.java:212)
	at com.avn.mallproject.MallprojectApplicationTests.testCreateItem(MallprojectApplicationTests.java:166)
Caused by: com.jayway.jsonpath.InvalidJsonException: net.minidev.json.parser.ParseException: Malicious payload, having non natural depths, parsing stoped on { at position 14179.
	at com.jayway.jsonpath.spi.json.JsonSmartJsonProvider.parse(JsonSmartJsonProvider.java:64)
	at com.jayway.jsonpath.JsonPath.read(JsonPath.java:393)
	at org.springframework.test.util.JsonPathExpectationsHelper.evaluateJsonPath(JsonPathExpectationsHelper.java:347)
	... 4 more
Caused by: net.minidev.json.parser.ParseException: Malicious payload, having non natural depths, parsing stoped on { at position 14179.
	at net.minidev.json.parser.JSONParserBase.readObject(JSONParserBase.java:563)
	at net.minidev.json.parser.JSONParserBase.readMain(JSONParserBase.java:473)
	at net.minidev.json.parser.JSONParserBase.readObject(JSONParserBase.java:623)
	at net.minidev.json.parser.JSONParserBase.readMain(JSONParserBase.java:473)
	at net.minidev.json.parser.JSONParserBase.readArray(JSONParserBase.java:348)
	at net.minidev.json.parser.JSONParserBase.readMain(JSONParserBase.java:476)
	at net.minidev.json.parser.JSONParserBase.readObject(JSONParserBase.java:623)
	at net.minidev.json.parser.JSONParserBase.readMain(JSONParserBase.java:473)
	at net.minidev.json.parser.JSONParserBase.readObject(JSONParserBase.java:623)
	at net.minidev.json.parser.JSONParserBase.readMain(JSONParserBase.java:473)
	at net.minidev.json.parser.JSONParserBase.readArray(JSONParserBase.java:348)
	at net.minidev.json.parser.JSONParserBase.readMain(JSONParserBase.java:476)
	at net.minidev.json.parser.JSONParserBase.readObject(JSONParserBase.java:623)
	at net.minidev.json.parser.JSONParserBase.readMain(JSONParserBase.java:473)
	at net.minidev.json.parser.JSONParserBase.readObject(JSONParserBase.java:623)
	at net.minidev.json.parser.JSONParserBase.readMain(JSONParserBase.java:473)
	at net.minidev.json.parser.JSONParserBase.readArray(JSONParserBase.java:348)
	at net.minidev.json.parser.JSONParserBase.readMain(JSONParserBase.java:476)
	at net.minidev.json.parser.JSONParserBase.readObject(JSONParserBase.java:623)
	at net.minidev.json.parser.JSONParserBase.readMain(JSONParserBase.java:473)
	at net.minidev.json.parser.JSONParserBase.readObject(JSONParserBase.java:623)
	at net.minidev.json.parser.JSONParserBase.readMain(JSONParserBase.java:473)
	at net.minidev.json.parser.JSONParserBase.readArray(JSONParserBase.java:348)
	at net.minidev.json.parser.JSONParserBase.readMain(JSONParserBase.java:476)
	at net.minidev.json.parser.JSONParserBase.readObject(JSONParserBase.java:623)
	at net.minidev.json.parser.JSONParserBase.readMain(JSONParserBase.java:473)
	at net.minidev.json.parser.JSONParserBase.readObject(JSONParserBase.java:623)
	at net.minidev.json.parser.JSONParserBase.readMain(JSONParserBase.java:473)
	at net.minidev.json.parser.JSONParserBase.readArray(JSONParserBase.java:348)
	at net.minidev.json.parser.JSONParserBase.readMain(JSONParserBase.java:476)
	at net.minidev.json.parser.JSONParserBase.readObject(JSONParserBase.java:623)
	at net.minidev.json.parser.JSONParserBase.readMain(JSONParserBase.java:473)
	at net.minidev.json.parser.JSONParserBase.readObject(JSONParserBase.java:623)
	at net.minidev.json.parser.JSONParserBase.readMain(JSONParserBase.java:473)
	at net.minidev.json.parser.JSONParserBase.readArray(JSONParserBase.java:348)
	at net.minidev.json.parser.JSONParserBase.readMain(JSONParserBase.java:476)
	at net.minidev.json.parser.JSONParserBase.readObject(JSONParserBase.java:623)
	at net.minidev.json.parser.JSONParserBase.readMain(JSONParserBase.java:473)
	at net.minidev.json.parser.JSONParserBase.readObject(JSONParserBase.java:623)
	at net.minidev.json.parser.JSONParserBase.readMain(JSONParserBase.java:473)
	at net.minidev.json.parser.JSONParserBase.readArray(JSONParserBase.java:348)
	at net.minidev.json.parser.JSONParserBase.readMain(JSONParserBase.java:476)
	at net.minidev.json.parser.JSONParserBase.readObject(JSONParserBase.java:623)
	at net.minidev.json.parser.JSONParserBase.readMain(JSONParserBase.java:473)
	at net.minidev.json.parser.JSONParserBase.readObject(JSONParserBase.java:623)
	at net.minidev.json.parser.JSONParserBase.readMain(JSONParserBase.java:473)
	at net.minidev.json.parser.JSONParserBase.readArray(JSONParserBase.java:348)
	at net.minidev.json.parser.JSONParserBase.readMain(JSONParserBase.java:476)
	at net.minidev.json.parser.JSONParserBase.readObject(JSONParserBase.java:623)
	at net.minidev.json.parser.JSONParserBase.readMain(JSONParserBase.java:473)
	at net.minidev.json.parser.JSONParserBase.readObject(JSONParserBase.java:623)
	at net.minidev.json.parser.JSONParserBase.readMain(JSONParserBase.java:473)
	at net.minidev.json.parser.JSONParserBase.readArray(JSONParserBase.java:348)
	at net.minidev.json.parser.JSONParserBase.readMain(JSONParserBase.java:476)
	at net.minidev.json.parser.JSONParserBase.readObject(JSONParserBase.java:623)
	at net.minidev.json.parser.JSONParserBase.readMain(JSONParserBase.java:473)
	at net.minidev.json.parser.JSONParserBase.readObject(JSONParserBase.java:623)
	at net.minidev.json.parser.JSONParserBase.readMain(JSONParserBase.java:473)
	at net.minidev.json.parser.JSONParserBase.readArray(JSONParserBase.java:348)
	at net.minidev.json.parser.JSONParserBase.readMain(JSONParserBase.java:476)
	at net.minidev.json.parser.JSONParserBase.readObject(JSONParserBase.java:623)
	at net.minidev.json.parser.JSONParserBase.readMain(JSONParserBase.java:473)
	at net.minidev.json.parser.JSONParserBase.readObject(JSONParserBase.java:623)
	at net.minidev.json.parser.JSONParserBase.readMain(JSONParserBase.java:473)
	at net.minidev.json.parser.JSONParserBase.readArray(JSONParserBase.java:348)
	at net.minidev.json.parser.JSONParserBase.readMain(JSONParserBase.java:476)
	at net.minidev.json.parser.JSONParserBase.readObject(JSONParserBase.java:623)
	at net.minidev.json.parser.JSONParserBase.readMain(JSONParserBase.java:473)
	at net.minidev.json.parser.JSONParserBase.readObject(JSONParserBase.java:623)
	at net.minidev.json.parser.JSONParserBase.readMain(JSONParserBase.java:473)
	at net.minidev.json.parser.JSONParserBase.readArray(JSONParserBase.java:348)
	at net.minidev.json.parser.JSONParserBase.readMain(JSONParserBase.java:476)
	at net.minidev.json.parser.JSONParserBase.readObject(JSONParserBase.java:623)
	at net.minidev.json.parser.JSONParserBase.readMain(JSONParserBase.java:473)
	at net.minidev.json.parser.JSONParserBase.readObject(JSONParserBase.java:623)
	at net.minidev.json.parser.JSONParserBase.readMain(JSONParserBase.java:473)
	at net.minidev.json.parser.JSONParserBase.readArray(JSONParserBase.java:348)
	at net.minidev.json.parser.JSONParserBase.readMain(JSONParserBase.java:476)
	at net.minidev.json.parser.JSONParserBase.readObject(JSONParserBase.java:623)
	at net.minidev.json.parser.JSONParserBase.readMain(JSONParserBase.java:473)
	at net.minidev.json.parser.JSONParserBase.readObject(JSONParserBase.java:623)
	at net.minidev.json.parser.JSONParserBase.readMain(JSONParserBase.java:473)
	at net.minidev.json.parser.JSONParserBase.readArray(JSONParserBase.java:348)
	at net.minidev.json.parser.JSONParserBase.readMain(JSONParserBase.java:476)
	at net.minidev.json.parser.JSONParserBase.readObject(JSONParserBase.java:623)
	at net.minidev.json.parser.JSONParserBase.readMain(JSONParserBase.java:473)
	at net.minidev.json.parser.JSONParserBase.readObject(JSONParserBase.java:623)
	at net.minidev.json.parser.JSONParserBase.readMain(JSONParserBase.java:473)
	at net.minidev.json.parser.JSONParserBase.readArray(JSONParserBase.java:348)
	at net.minidev.json.parser.JSONParserBase.readMain(JSONParserBase.java:476)
	at net.minidev.json.parser.JSONParserBase.readObject(JSONParserBase.java:623)
	at net.minidev.json.parser.JSONParserBase.readMain(JSONParserBase.java:473)
	at net.minidev.json.parser.JSONParserBase.readObject(JSONParserBase.java:623)
	at net.minidev.json.parser.JSONParserBase.readMain(JSONParserBase.java:473)
	at net.minidev.json.parser.JSONParserBase.readArray(JSONParserBase.java:348)
	at net.minidev.json.parser.JSONParserBase.readMain(JSONParserBase.java:476)
	at net.minidev.json.parser.JSONParserBase.readObject(JSONParserBase.java:623)
	at net.minidev.json.parser.JSONParserBase.readMain(JSONParserBase.java:473)
	at net.minidev.json.parser.JSONParserBase.readObject(JSONParserBase.java:623)
	at net.minidev.json.parser.JSONParserBase.readMain(JSONParserBase.java:473)
	at net.minidev.json.parser.JSONParserBase.readArray(JSONParserBase.java:348)
	at net.minidev.json.parser.JSONParserBase.readMain(JSONParserBase.java:476)
	at net.minidev.json.parser.JSONParserBase.readObject(JSONParserBase.java:623)
	at net.minidev.json.parser.JSONParserBase.readMain(JSONParserBase.java:473)
	at net.minidev.json.parser.JSONParserBase.readObject(JSONParserBase.java:623)
	at net.minidev.json.parser.JSONParserBase.readMain(JSONParserBase.java:473)
	at net.minidev.json.parser.JSONParserBase.readArray(JSONParserBase.java:348)
	at net.minidev.json.parser.JSONParserBase.readMain(JSONParserBase.java:476)
	at net.minidev.json.parser.JSONParserBase.readObject(JSONParserBase.java:623)
	at net.minidev.json.parser.JSONParserBase.readMain(JSONParserBase.java:473)
	at net.minidev.json.parser.JSONParserBase.readObject(JSONParserBase.java:623)
	at net.minidev.json.parser.JSONParserBase.readMain(JSONParserBase.java:473)
	at net.minidev.json.parser.JSONParserBase.readArray(JSONParserBase.java:348)
	at net.minidev.json.parser.JSONParserBase.readMain(JSONParserBase.java:476)
	at net.minidev.json.parser.JSONParserBase.readObject(JSONParserBase.java:623)
	at net.minidev.json.parser.JSONParserBase.readMain(JSONParserBase.java:473)
	at net.minidev.json.parser.JSONParserBase.readObject(JSONParserBase.java:623)
	at net.minidev.json.parser.JSONParserBase.readMain(JSONParserBase.java:473)
	at net.minidev.json.parser.JSONParserBase.readArray(JSONParserBase.java:348)
	at net.minidev.json.parser.JSONParserBase.readMain(JSONParserBase.java:476)
	at net.minidev.json.parser.JSONParserBase.readObject(JSONParserBase.java:623)
	at net.minidev.json.parser.JSONParserBase.readMain(JSONParserBase.java:473)
	at net.minidev.json.parser.JSONParserBase.readObject(JSONParserBase.java:623)
	at net.minidev.json.parser.JSONParserBase.readMain(JSONParserBase.java:473)
	at net.minidev.json.parser.JSONParserBase.readArray(JSONParserBase.java:348)
	at net.minidev.json.parser.JSONParserBase.readMain(JSONParserBase.java:476)
	at net.minidev.json.parser.JSONParserBase.readObject(JSONParserBase.java:623)
	at net.minidev.json.parser.JSONParserBase.readMain(JSONParserBase.java:473)
	at net.minidev.json.parser.JSONParserBase.readObject(JSONParserBase.java:623)
	at net.minidev.json.parser.JSONParserBase.readMain(JSONParserBase.java:473)
	at net.minidev.json.parser.JSONParserBase.readArray(JSONParserBase.java:348)
	at net.minidev.json.parser.JSONParserBase.readMain(JSONParserBase.java:476)
	at net.minidev.json.parser.JSONParserBase.readObject(JSONParserBase.java:623)
	at net.minidev.json.parser.JSONParserBase.readMain(JSONParserBase.java:473)
	at net.minidev.json.parser.JSONParserBase.readObject(JSONParserBase.java:623)
	at net.minidev.json.parser.JSONParserBase.readMain(JSONParserBase.java:473)
	at net.minidev.json.parser.JSONParserBase.readArray(JSONParserBase.java:348)
	at net.minidev.json.parser.JSONParserBase.readMain(JSONParserBase.java:476)
	at net.minidev.json.parser.JSONParserBase.readObject(JSONParserBase.java:623)
	at net.minidev.json.parser.JSONParserBase.readMain(JSONParserBase.java:473)
	at net.minidev.json.parser.JSONParserBase.readObject(JSONParserBase.java:623)
	at net.minidev.json.parser.JSONParserBase.readMain(JSONParserBase.java:473)
	at net.minidev.json.parser.JSONParserBase.readArray(JSONParserBase.java:348)
	at net.minidev.json.parser.JSONParserBase.readMain(JSONParserBase.java:476)
	at net.minidev.json.parser.JSONParserBase.readObject(JSONParserBase.java:623)
	at net.minidev.json.parser.JSONParserBase.readMain(JSONParserBase.java:473)
	at net.minidev.json.parser.JSONParserBase.readObject(JSONParserBase.java:623)
	at net.minidev.json.parser.JSONParserBase.readMain(JSONParserBase.java:473)
	at net.minidev.json.parser.JSONParserBase.readArray(JSONParserBase.java:348)
	at net.minidev.json.parser.JSONParserBase.readMain(JSONParserBase.java:476)
	at net.minidev.json.parser.JSONParserBase.readObject(JSONParserBase.java:623)
	at net.minidev.json.parser.JSONParserBase.readMain(JSONParserBase.java:473)
	at net.minidev.json.parser.JSONParserBase.readObject(JSONParserBase.java:623)
	at net.minidev.json.parser.JSONParserBase.readMain(JSONParserBase.java:473)
	at net.minidev.json.parser.JSONParserBase.readArray(JSONParserBase.java:348)
	at net.minidev.json.parser.JSONParserBase.readMain(JSONParserBase.java:476)
	at net.minidev.json.parser.JSONParserBase.readObject(JSONParserBase.java:623)
	at net.minidev.json.parser.JSONParserBase.readMain(JSONParserBase.java:473)
	at net.minidev.json.parser.JSONParserBase.readObject(JSONParserBase.java:623)
	at net.minidev.json.parser.JSONParserBase.readMain(JSONParserBase.java:473)
	at net.minidev.json.parser.JSONParserBase.readArray(JSONParserBase.java:348)
	at net.minidev.json.parser.JSONParserBase.readMain(JSONParserBase.java:476)
	at net.minidev.json.parser.JSONParserBase.readObject(JSONParserBase.java:623)
	at net.minidev.json.parser.JSONParserBase.readMain(JSONParserBase.java:473)
	at net.minidev.json.parser.JSONParserBase.readObject(JSONParserBase.java:623)
	at net.minidev.json.parser.JSONParserBase.readMain(JSONParserBase.java:473)
	at net.minidev.json.parser.JSONParserBase.readArray(JSONParserBase.java:348)
	at net.minidev.json.parser.JSONParserBase.readMain(JSONParserBase.java:476)
	at net.minidev.json.parser.JSONParserBase.readObject(JSONParserBase.java:623)
	at net.minidev.json.parser.JSONParserBase.readMain(JSONParserBase.java:473)
	at net.minidev.json.parser.JSONParserBase.readObject(JSONParserBase.java:623)
	at net.minidev.json.parser.JSONParserBase.readMain(JSONParserBase.java:473)
	at net.minidev.json.parser.JSONParserBase.readArray(JSONParserBase.java:348)
	at net.minidev.json.parser.JSONParserBase.readMain(JSONParserBase.java:476)
	at net.minidev.json.parser.JSONParserBase.readObject(JSONParserBase.java:623)
	at net.minidev.json.parser.JSONParserBase.readMain(JSONParserBase.java:473)
	at net.minidev.json.parser.JSONParserBase.readObject(JSONParserBase.java:623)
	at net.minidev.json.parser.JSONParserBase.readMain(JSONParserBase.java:473)
	at net.minidev.json.parser.JSONParserBase.readArray(JSONParserBase.java:348)
	at net.minidev.json.parser.JSONParserBase.readMain(JSONParserBase.java:476)
	at net.minidev.json.parser.JSONParserBase.readObject(JSONParserBase.java:623)
	at net.minidev.json.parser.JSONParserBase.readMain(JSONParserBase.java:473)
	at net.minidev.json.parser.JSONParserBase.readObject(JSONParserBase.java:623)
	at net.minidev.json.parser.JSONParserBase.readMain(JSONParserBase.java:473)
	at net.minidev.json.parser.JSONParserBase.readArray(JSONParserBase.java:348)
	at net.minidev.json.parser.JSONParserBase.readMain(JSONParserBase.java:476)
	at net.minidev.json.parser.JSONParserBase.readObject(JSONParserBase.java:623)
	at net.minidev.json.parser.JSONParserBase.readMain(JSONParserBase.java:473)
	at net.minidev.json.parser.JSONParserBase.readObject(JSONParserBase.java:623)
	at net.minidev.json.parser.JSONParserBase.readMain(JSONParserBase.java:473)
	at net.minidev.json.parser.JSONParserBase.readArray(JSONParserBase.java:348)
	at net.minidev.json.parser.JSONParserBase.readMain(JSONParserBase.java:476)
	at net.minidev.json.parser.JSONParserBase.readObject(JSONParserBase.java:623)
	at net.minidev.json.parser.JSONParserBase.readMain(JSONParserBase.java:473)
	at net.minidev.json.parser.JSONParserBase.readObject(JSONParserBase.java:623)
	at net.minidev.json.parser.JSONParserBase.readMain(JSONParserBase.java:473)
	at net.minidev.json.parser.JSONParserBase.readArray(JSONParserBase.java:348)
	at net.minidev.json.parser.JSONParserBase.readMain(JSONParserBase.java:476)
	at net.minidev.json.parser.JSONParserBase.readObject(JSONParserBase.java:623)
	at net.minidev.json.parser.JSONParserBase.readMain(JSONParserBase.java:473)
	at net.minidev.json.parser.JSONParserBase.readObject(JSONParserBase.java:623)
	at net.minidev.json.parser.JSONParserBase.readMain(JSONParserBase.java:473)
	at net.minidev.json.parser.JSONParserBase.readArray(JSONParserBase.java:348)
	at net.minidev.json.parser.JSONParserBase.readMain(JSONParserBase.java:476)
	at net.minidev.json.parser.JSONParserBase.readObject(JSONParserBase.java:623)
	at net.minidev.json.parser.JSONParserBase.readMain(JSONParserBase.java:473)
	at net.minidev.json.parser.JSONParserBase.readObject(JSONParserBase.java:623)
	at net.minidev.json.parser.JSONParserBase.readMain(JSONParserBase.java:473)
	at net.minidev.json.parser.JSONParserBase.readArray(JSONParserBase.java:348)
	at net.minidev.json.parser.JSONParserBase.readMain(JSONParserBase.java:476)
	at net.minidev.json.parser.JSONParserBase.readObject(JSONParserBase.java:623)
	at net.minidev.json.parser.JSONParserBase.readMain(JSONParserBase.java:473)
	at net.minidev.json.parser.JSONParserBase.readObject(JSONParserBase.java:623)
	at net.minidev.json.parser.JSONParserBase.readMain(JSONParserBase.java:473)
	at net.minidev.json.parser.JSONParserBase.readArray(JSONParserBase.java:348)
	at net.minidev.json.parser.JSONParserBase.readMain(JSONParserBase.java:476)
	at net.minidev.json.parser.JSONParserBase.readObject(JSONParserBase.java:623)
	at net.minidev.json.parser.JSONParserBase.readMain(JSONParserBase.java:473)
	at net.minidev.json.parser.JSONParserBase.readObject(JSONParserBase.java:623)
	at net.minidev.json.parser.JSONParserBase.readMain(JSONParserBase.java:473)
	at net.minidev.json.parser.JSONParserBase.readArray(JSONParserBase.java:348)
	at net.minidev.json.parser.JSONParserBase.readMain(JSONParserBase.java:476)
	at net.minidev.json.parser.JSONParserBase.readObject(JSONParserBase.java:623)
	at net.minidev.json.parser.JSONParserBase.readMain(JSONParserBase.java:473)
	at net.minidev.json.parser.JSONParserBase.readObject(JSONParserBase.java:623)
	at net.minidev.json.parser.JSONParserBase.readMain(JSONParserBase.java:473)
	at net.minidev.json.parser.JSONParserBase.readArray(JSONParserBase.java:348)
	at net.minidev.json.parser.JSONParserBase.readMain(JSONParserBase.java:476)
	at net.minidev.json.parser.JSONParserBase.readObject(JSONParserBase.java:623)
	at net.minidev.json.parser.JSONParserBase.readMain(JSONParserBase.java:473)
	at net.minidev.json.parser.JSONParserBase.readObject(JSONParserBase.java:623)
	at net.minidev.json.parser.JSONParserBase.readMain(JSONParserBase.java:473)
	at net.minidev.json.parser.JSONParserBase.readArray(JSONParserBase.java:348)
	at net.minidev.json.parser.JSONParserBase.readMain(JSONParserBase.java:476)
	at net.minidev.json.parser.JSONParserBase.readObject(JSONParserBase.java:623)
	at net.minidev.json.parser.JSONParserBase.readMain(JSONParserBase.java:473)
	at net.minidev.json.parser.JSONParserBase.readObject(JSONParserBase.java:623)
	at net.minidev.json.parser.JSONParserBase.readMain(JSONParserBase.java:473)
	at net.minidev.json.parser.JSONParserBase.readArray(JSONParserBase.java:348)
	at net.minidev.json.parser.JSONParserBase.readMain(JSONParserBase.java:476)
	at net.minidev.json.parser.JSONParserBase.readObject(JSONParserBase.java:623)
	at net.minidev.json.parser.JSONParserBase.readMain(JSONParserBase.java:473)
	at net.minidev.json.parser.JSONParserBase.readObject(JSONParserBase.java:623)
	at net.minidev.json.parser.JSONParserBase.readMain(JSONParserBase.java:473)
	at net.minidev.json.parser.JSONParserBase.readArray(JSONParserBase.java:348)
	at net.minidev.json.parser.JSONParserBase.readMain(JSONParserBase.java:476)
	at net.minidev.json.parser.JSONParserBase.readObject(JSONParserBase.java:623)
	at net.minidev.json.parser.JSONParserBase.readMain(JSONParserBase.java:473)
	at net.minidev.json.parser.JSONParserBase.readObject(JSONParserBase.java:623)
	at net.minidev.json.parser.JSONParserBase.readMain(JSONParserBase.java:473)
	at net.minidev.json.parser.JSONParserBase.readArray(JSONParserBase.java:348)
	at net.minidev.json.parser.JSONParserBase.readMain(JSONParserBase.java:476)
	at net.minidev.json.parser.JSONParserBase.readObject(JSONParserBase.java:623)
	at net.minidev.json.parser.JSONParserBase.readMain(JSONParserBase.java:473)
	at net.minidev.json.parser.JSONParserBase.readObject(JSONParserBase.java:623)
	at net.minidev.json.parser.JSONParserBase.readMain(JSONParserBase.java:473)
	at net.minidev.json.parser.JSONParserBase.readArray(JSONParserBase.java:348)
	at net.minidev.json.parser.JSONParserBase.readMain(JSONParserBase.java:476)
	at net.minidev.json.parser.JSONParserBase.readObject(JSONParserBase.java:623)
	at net.minidev.json.parser.JSONParserBase.readMain(JSONParserBase.java:473)
	at net.minidev.json.parser.JSONParserBase.readObject(JSONParserBase.java:623)
	at net.minidev.json.parser.JSONParserBase.readMain(JSONParserBase.java:473)
	at net.minidev.json.parser.JSONParserBase.readArray(JSONParserBase.java:348)
	at net.minidev.json.parser.JSONParserBase.readMain(JSONParserBase.java:476)
	at net.minidev.json.parser.JSONParserBase.readObject(JSONParserBase.java:623)
	at net.minidev.json.parser.JSONParserBase.readMain(JSONParserBase.java:473)
	at net.minidev.json.parser.JSONParserBase.readObject(JSONParserBase.java:623)
	at net.minidev.json.parser.JSONParserBase.readMain(JSONParserBase.java:473)
	at net.minidev.json.parser.JSONParserBase.readArray(JSONParserBase.java:348)
	at net.minidev.json.parser.JSONParserBase.readMain(JSONParserBase.java:476)
	at net.minidev.json.parser.JSONParserBase.readObject(JSONParserBase.java:623)
	at net.minidev.json.parser.JSONParserBase.readMain(JSONParserBase.java:473)
	at net.minidev.json.parser.JSONParserBase.readObject(JSONParserBase.java:623)
	at net.minidev.json.parser.JSONParserBase.readMain(JSONParserBase.java:473)
	at net.minidev.json.parser.JSONParserBase.readArray(JSONParserBase.java:348)
	at net.minidev.json.parser.JSONParserBase.readMain(JSONParserBase.java:476)
	at net.minidev.json.parser.JSONParserBase.readObject(JSONParserBase.java:623)
	at net.minidev.json.parser.JSONParserBase.readMain(JSONParserBase.java:473)
	at net.minidev.json.parser.JSONParserBase.readObject(JSONParserBase.java:623)
	at net.minidev.json.parser.JSONParserBase.readMain(JSONParserBase.java:473)
	at net.minidev.json.parser.JSONParserBase.readArray(JSONParserBase.java:348)
	at net.minidev.json.parser.JSONParserBase.readMain(JSONParserBase.java:476)
	at net.minidev.json.parser.JSONParserBase.readObject(JSONParserBase.java:623)
	at net.minidev.json.parser.JSONParserBase.readMain(JSONParserBase.java:473)
	at net.minidev.json.parser.JSONParserBase.readObject(JSONParserBase.java:623)
	at net.minidev.json.parser.JSONParserBase.readMain(JSONParserBase.java:473)
	at net.minidev.json.parser.JSONParserBase.readArray(JSONParserBase.java:348)
	at net.minidev.json.parser.JSONParserBase.readMain(JSONParserBase.java:476)
	at net.minidev.json.parser.JSONParserBase.readObject(JSONParserBase.java:623)
	at net.minidev.json.parser.JSONParserBase.readMain(JSONParserBase.java:473)
	at net.minidev.json.parser.JSONParserBase.readObject(JSONParserBase.java:623)
	at net.minidev.json.parser.JSONParserBase.readMain(JSONParserBase.java:473)
	at net.minidev.json.parser.JSONParserBase.readArray(JSONParserBase.java:348)
	at net.minidev.json.parser.JSONParserBase.readMain(JSONParserBase.java:476)
	at net.minidev.json.parser.JSONParserBase.readObject(JSONParserBase.java:623)
	at net.minidev.json.parser.JSONParserBase.readMain(JSONParserBase.java:473)
	at net.minidev.json.parser.JSONParserBase.readObject(JSONParserBase.java:623)
	at net.minidev.json.parser.JSONParserBase.readMain(JSONParserBase.java:473)
	at net.minidev.json.parser.JSONParserBase.readArray(JSONParserBase.java:348)
	at net.minidev.json.parser.JSONParserBase.readMain(JSONParserBase.java:476)
	at net.minidev.json.parser.JSONParserBase.readObject(JSONParserBase.java:623)
	at net.minidev.json.parser.JSONParserBase.readMain(JSONParserBase.java:473)
	at net.minidev.json.parser.JSONParserBase.readObject(JSONParserBase.java:623)
	at net.minidev.json.parser.JSONParserBase.readMain(JSONParserBase.java:473)
	at net.minidev.json.parser.JSONParserBase.readArray(JSONParserBase.java:348)
	at net.minidev.json.parser.JSONParserBase.readMain(JSONParserBase.java:476)
	at net.minidev.json.parser.JSONParserBase.readObject(JSONParserBase.java:623)
	at net.minidev.json.parser.JSONParserBase.readMain(JSONParserBase.java:473)
	at net.minidev.json.parser.JSONParserBase.readObject(JSONParserBase.java:623)
	at net.minidev.json.parser.JSONParserBase.readMain(JSONParserBase.java:473)
	at net.minidev.json.parser.JSONParserBase.readArray(JSONParserBase.java:348)
	at net.minidev.json.parser.JSONParserBase.readMain(JSONParserBase.java:476)
	at net.minidev.json.parser.JSONParserBase.readObject(JSONParserBase.java:623)
	at net.minidev.json.parser.JSONParserBase.readMain(JSONParserBase.java:473)
	at net.minidev.json.parser.JSONParserBase.readObject(JSONParserBase.java:623)
	at net.minidev.json.parser.JSONParserBase.readMain(JSONParserBase.java:473)
	at net.minidev.json.parser.JSONParserBase.readArray(JSONParserBase.java:348)
	at net.minidev.json.parser.JSONParserBase.readMain(JSONParserBase.java:476)
	at net.minidev.json.parser.JSONParserBase.readObject(JSONParserBase.java:623)
	at net.minidev.json.parser.JSONParserBase.readMain(JSONParserBase.java:473)
	at net.minidev.json.parser.JSONParserBase.readObject(JSONParserBase.java:623)
	at net.minidev.json.parser.JSONParserBase.readMain(JSONParserBase.java:473)
	at net.minidev.json.parser.JSONParserBase.readArray(JSONParserBase.java:348)
	at net.minidev.json.parser.JSONParserBase.readMain(JSONParserBase.java:476)
	at net.minidev.json.parser.JSONParserBase.readObject(JSONParserBase.java:623)
	at net.minidev.json.parser.JSONParserBase.readMain(JSONParserBase.java:473)
	at net.minidev.json.parser.JSONParserBase.readObject(JSONParserBase.java:623)
	at net.minidev.json.parser.JSONParserBase.readMain(JSONParserBase.java:473)
	at net.minidev.json.parser.JSONParserBase.readArray(JSONParserBase.java:348)
	at net.minidev.json.parser.JSONParserBase.readMain(JSONParserBase.java:476)
	at net.minidev.json.parser.JSONParserBase.readObject(JSONParserBase.java:623)
	at net.minidev.json.parser.JSONParserBase.readMain(JSONParserBase.java:473)
	at net.minidev.json.parser.JSONParserBase.readObject(JSONParserBase.java:623)
	at net.minidev.json.parser.JSONParserBase.readMain(JSONParserBase.java:473)
	at net.minidev.json.parser.JSONParserBase.readArray(JSONParserBase.java:348)
	at net.minidev.json.parser.JSONParserBase.readMain(JSONParserBase.java:476)
	at net.minidev.json.parser.JSONParserBase.readObject(JSONParserBase.java:623)
	at net.minidev.json.parser.JSONParserBase.readMain(JSONParserBase.java:473)
	at net.minidev.json.parser.JSONParserBase.readObject(JSONParserBase.java:623)
	at net.minidev.json.parser.JSONParserBase.readMain(JSONParserBase.java:473)
	at net.minidev.json.parser.JSONParserBase.readArray(JSONParserBase.java:348)
	at net.minidev.json.parser.JSONParserBase.readMain(JSONParserBase.java:476)
	at net.minidev.json.parser.JSONParserBase.readObject(JSONParserBase.java:623)
	at net.minidev.json.parser.JSONParserBase.readMain(JSONParserBase.java:473)
	at net.minidev.json.parser.JSONParserBase.readObject(JSONParserBase.java:623)
	at net.minidev.json.parser.JSONParserBase.readMain(JSONParserBase.java:473)
	at net.minidev.json.parser.JSONParserBase.readArray(JSONParserBase.java:348)
	at net.minidev.json.parser.JSONParserBase.readMain(JSONParserBase.java:476)
	at net.minidev.json.parser.JSONParserBase.readObject(JSONParserBase.java:623)
	at net.minidev.json.parser.JSONParserBase.readMain(JSONParserBase.java:473)
	at net.minidev.json.parser.JSONParserBase.readObject(JSONParserBase.java:623)
	at net.minidev.json.parser.JSONParserBase.readMain(JSONParserBase.java:473)
	at net.minidev.json.parser.JSONParserBase.readArray(JSONParserBase.java:348)
	at net.minidev.json.parser.JSONParserBase.readMain(JSONParserBase.java:476)
	at net.minidev.json.parser.JSONParserBase.readObject(JSONParserBase.java:623)
	at net.minidev.json.parser.JSONParserBase.readMain(JSONParserBase.java:473)
	at net.minidev.json.parser.JSONParserBase.readObject(JSONParserBase.java:623)
	at net.minidev.json.parser.JSONParserBase.readMain(JSONParserBase.java:473)
	at net.minidev.json.parser.JSONParserBase.readArray(JSONParserBase.java:348)
	at net.minidev.json.parser.JSONParserBase.readMain(JSONParserBase.java:476)
	at net.minidev.json.parser.JSONParserBase.readObject(JSONParserBase.java:623)
	at net.minidev.json.parser.JSONParserBase.readMain(JSONParserBase.java:473)
	at net.minidev.json.parser.JSONParserBase.readObject(JSONParserBase.java:623)
	at net.minidev.json.parser.JSONParserBase.readMain(JSONParserBase.java:473)
	at net.minidev.json.parser.JSONParserBase.readArray(JSONParserBase.java:348)
	at net.minidev.json.parser.JSONParserBase.readMain(JSONParserBase.java:476)
	at net.minidev.json.parser.JSONParserBase.readObject(JSONParserBase.java:623)
	at net.minidev.json.parser.JSONParserBase.readMain(JSONParserBase.java:473)
	at net.minidev.json.parser.JSONParserBase.readObject(JSONParserBase.java:623)
	at net.minidev.json.parser.JSONParserBase.readMain(JSONParserBase.java:473)
	at net.minidev.json.parser.JSONParserBase.readArray(JSONParserBase.java:348)
	at net.minidev.json.parser.JSONParserBase.readMain(JSONParserBase.java:476)
	at net.minidev.json.parser.JSONParserBase.readObject(JSONParserBase.java:623)
	at net.minidev.json.parser.JSONParserBase.readMain(JSONParserBase.java:473)
	at net.minidev.json.parser.JSONParserBase.readObject(JSONParserBase.java:623)
	at net.minidev.json.parser.JSONParserBase.readMain(JSONParserBase.java:473)
	at net.minidev.json.parser.JSONParserBase.readArray(JSONParserBase.java:348)
	at net.minidev.json.parser.JSONParserBase.readMain(JSONParserBase.java:476)
	at net.minidev.json.parser.JSONParserBase.readObject(JSONParserBase.java:623)
	at net.minidev.json.parser.JSONParserBase.readMain(JSONParserBase.java:473)
	at net.minidev.json.parser.JSONParserBase.readObject(JSONParserBase.java:623)
	at net.minidev.json.parser.JSONParserBase.readMain(JSONParserBase.java:473)
	at net.minidev.json.parser.JSONParserBase.readArray(JSONParserBase.java:348)
	at net.minidev.json.parser.JSONParserBase.readMain(JSONParserBase.java:476)
	at net.minidev.json.parser.JSONParserBase.readObject(JSONParserBase.java:623)
	at net.minidev.json.parser.JSONParserBase.readMain(JSONParserBase.java:473)
	at net.minidev.json.parser.JSONParserBase.readObject(JSONParserBase.java:623)
	at net.minidev.json.parser.JSONParserBase.readMain(JSONParserBase.java:473)
	at net.minidev.json.parser.JSONParserBase.readArray(JSONParserBase.java:348)
	at net.minidev.json.parser.JSONParserBase.readMain(JSONParserBase.java:476)
	at net.minidev.json.parser.JSONParserBase.readObject(JSONParserBase.java:623)
	at net.minidev.json.parser.JSONParserBase.readMain(JSONParserBase.java:473)
	at net.minidev.json.parser.JSONParserBase.readObject(JSONParserBase.java:623)
	at net.minidev.json.parser.JSONParserBase.readMain(JSONParserBase.java:473)
	at net.minidev.json.parser.JSONParserBase.readArray(JSONParserBase.java:348)
	at net.minidev.json.parser.JSONParserBase.readMain(JSONParserBase.java:476)
	at net.minidev.json.parser.JSONParserBase.readObject(JSONParserBase.java:623)
	at net.minidev.json.parser.JSONParserBase.readMain(JSONParserBase.java:473)
	at net.minidev.json.parser.JSONParserBase.readObject(JSONParserBase.java:623)
	at net.minidev.json.parser.JSONParserBase.readMain(JSONParserBase.java:473)
	at net.minidev.json.parser.JSONParserBase.readArray(JSONParserBase.java:348)
	at net.minidev.json.parser.JSONParserBase.readMain(JSONParserBase.java:476)
	at net.minidev.json.parser.JSONParserBase.readObject(JSONParserBase.java:623)
	at net.minidev.json.parser.JSONParserBase.readMain(JSONParserBase.java:473)
	at net.minidev.json.parser.JSONParserBase.readObject(JSONParserBase.java:623)
	at net.minidev.json.parser.JSONParserBase.readMain(JSONParserBase.java:473)
	at net.minidev.json.parser.JSONParserBase.readArray(JSONParserBase.java:348)
	at net.minidev.json.parser.JSONParserBase.readMain(JSONParserBase.java:476)
	at net.minidev.json.parser.JSONParserBase.readObject(JSONParserBase.java:623)
	at net.minidev.json.parser.JSONParserBase.readMain(JSONParserBase.java:473)
	at net.minidev.json.parser.JSONParserBase.readObject(JSONParserBase.java:623)
	at net.minidev.json.parser.JSONParserBase.readMain(JSONParserBase.java:473)
	at net.minidev.json.parser.JSONParserBase.readArray(JSONParserBase.java:348)
	at net.minidev.json.parser.JSONParserBase.readMain(JSONParserBase.java:476)
	at net.minidev.json.parser.JSONParserBase.readObject(JSONParserBase.java:623)
	at net.minidev.json.parser.JSONParserBase.readMain(JSONParserBase.java:473)
	at net.minidev.json.parser.JSONParserBase.readObject(JSONParserBase.java:623)
	at net.minidev.json.parser.JSONParserBase.readMain(JSONParserBase.java:473)
	at net.minidev.json.parser.JSONParserBase.readArray(JSONParserBase.java:348)
	at net.minidev.json.parser.JSONParserBase.readMain(JSONParserBase.java:476)
	at net.minidev.json.parser.JSONParserBase.readObject(JSONParserBase.java:623)
	at net.minidev.json.parser.JSONParserBase.readMain(JSONParserBase.java:473)
	at net.minidev.json.parser.JSONParserBase.readObject(JSONParserBase.java:623)
	at net.minidev.json.parser.JSONParserBase.readMain(JSONParserBase.java:473)
	at net.minidev.json.parser.JSONParserBase.readArray(JSONParserBase.java:348)
	at net.minidev.json.parser.JSONParserBase.readMain(JSONParserBase.java:476)
	at net.minidev.json.parser.JSONParserBase.readObject(JSONParserBase.java:623)
	at net.minidev.json.parser.JSONParserBase.readMain(JSONParserBase.java:473)
	at net.minidev.json.parser.JSONParserBase.readObject(JSONParserBase.java:623)
	at net.minidev.json.parser.JSONParserBase.readMain(JSONParserBase.java:473)
	at net.minidev.json.parser.JSONParserBase.readArray(JSONParserBase.java:348)
	at net.minidev.json.parser.JSONParserBase.readMain(JSONParserBase.java:476)
	at net.minidev.json.parser.JSONParserBase.readObject(JSONParserBase.java:623)
	at net.minidev.json.parser.JSONParserBase.readMain(JSONParserBase.java:473)
	at net.minidev.json.parser.JSONParserBase.readObject(JSONParserBase.java:623)
	at net.minidev.json.parser.JSONParserBase.readMain(JSONParserBase.java:473)
	at net.minidev.json.parser.JSONParserBase.readArray(JSONParserBase.java:348)
	at net.minidev.json.parser.JSONParserBase.readMain(JSONParserBase.java:476)
	at net.minidev.json.parser.JSONParserBase.readObject(JSONParserBase.java:623)
	at net.minidev.json.parser.JSONParserBase.readMain(JSONParserBase.java:473)
	at net.minidev.json.parser.JSONParserBase.readObject(JSONParserBase.java:623)
	at net.minidev.json.parser.JSONParserBase.readMain(JSONParserBase.java:473)
	at net.minidev.json.parser.JSONParserBase.readArray(JSONParserBase.java:348)
	at net.minidev.json.parser.JSONParserBase.readMain(JSONParserBase.java:476)
	at net.minidev.json.parser.JSONParserBase.readObject(JSONParserBase.java:623)
	at net.minidev.json.parser.JSONParserBase.readMain(JSONParserBase.java:473)
	at net.minidev.json.parser.JSONParserBase.readObject(JSONParserBase.java:623)
	at net.minidev.json.parser.JSONParserBase.readMain(JSONParserBase.java:473)
	at net.minidev.json.parser.JSONParserBase.readArray(JSONParserBase.java:348)
	at net.minidev.json.parser.JSONParserBase.readMain(JSONParserBase.java:476)
	at net.minidev.json.parser.JSONParserBase.readObject(JSONParserBase.java:623)
	at net.minidev.json.parser.JSONParserBase.readMain(JSONParserBase.java:473)
	at net.minidev.json.parser.JSONParserBase.readObject(JSONParserBase.java:623)
	at net.minidev.json.parser.JSONParserBase.readMain(JSONParserBase.java:473)
	at net.minidev.json.parser.JSONParserBase.readArray(JSONParserBase.java:348)
	at net.minidev.json.parser.JSONParserBase.readMain(JSONParserBase.java:476)
	at net.minidev.json.parser.JSONParserBase.readObject(JSONParserBase.java:623)
	at net.minidev.json.parser.JSONParserBase.readMain(JSONParserBase.java:473)
	at net.minidev.json.parser.JSONParserBase.readObject(JSONParserBase.java:623)
	at net.minidev.json.parser.JSONParserBase.readMain(JSONParserBase.java:473)
	at net.minidev.json.parser.JSONParserBase.readArray(JSONParserBase.java:348)
	at net.minidev.json.parser.JSONParserBase.readMain(JSONParserBase.java:476)
	at net.minidev.json.parser.JSONParserBase.readObject(JSONParserBase.java:623)
	at net.minidev.json.parser.JSONParserBase.readMain(JSONParserBase.java:473)
	at net.minidev.json.parser.JSONParserBase.readObject(JSONParserBase.java:623)
	at net.minidev.json.parser.JSONParserBase.readMain(JSONParserBase.java:473)
	at net.minidev.json.parser.JSONParserBase.readArray(JSONParserBase.java:348)
	at net.minidev.json.parser.JSONParserBase.readMain(JSONParserBase.java:476)
	at net.minidev.json.parser.JSONParserBase.readObject(JSONParserBase.java:623)
	at net.minidev.json.parser.JSONParserBase.readMain(JSONParserBase.java:473)
	at net.minidev.json.parser.JSONParserBase.readObject(JSONParserBase.java:623)
	at net.minidev.json.parser.JSONParserBase.readMain(JSONParserBase.java:473)
	at net.minidev.json.parser.JSONParserBase.readArray(JSONParserBase.java:348)
	at net.minidev.json.parser.JSONParserBase.readMain(JSONParserBase.java:476)
	at net.minidev.json.parser.JSONParserBase.readObject(JSONParserBase.java:623)
	at net.minidev.json.parser.JSONParserBase.readMain(JSONParserBase.java:473)
	at net.minidev.json.parser.JSONParserBase.readObject(JSONParserBase.java:623)
	at net.minidev.json.parser.JSONParserBase.readMain(JSONParserBase.java:473)
	at net.minidev.json.parser.JSONParserBase.readArray(JSONParserBase.java:348)
	at net.minidev.json.parser.JSONParserBase.readMain(JSONParserBase.java:476)
	at net.minidev.json.parser.JSONParserBase.readObject(JSONParserBase.java:623)
	at net.minidev.json.parser.JSONParserBase.readMain(JSONParserBase.java:473)
	at net.minidev.json.parser.JSONParserBase.readObject(JSONParserBase.java:623)
	at net.minidev.json.parser.JSONParserBase.readMain(JSONParserBase.java:473)
	at net.minidev.json.parser.JSONParserBase.readArray(JSONParserBase.java:348)
	at net.minidev.json.parser.JSONParserBase.readMain(JSONParserBase.java:476)
	at net.minidev.json.parser.JSONParserBase.readObject(JSONParserBase.java:623)
	at net.minidev.json.parser.JSONParserBase.readMain(JSONParserBase.java:473)
	at net.minidev.json.parser.JSONParserBase.readObject(JSONParserBase.java:623)
	at net.minidev.json.parser.JSONParserBase.readMain(JSONParserBase.java:473)
	at net.minidev.json.parser.JSONParserBase.readArray(JSONParserBase.java:348)
	at net.minidev.json.parser.JSONParserBase.readMain(JSONParserBase.java:476)
	at net.minidev.json.parser.JSONParserBase.readObject(JSONParserBase.java:623)
	at net.minidev.json.parser.JSONParserBase.readMain(JSONParserBase.java:473)
	at net.minidev.json.parser.JSONParserBase.readObject(JSONParserBase.java:623)
	at net.minidev.json.parser.JSONParserBase.readMain(JSONParserBase.java:473)
	at net.minidev.json.parser.JSONParserBase.readArray(JSONParserBase.java:348)
	at net.minidev.json.parser.JSONParserBase.readMain(JSONParserBase.java:476)
	at net.minidev.json.parser.JSONParserBase.readObject(JSONParserBase.java:623)
	at net.minidev.json.parser.JSONParserBase.readMain(JSONParserBase.java:473)
	at net.minidev.json.parser.JSONParserBase.readObject(JSONParserBase.java:623)
	at net.minidev.json.parser.JSONParserBase.readMain(JSONParserBase.java:473)
	at net.minidev.json.parser.JSONParserBase.readArray(JSONParserBase.java:348)
	at net.minidev.json.parser.JSONParserBase.readMain(JSONParserBase.java:476)
	at net.minidev.json.parser.JSONParserBase.readObject(JSONParserBase.java:623)
	at net.minidev.json.parser.JSONParserBase.readMain(JSONParserBase.java:473)
	at net.minidev.json.parser.JSONParserBase.readObject(JSONParserBase.java:623)
	at net.minidev.json.parser.JSONParserBase.readMain(JSONParserBase.java:473)
	at net.minidev.json.parser.JSONParserBase.readArray(JSONParserBase.java:348)
	at net.minidev.json.parser.JSONParserBase.readMain(JSONParserBase.java:476)
	at net.minidev.json.parser.JSONParserBase.readObject(JSONParserBase.java:623)
	at net.minidev.json.parser.JSONParserBase.readMain(JSONParserBase.java:473)
	at net.minidev.json.parser.JSONParserBase.readObject(JSONParserBase.java:623)
	at net.minidev.json.parser.JSONParserBase.readMain(JSONParserBase.java:473)
	at net.minidev.json.parser.JSONParserBase.readArray(JSONParserBase.java:348)
	at net.minidev.json.parser.JSONParserBase.readMain(JSONParserBase.java:476)
	at net.minidev.json.parser.JSONParserBase.readObject(JSONParserBase.java:623)
	at net.minidev.json.parser.JSONParserBase.readMain(JSONParserBase.java:473)
	at net.minidev.json.parser.JSONParserBase.readObject(JSONParserBase.java:623)
	at net.minidev.json.parser.JSONParserBase.readMain(JSONParserBase.java:473)
	at net.minidev.json.parser.JSONParserBase.readArray(JSONParserBase.java:348)
	at net.minidev.json.parser.JSONParserBase.readMain(JSONParserBase.java:476)
	at net.minidev.json.parser.JSONParserBase.readObject(JSONParserBase.java:623)
	at net.minidev.json.parser.JSONParserBase.readMain(JSONParserBase.java:473)
	at net.minidev.json.parser.JSONParserBase.readObject(JSONParserBase.java:623)
	at net.minidev.json.parser.JSONParserBase.readMain(JSONParserBase.java:473)
	at net.minidev.json.parser.JSONParserBase.readArray(JSONParserBase.java:348)
	at net.minidev.json.parser.JSONParserBase.readMain(JSONParserBase.java:476)
	at net.minidev.json.parser.JSONParserBase.readObject(JSONParserBase.java:623)
	at net.minidev.json.parser.JSONParserBase.readMain(JSONParserBase.java:473)
	at net.minidev.json.parser.JSONParserBase.readObject(JSONParserBase.java:623)
	at net.minidev.json.parser.JSONParserBase.readMain(JSONParserBase.java:473)
	at net.minidev.json.parser.JSONParserBase.readArray(JSONParserBase.java:348)
	at net.minidev.json.parser.JSONParserBase.readMain(JSONParserBase.java:476)
	at net.minidev.json.parser.JSONParserBase.readObject(JSONParserBase.java:623)
	at net.minidev.json.parser.JSONParserBase.readMain(JSONParserBase.java:473)
	at net.minidev.json.parser.JSONParserBase.readObject(JSONParserBase.java:623)
	at net.minidev.json.parser.JSONParserBase.readMain(JSONParserBase.java:473)
	at net.minidev.json.parser.JSONParserBase.readArray(JSONParserBase.java:348)
	at net.minidev.json.parser.JSONParserBase.readMain(JSONParserBase.java:476)
	at net.minidev.json.parser.JSONParserBase.readObject(JSONParserBase.java:623)
	at net.minidev.json.parser.JSONParserBase.readMain(JSONParserBase.java:473)
	at net.minidev.json.parser.JSONParserBase.readObject(JSONParserBase.java:623)
	at net.minidev.json.parser.JSONParserBase.readMain(JSONParserBase.java:473)
	at net.minidev.json.parser.JSONParserBase.readArray(JSONParserBase.java:348)
	at net.minidev.json.parser.JSONParserBase.readMain(JSONParserBase.java:476)
	at net.minidev.json.parser.JSONParserBase.readObject(JSONParserBase.java:623)
	at net.minidev.json.parser.JSONParserBase.readMain(JSONParserBase.java:473)
	at net.minidev.json.parser.JSONParserBase.readObject(JSONParserBase.java:623)
	at net.minidev.json.parser.JSONParserBase.readMain(JSONParserBase.java:473)
	at net.minidev.json.parser.JSONParserBase.readArray(JSONParserBase.java:348)
	at net.minidev.json.parser.JSONParserBase.readMain(JSONParserBase.java:476)
	at net.minidev.json.parser.JSONParserBase.readObject(JSONParserBase.java:623)
	at net.minidev.json.parser.JSONParserBase.readMain(JSONParserBase.java:473)
	at net.minidev.json.parser.JSONParserBase.readObject(JSONParserBase.java:623)
	at net.minidev.json.parser.JSONParserBase.readMain(JSONParserBase.java:473)
	at net.minidev.json.parser.JSONParserBase.readArray(JSONParserBase.java:348)
	at net.minidev.json.parser.JSONParserBase.readMain(JSONParserBase.java:476)
	at net.minidev.json.parser.JSONParserBase.readObject(JSONParserBase.java:623)
	at net.minidev.json.parser.JSONParserBase.readMain(JSONParserBase.java:473)
	at net.minidev.json.parser.JSONParserBase.readObject(JSONParserBase.java:623)
	at net.minidev.json.parser.JSONParserBase.readMain(JSONParserBase.java:473)
	at net.minidev.json.parser.JSONParserBase.readArray(JSONParserBase.java:348)
	at net.minidev.json.parser.JSONParserBase.readMain(JSONParserBase.java:476)
	at net.minidev.json.parser.JSONParserBase.readObject(JSONParserBase.java:623)
	at net.minidev.json.parser.JSONParserBase.readMain(JSONParserBase.java:473)
	at net.minidev.json.parser.JSONParserBase.readObject(JSONParserBase.java:623)
	at net.minidev.json.parser.JSONParserBase.readMain(JSONParserBase.java:473)
	at net.minidev.json.parser.JSONParserBase.readArray(JSONParserBase.java:348)
	at net.minidev.json.parser.JSONParserBase.readMain(JSONParserBase.java:476)
	at net.minidev.json.parser.JSONParserBase.readObject(JSONParserBase.java:623)
	at net.minidev.json.parser.JSONParserBase.readMain(JSONParserBase.java:473)
	at net.minidev.json.parser.JSONParserBase.readObject(JSONParserBase.java:623)
	at net.minidev.json.parser.JSONParserBase.readMain(JSONParserBase.java:473)
	at net.minidev.json.parser.JSONParserBase.readArray(JSONParserBase.java:348)
	at net.minidev.json.parser.JSONParserBase.readMain(JSONParserBase.java:476)
	at net.minidev.json.parser.JSONParserBase.readObject(JSONParserBase.java:623)
	at net.minidev.json.parser.JSONParserBase.readMain(JSONParserBase.java:473)
	at net.minidev.json.parser.JSONParserBase.readObject(JSONParserBase.java:623)
	at net.minidev.json.parser.JSONParserBase.readMain(JSONParserBase.java:473)
	at net.minidev.json.parser.JSONParserBase.readArray(JSONParserBase.java:348)
	at net.minidev.json.parser.JSONParserBase.readMain(JSONParserBase.java:476)
	at net.minidev.json.parser.JSONParserBase.readObject(JSONParserBase.java:623)
	at net.minidev.json.parser.JSONParserBase.readMain(JSONParserBase.java:473)
	at net.minidev.json.parser.JSONParserBase.readObject(JSONParserBase.java:623)
	at net.minidev.json.parser.JSONParserBase.readMain(JSONParserBase.java:473)
	at net.minidev.json.parser.JSONParserBase.readArray(JSONParserBase.java:348)
	at net.minidev.json.parser.JSONParserBase.readMain(JSONParserBase.java:476)
	at net.minidev.json.parser.JSONParserBase.readObject(JSONParserBase.java:623)
	at net.minidev.json.parser.JSONParserBase.readMain(JSONParserBase.java:473)
	at net.minidev.json.parser.JSONParserBase.readObject(JSONParserBase.java:623)
	at net.minidev.json.parser.JSONParserBase.readMain(JSONParserBase.java:473)
	at net.minidev.json.parser.JSONParserBase.readArray(JSONParserBase.java:348)
	at net.minidev.json.parser.JSONParserBase.readMain(JSONParserBase.java:476)
	at net.minidev.json.parser.JSONParserBase.readObject(JSONParserBase.java:623)
	at net.minidev.json.parser.JSONParserBase.readMain(JSONParserBase.java:473)
	at net.minidev.json.parser.JSONParserBase.readObject(JSONParserBase.java:623)
	at net.minidev.json.parser.JSONParserBase.readMain(JSONParserBase.java:473)
	at net.minidev.json.parser.JSONParserBase.readArray(JSONParserBase.java:348)
	at net.minidev.json.parser.JSONParserBase.readMain(JSONParserBase.java:476)
	at net.minidev.json.parser.JSONParserBase.readObject(JSONParserBase.java:623)
	at net.minidev.json.parser.JSONParserBase.readMain(JSONParserBase.java:473)
	at net.minidev.json.parser.JSONParserBase.readObject(JSONParserBase.java:623)
	at net.minidev.json.parser.JSONParserBase.readMain(JSONParserBase.java:473)
	at net.minidev.json.parser.JSONParserBase.readArray(JSONParserBase.java:348)
	at net.minidev.json.parser.JSONParserBase.readMain(JSONParserBase.java:476)
	at net.minidev.json.parser.JSONParserBase.readObject(JSONParserBase.java:623)
	at net.minidev.json.parser.JSONParserBase.readMain(JSONParserBase.java:473)
	at net.minidev.json.parser.JSONParserBase.readObject(JSONParserBase.java:623)
	at net.minidev.json.parser.JSONParserBase.readMain(JSONParserBase.java:473)
	at net.minidev.json.parser.JSONParserBase.readArray(JSONParserBase.java:348)
	at net.minidev.json.parser.JSONParserBase.readMain(JSONParserBase.java:476)
	at net.minidev.json.parser.JSONParserBase.readObject(JSONParserBase.java:623)
	at net.minidev.json.parser.JSONParserBase.readMain(JSONParserBase.java:473)
	at net.minidev.json.parser.JSONParserBase.readObject(JSONParserBase.java:623)
	at net.minidev.json.parser.JSONParserBase.readMain(JSONParserBase.java:473)
	at net.minidev.json.parser.JSONParserBase.readArray(JSONParserBase.java:348)
	at net.minidev.json.parser.JSONParserBase.readMain(JSONParserBase.java:476)
	at net.minidev.json.parser.JSONParserBase.readObject(JSONParserBase.java:623)
	at net.minidev.json.parser.JSONParserBase.readMain(JSONParserBase.java:473)
	at net.minidev.json.parser.JSONParserBase.readObject(JSONParserBase.java:623)
	at net.minidev.json.parser.JSONParserBase.readMain(JSONParserBase.java:473)
	at net.minidev.json.parser.JSONParserBase.readArray(JSONParserBase.java:348)
	at net.minidev.json.parser.JSONParserBase.readMain(JSONParserBase.java:476)
	at net.minidev.json.parser.JSONParserBase.readObject(JSONParserBase.java:623)
	at net.minidev.json.parser.JSONParserBase.readMain(JSONParserBase.java:473)
	at net.minidev.json.parser.JSONParserBase.readObject(JSONParserBase.java:623)
	at net.minidev.json.parser.JSONParserBase.readMain(JSONParserBase.java:473)
	at net.minidev.json.parser.JSONParserBase.readArray(JSONParserBase.java:348)
	at net.minidev.json.parser.JSONParserBase.readMain(JSONParserBase.java:476)
	at net.minidev.json.parser.JSONParserBase.readObject(JSONParserBase.java:623)
	at net.minidev.json.parser.JSONParserBase.readMain(JSONParserBase.java:473)
	at net.minidev.json.parser.JSONParserBase.readObject(JSONParserBase.java:623)
	at net.minidev.json.parser.JSONParserBase.readMain(JSONParserBase.java:473)
	at net.minidev.json.parser.JSONParserBase.readArray(JSONParserBase.java:348)
	at net.minidev.json.parser.JSONParserBase.readMain(JSONParserBase.java:476)
	at net.minidev.json.parser.JSONParserBase.readObject(JSONParserBase.java:623)
	at net.minidev.json.parser.JSONParserBase.readMain(JSONParserBase.java:473)
	at net.minidev.json.parser.JSONParserBase.readObject(JSONParserBase.java:623)
	at net.minidev.json.parser.JSONParserBase.readMain(JSONParserBase.java:473)
	at net.minidev.json.parser.JSONParserBase.readArray(JSONParserBase.java:348)
	at net.minidev.json.parser.JSONParserBase.readMain(JSONParserBase.java:476)
	at net.minidev.json.parser.JSONParserBase.readObject(JSONParserBase.java:623)
	at net.minidev.json.parser.JSONParserBase.readMain(JSONParserBase.java:473)
	at net.minidev.json.parser.JSONParserBase.readObject(JSONParserBase.java:623)
	at net.minidev.json.parser.JSONParserBase.readMain(JSONParserBase.java:473)
	at net.minidev.json.parser.JSONParserBase.readArray(JSONParserBase.java:348)
	at net.minidev.json.parser.JSONParserBase.readMain(JSONParserBase.java:476)
	at net.minidev.json.parser.JSONParserBase.readObject(JSONParserBase.java:623)
	at net.minidev.json.parser.JSONParserBase.readMain(JSONParserBase.java:473)
	at net.minidev.json.parser.JSONParserBase.readObject(JSONParserBase.java:623)
	at net.minidev.json.parser.JSONParserBase.readMain(JSONParserBase.java:473)
	at net.minidev.json.parser.JSONParserBase.readArray(JSONParserBase.java:348)
	at net.minidev.json.parser.JSONParserBase.readMain(JSONParserBase.java:476)
	at net.minidev.json.parser.JSONParserBase.readObject(JSONParserBase.java:623)
	at net.minidev.json.parser.JSONParserBase.readMain(JSONParserBase.java:473)
	at net.minidev.json.parser.JSONParserBase.readObject(JSONParserBase.java:623)
	at net.minidev.json.parser.JSONParserBase.readMain(JSONParserBase.java:473)
	at net.minidev.json.parser.JSONParserBase.readArray(JSONParserBase.java:348)
	at net.minidev.json.parser.JSONParserBase.readMain(JSONParserBase.java:476)
	at net.minidev.json.parser.JSONParserBase.readObject(JSONParserBase.java:623)
	at net.minidev.json.parser.JSONParserBase.readMain(JSONParserBase.java:473)
	at net.minidev.json.parser.JSONParserBase.readObject(JSONParserBase.java:623)
	at net.minidev.json.parser.JSONParserBase.readMain(JSONParserBase.java:473)
	at net.minidev.json.parser.JSONParserBase.readArray(JSONParserBase.java:348)
	at net.minidev.json.parser.JSONParserBase.readMain(JSONParserBase.java:476)
	at net.minidev.json.parser.JSONParserBase.readObject(JSONParserBase.java:623)
	at net.minidev.json.parser.JSONParserBase.readMain(JSONParserBase.java:473)
	at net.minidev.json.parser.JSONParserBase.readObject(JSONParserBase.java:623)
	at net.minidev.json.parser.JSONParserBase.readMain(JSONParserBase.java:473)
	at net.minidev.json.parser.JSONParserBase.readArray(JSONParserBase.java:348)
	at net.minidev.json.parser.JSONParserBase.readMain(JSONParserBase.java:476)
	at net.minidev.json.parser.JSONParserBase.readObject(JSONParserBase.java:623)
	at net.minidev.json.parser.JSONParserBase.readMain(JSONParserBase.java:473)
	at net.minidev.json.parser.JSONParserBase.readObject(JSONParserBase.java:623)
	at net.minidev.json.parser.JSONParserBase.readMain(JSONParserBase.java:473)
	at net.minidev.json.parser.JSONParserBase.readArray(JSONParserBase.java:348)
	at net.minidev.json.parser.JSONParserBase.readMain(JSONParserBase.java:476)
	at net.minidev.json.parser.JSONParserBase.readObject(JSONParserBase.java:623)
	at net.minidev.json.parser.JSONParserBase.readMain(JSONParserBase.java:473)
	at net.minidev.json.parser.JSONParserBase.readObject(JSONParserBase.java:623)
	at net.minidev.json.parser.JSONParserBase.readMain(JSONParserBase.java:473)
	at net.minidev.json.parser.JSONParserBase.readArray(JSONParserBase.java:348)
	at net.minidev.json.parser.JSONParserBase.readMain(JSONParserBase.java:476)
	at net.minidev.json.parser.JSONParserBase.readObject(JSONParserBase.java:623)
	at net.minidev.json.parser.JSONParserBase.readMain(JSONParserBase.java:473)
	at net.minidev.json.parser.JSONParserBase.readObject(JSONParserBase.java:623)
	at net.minidev.json.parser.JSONParserBase.readMain(JSONParserBase.java:473)
	at net.minidev.json.parser.JSONParserBase.readArray(JSONParserBase.java:348)
	at net.minidev.json.parser.JSONParserBase.readMain(JSONParserBase.java:476)
	at net.minidev.json.parser.JSONParserBase.readObject(JSONParserBase.java:623)
	at net.minidev.json.parser.JSONParserBase.readMain(JSONParserBase.java:473)
	at net.minidev.json.parser.JSONParserBase.readObject(JSONParserBase.java:623)
	at net.minidev.json.parser.JSONParserBase.readMain(JSONParserBase.java:473)
	at net.minidev.json.parser.JSONParserBase.readArray(JSONParserBase.java:348)
	at net.minidev.json.parser.JSONParserBase.readMain(JSONParserBase.java:476)
	at net.minidev.json.parser.JSONParserBase.readObject(JSONParserBase.java:623)
	at net.minidev.json.parser.JSONParserBase.readMain(JSONParserBase.java:473)
	at net.minidev.json.parser.JSONParserBase.readObject(JSONParserBase.java:623)
	at net.minidev.json.parser.JSONParserBase.readMain(JSONParserBase.java:473)
	at net.minidev.json.parser.JSONParserBase.readArray(JSONParserBase.java:348)
	at net.minidev.json.parser.JSONParserBase.readMain(JSONParserBase.java:476)
	at net.minidev.json.parser.JSONParserBase.readObject(JSONParserBase.java:623)
	at net.minidev.json.parser.JSONParserBase.readMain(JSONParserBase.java:473)
	at net.minidev.json.parser.JSONParserBase.readObject(JSONParserBase.java:623)
	at net.minidev.json.parser.JSONParserBase.readMain(JSONParserBase.java:473)
	at net.minidev.json.parser.JSONParserBase.readArray(JSONParserBase.java:348)
	at net.minidev.json.parser.JSONParserBase.readMain(JSONParserBase.java:476)
	at net.minidev.json.parser.JSONParserBase.readObject(JSONParserBase.java:623)
	at net.minidev.json.parser.JSONParserBase.readMain(JSONParserBase.java:473)
	at net.minidev.json.parser.JSONParserBase.readObject(JSONParserBase.java:623)
	at net.minidev.json.parser.JSONParserBase.readMain(JSONParserBase.java:473)
	at net.minidev.json.parser.JSONParserBase.readArray(JSONParserBase.java:348)
	at net.minidev.json.parser.JSONParserBase.readMain(JSONParserBase.java:476)
	at net.minidev.json.parser.JSONParserBase.readObject(JSONParserBase.java:623)
	at net.minidev.json.parser.JSONParserBase.readMain(JSONParserBase.java:473)
	at net.minidev.json.parser.JSONParserBase.readObject(JSONParserBase.java:623)
	at net.minidev.json.parser.JSONParserBase.readMain(JSONParserBase.java:473)
	at net.minidev.json.parser.JSONParserBase.readArray(JSONParserBase.java:348)
	at net.minidev.json.parser.JSONParserBase.readMain(JSONParserBase.java:476)
	at net.minidev.json.parser.JSONParserBase.readObject(JSONParserBase.java:623)
	at net.minidev.json.parser.JSONParserBase.readMain(JSONParserBase.java:473)
	at net.minidev.json.parser.JSONParserBase.readObject(JSONParserBase.java:623)
	at net.minidev.json.parser.JSONParserBase.readMain(JSONParserBase.java:473)
	at net.minidev.json.parser.JSONParserBase.readArray(JSONParserBase.java:348)
	at net.minidev.json.parser.JSONParserBase.readMain(JSONParserBase.java:476)
	at net.minidev.json.parser.JSONParserBase.readObject(JSONParserBase.java:623)
	at net.minidev.json.parser.JSONParserBase.readMain(JSONParserBase.java:473)
	at net.minidev.json.parser.JSONParserBase.readObject(JSONParserBase.java:623)
	at net.minidev.json.parser.JSONParserBase.readMain(JSONParserBase.java:473)
	at net.minidev.json.parser.JSONParserBase.readArray(JSONParserBase.java:348)
	at net.minidev.json.parser.JSONParserBase.readMain(JSONParserBase.java:476)
	at net.minidev.json.parser.JSONParserBase.readObject(JSONParserBase.java:623)
	at net.minidev.json.parser.JSONParserBase.readMain(JSONParserBase.java:473)
	at net.minidev.json.parser.JSONParserBase.readObject(JSONParserBase.java:623)
	at net.minidev.json.parser.JSONParserBase.readMain(JSONParserBase.java:473)
	at net.minidev.json.parser.JSONParserBase.readArray(JSONParserBase.java:348)
	at net.minidev.json.parser.JSONParserBase.readMain(JSONParserBase.java:476)
	at net.minidev.json.parser.JSONParserBase.readObject(JSONParserBase.java:623)
	at net.minidev.json.parser.JSONParserBase.readMain(JSONParserBase.java:473)
	at net.minidev.json.parser.JSONParserBase.readObject(JSONParserBase.java:623)
	at net.minidev.json.parser.JSONParserBase.readMain(JSONParserBase.java:473)
	at net.minidev.json.parser.JSONParserBase.readArray(JSONParserBase.java:348)
	at net.minidev.json.parser.JSONParserBase.readMain(JSONParserBase.java:476)
	at net.minidev.json.parser.JSONParserBase.readObject(JSONParserBase.java:623)
	at net.minidev.json.parser.JSONParserBase.readMain(JSONParserBase.java:473)
	at net.minidev.json.parser.JSONParserBase.readObject(JSONParserBase.java:623)
	at net.minidev.json.parser.JSONParserBase.readMain(JSONParserBase.java:473)
	at net.minidev.json.parser.JSONParserBase.readArray(JSONParserBase.java:348)
	at net.minidev.json.parser.JSONParserBase.readMain(JSONParserBase.java:476)
	at net.minidev.json.parser.JSONParserBase.readObject(JSONParserBase.java:623)
	at net.minidev.json.parser.JSONParserBase.readMain(JSONParserBase.java:473)
	at net.minidev.json.parser.JSONParserBase.readObject(JSONParserBase.java:623)
	at net.minidev.json.parser.JSONParserBase.readMain(JSONParserBase.java:473)
	at net.minidev.json.parser.JSONParserBase.readArray(JSONParserBase.java:348)
	at net.minidev.json.parser.JSONParserBase.readMain(JSONParserBase.java:476)
	at net.minidev.json.parser.JSONParserBase.readObject(JSONParserBase.java:623)
	at net.minidev.json.parser.JSONParserBase.readMain(JSONParserBase.java:473)
	at net.minidev.json.parser.JSONParserBase.readObject(JSONParserBase.java:623)
	at net.minidev.json.parser.JSONParserBase.readMain(JSONParserBase.java:473)
	at net.minidev.json.parser.JSONParserBase.readArray(JSONParserBase.java:348)
	at net.minidev.json.parser.JSONParserBase.readMain(JSONParserBase.java:476)
	at net.minidev.json.parser.JSONParserBase.readObject(JSONParserBase.java:623)
	at net.minidev.json.parser.JSONParserBase.readMain(JSONParserBase.java:473)
	at net.minidev.json.parser.JSONParserBase.readObject(JSONParserBase.java:623)
	at net.minidev.json.parser.JSONParserBase.readMain(JSONParserBase.java:473)
	at net.minidev.json.parser.JSONParserBase.readArray(JSONParserBase.java:348)
	at net.minidev.json.parser.JSONParserBase.readMain(JSONParserBase.java:476)
	at net.minidev.json.parser.JSONParserBase.readObject(JSONParserBase.java:623)
	at net.minidev.json.parser.JSONParserBase.readMain(JSONParserBase.java:473)
	at net.minidev.json.parser.JSONParserBase.readObject(JSONParserBase.java:623)
	at net.minidev.json.parser.JSONParserBase.readMain(JSONParserBase.java:473)
	at net.minidev.json.parser.JSONParserBase.readArray(JSONParserBase.java:348)
	at net.minidev.json.parser.JSONParserBase.readMain(JSONParserBase.java:476)
	at net.minidev.json.parser.JSONParserBase.readObject(JSONParserBase.java:623)
	at net.minidev.json.parser.JSONParserBase.readMain(JSONParserBase.java:473)
	at net.minidev.json.parser.JSONParserBase.readObject(JSONParserBase.java:623)
	at net.minidev.json.parser.JSONParserBase.readMain(JSONParserBase.java:473)
	at net.minidev.json.parser.JSONParserBase.readArray(JSONParserBase.java:348)
	at net.minidev.json.parser.JSONParserBase.readMain(JSONParserBase.java:476)
	at net.minidev.json.parser.JSONParserBase.readObject(JSONParserBase.java:623)
	at net.minidev.json.parser.JSONParserBase.readMain(JSONParserBase.java:473)
	at net.minidev.json.parser.JSONParserBase.readObject(JSONParserBase.java:623)
	at net.minidev.json.parser.JSONParserBase.readMain(JSONParserBase.java:473)
	at net.minidev.json.parser.JSONParserBase.readArray(JSONParserBase.java:348)
	at net.minidev.json.parser.JSONParserBase.readMain(JSONParserBase.java:476)
	at net.minidev.json.parser.JSONParserBase.readObject(JSONParserBase.java:623)
	at net.minidev.json.parser.JSONParserBase.readMain(JSONParserBase.java:473)
	at net.minidev.json.parser.JSONParserBase.readObject(JSONParserBase.java:623)
	at net.minidev.json.parser.JSONParserBase.readMain(JSONParserBase.java:473)
	at net.minidev.json.parser.JSONParserBase.readArray(JSONParserBase.java:348)
	at net.minidev.json.parser.JSONParserBase.readMain(JSONParserBase.java:476)
	at net.minidev.json.parser.JSONParserBase.readObject(JSONParserBase.java:623)
	at net.minidev.json.parser.JSONParserBase.readMain(JSONParserBase.java:473)
	at net.minidev.json.parser.JSONParserBase.readObject(JSONParserBase.java:623)
	at net.minidev.json.parser.JSONParserBase.readMain(JSONParserBase.java:473)
	at net.minidev.json.parser.JSONParserBase.readArray(JSONParserBase.java:348)
	at net.minidev.json.parser.JSONParserBase.readMain(JSONParserBase.java:476)
	at net.minidev.json.parser.JSONParserBase.readObject(JSONParserBase.java:623)
	at net.minidev.json.parser.JSONParserBase.readMain(JSONParserBase.java:473)
	at net.minidev.json.parser.JSONParserBase.readObject(JSONParserBase.java:623)
	at net.minidev.json.parser.JSONParserBase.readFirst(JSONParserBase.java:376)
	at net.minidev.json.parser.JSONParserBase.parseInner(JSONParserBase.java:233)
	at net.minidev.json.parser.JSONParserBase.parse(JSONParserBase.java:211)
	at net.minidev.json.parser.JSONParserString.parse(JSONParserString.java:65)
	at net.minidev.json.parser.JSONParser.parse(JSONParser.java:311)
	at com.jayway.jsonpath.spi.json.JsonSmartJsonProvider.parse(JsonSmartJsonProvider.java:62)
	... 6 more

[INFO] 
[INFO] Results:
[INFO] 
[ERROR] Failures: 
[ERROR]   MallprojectApplicationTests.testCreateItem:166 No value at JSON path "$.itemName"
[ERROR]   MallprojectApplicationTests.testGetShopsByMall:125 No value at JSON path "$[0].shopName"
[INFO] 
[ERROR] Tests run: 9, Failures: 2, Errors: 0, Skipped: 0
[INFO] 
[INFO] ------------------------------------------------------------------------
[INFO] BUILD FAILURE
[INFO] ------------------------------------------------------------------------
[INFO] Total time:  15.255 s
[INFO] Finished at: 2026-01-18T19:07:07+05:30
[INFO] ------------------------------------------------------------------------
[ERROR] Failed to execute goal org.apache.maven.plugins:maven-surefire-plugin:3.5.4:test (default-test) on project mallproject: There are test failures.
[ERROR] 
[ERROR] See D:\PROGRAMMING\TNSIF BACKEND\Java Project\MallProject\mallproject\target\surefire-reports for the individual test results.
[ERROR] See dump files (if any exist) [date].dump, [date]-jvmRun[N].dump and [date].dumpstream.
[ERROR] -> [Help 1]
[ERROR] 
[ERROR] To see the full stack trace of the errors, re-run Maven with the -e switch.
[ERROR] Re-run Maven using the -X switch to enable full debug logging.
[ERROR] 
[ERROR] For more information about the errors and possible solutions, please read the following articles:
[ERROR] [Help 1] http://cwiki.apache.org/confluence/display/MAVEN/MojoFailureException
